Archive member included to satisfy reference by file (symbol)

C:/ST/STM32CubeIDE_1.12.1/STM32CubeIDE/plugins/com.st.stm32cube.ide.mcu.externaltools.gnu-tools-for-stm32.12.3.rel1.win32_1.0.200.202406191623/tools/bin/../lib/gcc/arm-none-eabi/12.3.1/../../../../arm-none-eabi/lib/thumb/v7e-m+fp/hard\libc_nano.a(libc_a-exit.o)
                              C:/ST/STM32CubeIDE_1.12.1/STM32CubeIDE/plugins/com.st.stm32cube.ide.mcu.externaltools.gnu-tools-for-stm32.12.3.rel1.win32_1.0.200.202406191623/tools/bin/../lib/gcc/arm-none-eabi/12.3.1/../../../../arm-none-eabi/lib/thumb/v7e-m+fp/hard/crt0.o (exit)
C:/ST/STM32CubeIDE_1.12.1/STM32CubeIDE/plugins/com.st.stm32cube.ide.mcu.externaltools.gnu-tools-for-stm32.12.3.rel1.win32_1.0.200.202406191623/tools/bin/../lib/gcc/arm-none-eabi/12.3.1/../../../../arm-none-eabi/lib/thumb/v7e-m+fp/hard\libc_nano.a(libc_a-findfp.o)
                              ./Middlewares/FreeRTOS/tasks.o (__sf)
C:/ST/STM32CubeIDE_1.12.1/STM32CubeIDE/plugins/com.st.stm32cube.ide.mcu.externaltools.gnu-tools-for-stm32.12.3.rel1.win32_1.0.200.202406191623/tools/bin/../lib/gcc/arm-none-eabi/12.3.1/../../../../arm-none-eabi/lib/thumb/v7e-m+fp/hard\libc_nano.a(libc_a-fwalk.o)
                              C:/ST/STM32CubeIDE_1.12.1/STM32CubeIDE/plugins/com.st.stm32cube.ide.mcu.externaltools.gnu-tools-for-stm32.12.3.rel1.win32_1.0.200.202406191623/tools/bin/../lib/gcc/arm-none-eabi/12.3.1/../../../../arm-none-eabi/lib/thumb/v7e-m+fp/hard\libc_nano.a(libc_a-findfp.o) (_fwalk_sglue)
C:/ST/STM32CubeIDE_1.12.1/STM32CubeIDE/plugins/com.st.stm32cube.ide.mcu.externaltools.gnu-tools-for-stm32.12.3.rel1.win32_1.0.200.202406191623/tools/bin/../lib/gcc/arm-none-eabi/12.3.1/../../../../arm-none-eabi/lib/thumb/v7e-m+fp/hard\libc_nano.a(libc_a-stdio.o)
                              C:/ST/STM32CubeIDE_1.12.1/STM32CubeIDE/plugins/com.st.stm32cube.ide.mcu.externaltools.gnu-tools-for-stm32.12.3.rel1.win32_1.0.200.202406191623/tools/bin/../lib/gcc/arm-none-eabi/12.3.1/../../../../arm-none-eabi/lib/thumb/v7e-m+fp/hard\libc_nano.a(libc_a-findfp.o) (__sread)
C:/ST/STM32CubeIDE_1.12.1/STM32CubeIDE/plugins/com.st.stm32cube.ide.mcu.externaltools.gnu-tools-for-stm32.12.3.rel1.win32_1.0.200.202406191623/tools/bin/../lib/gcc/arm-none-eabi/12.3.1/../../../../arm-none-eabi/lib/thumb/v7e-m+fp/hard\libc_nano.a(libc_a-memset.o)
                              C:/ST/STM32CubeIDE_1.12.1/STM32CubeIDE/plugins/com.st.stm32cube.ide.mcu.externaltools.gnu-tools-for-stm32.12.3.rel1.win32_1.0.200.202406191623/tools/bin/../lib/gcc/arm-none-eabi/12.3.1/../../../../arm-none-eabi/lib/thumb/v7e-m+fp/hard/crt0.o (memset)
C:/ST/STM32CubeIDE_1.12.1/STM32CubeIDE/plugins/com.st.stm32cube.ide.mcu.externaltools.gnu-tools-for-stm32.12.3.rel1.win32_1.0.200.202406191623/tools/bin/../lib/gcc/arm-none-eabi/12.3.1/../../../../arm-none-eabi/lib/thumb/v7e-m+fp/hard\libc_nano.a(libc_a-closer.o)
                              C:/ST/STM32CubeIDE_1.12.1/STM32CubeIDE/plugins/com.st.stm32cube.ide.mcu.externaltools.gnu-tools-for-stm32.12.3.rel1.win32_1.0.200.202406191623/tools/bin/../lib/gcc/arm-none-eabi/12.3.1/../../../../arm-none-eabi/lib/thumb/v7e-m+fp/hard\libc_nano.a(libc_a-stdio.o) (_close_r)
C:/ST/STM32CubeIDE_1.12.1/STM32CubeIDE/plugins/com.st.stm32cube.ide.mcu.externaltools.gnu-tools-for-stm32.12.3.rel1.win32_1.0.200.202406191623/tools/bin/../lib/gcc/arm-none-eabi/12.3.1/../../../../arm-none-eabi/lib/thumb/v7e-m+fp/hard\libc_nano.a(libc_a-reent.o)
                              ./Middlewares/FreeRTOS/tasks.o (_reclaim_reent)
C:/ST/STM32CubeIDE_1.12.1/STM32CubeIDE/plugins/com.st.stm32cube.ide.mcu.externaltools.gnu-tools-for-stm32.12.3.rel1.win32_1.0.200.202406191623/tools/bin/../lib/gcc/arm-none-eabi/12.3.1/../../../../arm-none-eabi/lib/thumb/v7e-m+fp/hard\libc_nano.a(libc_a-impure.o)
                              ./Middlewares/FreeRTOS/tasks.o (_impure_ptr)
C:/ST/STM32CubeIDE_1.12.1/STM32CubeIDE/plugins/com.st.stm32cube.ide.mcu.externaltools.gnu-tools-for-stm32.12.3.rel1.win32_1.0.200.202406191623/tools/bin/../lib/gcc/arm-none-eabi/12.3.1/../../../../arm-none-eabi/lib/thumb/v7e-m+fp/hard\libc_nano.a(libc_a-lseekr.o)
                              C:/ST/STM32CubeIDE_1.12.1/STM32CubeIDE/plugins/com.st.stm32cube.ide.mcu.externaltools.gnu-tools-for-stm32.12.3.rel1.win32_1.0.200.202406191623/tools/bin/../lib/gcc/arm-none-eabi/12.3.1/../../../../arm-none-eabi/lib/thumb/v7e-m+fp/hard\libc_nano.a(libc_a-stdio.o) (_lseek_r)
C:/ST/STM32CubeIDE_1.12.1/STM32CubeIDE/plugins/com.st.stm32cube.ide.mcu.externaltools.gnu-tools-for-stm32.12.3.rel1.win32_1.0.200.202406191623/tools/bin/../lib/gcc/arm-none-eabi/12.3.1/../../../../arm-none-eabi/lib/thumb/v7e-m+fp/hard\libc_nano.a(libc_a-readr.o)
[...]
Memory Configuration

Name             Origin             Length             Attributes
RAM              0x20000000         0x00020000         xrw
FLASH            0x08000000         0x00080000         xr
*default*        0x00000000         0xffffffff

Linker script and memory map

LOAD C:/ST/STM32CubeIDE_1.12.1/STM32CubeIDE/plugins/com.st.stm32cube.ide.mcu.externaltools.gnu-tools-for-stm32.12.3.rel1.win32_1.0.200.202406191623/tools/bin/../lib/gcc/arm-none-eabi/12.3.1/thumb/v7e-m+fp/hard/crti.o
LOAD C:/ST/STM32CubeIDE_1.12.1/STM32CubeIDE/plugins/com.st.stm32cube.ide.mcu.externaltools.gnu-tools-for-stm32.12.3.rel1.win32_1.0.200.202406191623/tools/bin/../lib/gcc/arm-none-eabi/12.3.1/thumb/v7e-m+fp/hard/crtbegin.o
LOAD C:/ST/STM32CubeIDE_1.12.1/STM32CubeIDE/plugins/com.st.stm32cube.ide.mcu.externaltools.gnu-tools-for-stm32.12.3.rel1.win32_1.0.200.202406191623/tools/bin/../lib/gcc/arm-none-eabi/12.3.1/../../../../arm-none-eabi/lib/thumb/v7e-m+fp/hard/crt0.o
LOAD ./Application/BootAndShutDown/SleepAndWake.o
LOAD ./Application/Hardware/brake_and_throttle.o
LOAD ./Application/Hardware/tail_light.o
LOAD ./Application/MainTask/PROTOCOL_HANDLER.o
LOAD ./Application/MainTask/drive_tasks.o
LOAD ./Application/Safety_Protection/ERROR_REPORT.o
LOAD ./Application/Startup/startup_stm32f446retx.o
LOAD ./Application/User/freertos.o
LOAD ./Application/User/main.o
LOAD ./Application/User/mc_api.o
LOAD ./Application/User/mc_config.o
LOAD ./Application/User/mc_interface.o
LOAD ./Application/User/mc_math.o
LOAD ./Application/User/mc_parameters.o
LOAD ./Application/User/mc_tasks.o
LOAD ./Application/User/motor_control_protocol.o
LOAD ./Application/User/motorcontrol.o
LOAD ./Application/User/regular_conversion_manager.o
LOAD ./Application/User/stm32f4xx_hal_msp.o
LOAD ./Application/User/stm32f4xx_hal_timebase_tim.o
LOAD ./Application/User/stm32f4xx_it.o
LOAD ./Application/User/stm32f4xx_mc_it.o
LOAD ./Application/User/syscalls.o
LOAD ./Application/User/sysmem.o
LOAD ./Application/User/ui_task.o
LOAD ./Application/User/user_interface.o
LOAD ./Drivers/CMSIS/system_stm32f4xx.o
LOAD ./Drivers/STM32F4xx_HAL_Driver/stm32f4xx_hal.o
LOAD ./Drivers/STM32F4xx_HAL_Driver/stm32f4xx_hal_adc.o
LOAD ./Drivers/STM32F4xx_HAL_Driver/stm32f4xx_hal_adc_ex.o
LOAD ./Drivers/STM32F4xx_HAL_Driver/stm32f4xx_hal_cortex.o
LOAD ./Drivers/STM32F4xx_HAL_Driver/stm32f4xx_hal_dma.o
LOAD ./Drivers/STM32F4xx_HAL_Driver/stm32f4xx_hal_dma_ex.o
LOAD ./Drivers/STM32F4xx_HAL_Driver/stm32f4xx_hal_exti.o
LOAD ./Drivers/STM32F4xx_HAL_Driver/stm32f4xx_hal_flash.o
LOAD ./Drivers/STM32F4xx_HAL_Driver/stm32f4xx_hal_flash_ex.o
LOAD ./Drivers/STM32F4xx_HAL_Driver/stm32f4xx_hal_flash_ramfunc.o
LOAD ./Drivers/STM32F4xx_HAL_Driver/stm32f4xx_hal_gpio.o
LOAD ./Drivers/STM32F4xx_HAL_Driver/stm32f4xx_hal_pwr.o
LOAD ./Drivers/STM32F4xx_HAL_Driver/stm32f4xx_hal_pwr_ex.o
LOAD ./Drivers/STM32F4xx_HAL_Driver/stm32f4xx_hal_rcc.o
LOAD ./Drivers/STM32F4xx_HAL_Driver/stm32f4xx_hal_rcc_ex.o
LOAD ./Drivers/STM32F4xx_HAL_Driver/stm32f4xx_hal_tim.o
LOAD ./Drivers/STM32F4xx_HAL_Driver/stm32f4xx_hal_tim_ex.o
LOAD ./Drivers/STM32F4xx_HAL_Driver/stm32f4xx_hal_uart.o
LOAD ./Drivers/STM32F4xx_HAL_Driver/stm32f4xx_ll_adc.o
LOAD ./Middlewares/FreeRTOS/cmsis_os.o
LOAD ./Middlewares/FreeRTOS/croutine.o
LOAD ./Middlewares/FreeRTOS/event_groups.o
LOAD ./Middlewares/FreeRTOS/heap_4.o
LOAD ./Middlewares/FreeRTOS/list.o
LOAD ./Middlewares/FreeRTOS/port.o
LOAD ./Middlewares/FreeRTOS/queue.o
LOAD ./Middlewares/FreeRTOS/stream_buffer.o
LOAD ./Middlewares/FreeRTOS/tasks.o
LOAD ./Middlewares/FreeRTOS/timers.o
LOAD ./Middlewares/MotorControl/bus_voltage_sensor.o
LOAD ./Middlewares/MotorControl/circle_limitation.o
LOAD ./Middlewares/MotorControl/digital_output.o
LOAD ./Middlewares/MotorControl/frame_communication_protocol.o
LOAD ./Middlewares/MotorControl/hall_speed_pos_fdbk.o
LOAD ./Middlewares/MotorControl/ics_f4xx_pwm_curr_fdbk.o
LOAD ./Middlewares/MotorControl/motor_power_measurement.o
LOAD ./Middlewares/MotorControl/ntc_temperature_sensor.o
LOAD ./Middlewares/MotorControl/open_loop.o
LOAD ./Middlewares/MotorControl/pid_regulator.o
LOAD ./Middlewares/MotorControl/pqd_motor_power_measurement.o
LOAD ./Middlewares/MotorControl/pwm_common.o
LOAD ./Middlewares/MotorControl/pwm_curr_fdbk.o
LOAD ./Middlewares/MotorControl/r_divider_bus_voltage_sensor.o
LOAD ./Middlewares/MotorControl/ramp_ext_mngr.o
LOAD ./Middlewares/MotorControl/revup_ctrl.o
LOAD ./Middlewares/MotorControl/speed_pos_fdbk.o
LOAD ./Middlewares/MotorControl/speed_torq_ctrl.o
LOAD ./Middlewares/MotorControl/state_machine.o
LOAD ./Middlewares/MotorControl/ui_irq_handler.o
LOAD ./Middlewares/MotorControl/usart_frame_communication_protocol.o
LOAD ./Middlewares/MotorControl/virtual_speed_sensor.o
LOAD ./UDHAL/UDHAL_GPIO.o
LOAD ./UDHAL/UDHAL_MOTOR.o
LOAD ./UDHAL/UDHAL_POWERMODE.o
LOAD ./UDHAL/UDHAL_SYSCLK.o
LOAD ./UDHAL/UDHAL_TIMEOUT.o
LOAD ./UDHAL/UDHAL_UART.o
START GROUP
LOAD C:/ST/STM32CubeIDE_1.12.1/STM32CubeIDE/plugins/com.st.stm32cube.ide.mcu.externaltools.gnu-tools-for-stm32.12.3.rel1.win32_1.0.200.202406191623/tools/bin/../lib/gcc/arm-none-eabi/12.3.1/../../../../arm-none-eabi/lib/thumb/v7e-m+fp/hard\libc_nano.a
LOAD C:/ST/STM32CubeIDE_1.12.1/STM32CubeIDE/plugins/com.st.stm32cube.ide.mcu.externaltools.gnu-tools-for-stm32.12.3.rel1.win32_1.0.200.202406191623/tools/bin/../lib/gcc/arm-none-eabi/12.3.1/../../../../arm-none-eabi/lib/thumb/v7e-m+fp/hard\libm.a
END GROUP
START GROUP
LOAD C:/ST/STM32CubeIDE_1.12.1/STM32CubeIDE/plugins/com.st.stm32cube.ide.mcu.externaltools.gnu-tools-for-stm32.12.3.rel1.win32_1.0.200.202406191623/tools/bin/../lib/gcc/arm-none-eabi/12.3.1/thumb/v7e-m+fp/hard\libgcc.a
LOAD C:/ST/STM32CubeIDE_1.12.1/STM32CubeIDE/plugins/com.st.stm32cube.ide.mcu.externaltools.gnu-tools-for-stm32.12.3.rel1.win32_1.0.200.202406191623/tools/bin/../lib/gcc/arm-none-eabi/12.3.1/../../../../arm-none-eabi/lib/thumb/v7e-m+fp/hard\libc_nano.a
END GROUP
START GROUP
LOAD C:/ST/STM32CubeIDE_1.12.1/STM32CubeIDE/plugins/com.st.stm32cube.ide.mcu.externaltools.gnu-tools-for-stm32.12.3.rel1.win32_1.0.200.202406191623/tools/bin/../lib/gcc/arm-none-eabi/12.3.1/thumb/v7e-m+fp/hard\libgcc.a
LOAD C:/ST/STM32CubeIDE_1.12.1/STM32CubeIDE/plugins/com.st.stm32cube.ide.mcu.externaltools.gnu-tools-for-stm32.12.3.rel1.win32_1.0.200.202406191623/tools/bin/../lib/gcc/arm-none-eabi/12.3.1/../../../../arm-none-eabi/lib/thumb/v7e-m+fp/hard\libc_nano.a
LOAD C:/ST/STM32CubeIDE_1.12.1/STM32CubeIDE/plugins/com.st.stm32cube.ide.mcu.externaltools.gnu-tools-for-stm32.12.3.rel1.win32_1.0.200.202406191623/tools/bin/../lib/gcc/arm-none-eabi/12.3.1/../../../../arm-none-eabi/lib/thumb/v7e-m+fp/hard\libnosys.a
END GROUP
START GROUP
LOAD C:/ST/STM32CubeIDE_1.12.1/STM32CubeIDE/plugins/com.st.stm32cube.ide.mcu.externaltools.gnu-tools-for-stm32.12.3.rel1.win32_1.0.200.202406191623/tools/bin/../lib/gcc/arm-none-eabi/12.3.1/thumb/v7e-m+fp/hard\libgcc.a
LOAD C:/ST/STM32CubeIDE_1.12.1/STM32CubeIDE/plugins/com.st.stm32cube.ide.mcu.externaltools.gnu-tools-for-stm32.12.3.rel1.win32_1.0.200.202406191623/tools/bin/../lib/gcc/arm-none-eabi/12.3.1/../../../../arm-none-eabi/lib/thumb/v7e-m+fp/hard\libc_nano.a
LOAD C:/ST/STM32CubeIDE_1.12.1/STM32CubeIDE/plugins/com.st.stm32cube.ide.mcu.externaltools.gnu-tools-for-stm32.12.3.rel1.win32_1.0.200.202406191623/tools/bin/../lib/gcc/arm-none-eabi/12.3.1/../../../../arm-none-eabi/lib/thumb/v7e-m+fp/hard\libnosys.a
END GROUP
LOAD C:/ST/STM32CubeIDE_1.12.1/STM32CubeIDE/plugins/com.st.stm32cube.ide.mcu.externaltools.gnu-tools-for-stm32.12.3.rel1.win32_1.0.200.202406191623/tools/bin/../lib/gcc/arm-none-eabi/12.3.1/thumb/v7e-m+fp/hard/crtend.o
LOAD C:/ST/STM32CubeIDE_1.12.1/STM32CubeIDE/plugins/com.st.stm32cube.ide.mcu.externaltools.gnu-tools-for-stm32.12.3.rel1.win32_1.0.200.202406191623/tools/bin/../lib/gcc/arm-none-eabi/12.3.1/thumb/v7e-m+fp/hard/crtn.o
                0x20020000                        _estack = (ORIGIN (RAM) + LENGTH (RAM))
                0x00000200                        _Min_Heap_Size = 0x200
                0x00000400                        _Min_Stack_Size = 0x400

.isr_vector     0x08000000      0x1c4
                0x08000000                        . = ALIGN (0x4)
 *(.isr_vector)
 .isr_vector    0x08000000      0x1c4 ./Application/Startup/startup_stm32f446retx.o
                0x08000000                g_pfnVectors
                0x080001c4                        . = ALIGN (0x4)

.text           0x080001d0     0x7174
                0x080001d0                        . = ALIGN (0x4)
 *(.text)
 .text          0x080001d0       0x40 C:/ST/STM32CubeIDE_1.12.1/STM32CubeIDE/plugins/com.st.stm32cube.ide.mcu.externaltools.gnu-tools-for-stm32.12.3.rel1.win32_1.0.200.202406191623/tools/bin/../lib/gcc/arm-none-eabi/12.3.1/thumb/v7e-m+fp/hard/crtbegin.o
 .text          0x08000210       0x30 C:/ST/STM32CubeIDE_1.12.1/STM32CubeIDE/plugins/com.st.stm32cube.ide.mcu.externaltools.gnu-tools-for-stm32.12.3.rel1.win32_1.0.200.202406191623/tools/bin/../lib/gcc/arm-none-eabi/12.3.1/thumb/v7e-m+fp/hard\libgcc.a(_aeabi_uldivmod.o)
                0x08000210                __aeabi_uldivmod
 .text          0x08000240      0x2bc C:/ST/STM32CubeIDE_1.12.1/STM32CubeIDE/plugins/com.st.stm32cube.ide.mcu.externaltools.gnu-tools-for-stm32.12.3.rel1.win32_1.0.200.202406191623/tools/bin/../lib/gcc/arm-none-eabi/12.3.1/thumb/v7e-m+fp/hard\libgcc.a(_udivmoddi4.o)
                0x08000240                __udivmoddi4
 .text          0x080004fc        0x4 C:/ST/STM32CubeIDE_1.12.1/STM32CubeIDE/plugins/com.st.stm32cube.ide.mcu.externaltools.gnu-tools-for-stm32.12.3.rel1.win32_1.0.200.202406191623/tools/bin/../lib/gcc/arm-none-eabi/12.3.1/thumb/v7e-m+fp/hard\libgcc.a(_dvmd_tls.o)
                0x080004fc                __aeabi_idiv0
                0x080004fc                __aeabi_ldiv0
 *(.text*)
 .text.Reset_Handler
                0x08000500       0x50 ./Application/Startup/startup_stm32f446retx.o
                0x08000500                Reset_Handler
 .text.Default_Handler
                0x08000550        0x2 ./Application/Startup/startup_stm32f446retx.o
                0x08000550                RTC_Alarm_IRQHandler
                0x08000550                EXTI2_IRQHandler
                0x08000550                TIM8_CC_IRQHandler
                0x08000550                DebugMon_Handler
                0x08000550                FMPI2C1_EV_IRQHandler
                0x08000550                SPI4_IRQHandler
                0x08000550                TIM1_CC_IRQHandler
                0x08000550                DMA2_Stream5_IRQHandler
                0x08000550                DMA1_Stream5_IRQHandler
                0x08000550                PVD_IRQHandler
                0x08000550                SDIO_IRQHandler
                0x08000550                TAMP_STAMP_IRQHandler
                0x08000550                NMI_Handler
                0x08000550                CAN2_RX1_IRQHandler
                0x08000550                EXTI3_IRQHandler
                0x08000550                TIM8_TRG_COM_TIM14_IRQHandler
                0x08000550                TIM8_UP_TIM13_IRQHandler
                0x08000550                I2C3_ER_IRQHandler
                0x08000550                EXTI0_IRQHandler
                0x08000550                I2C2_EV_IRQHandler
                0x08000550                DMA1_Stream2_IRQHandler
                0x08000550                CAN1_RX0_IRQHandler
                0x08000550                FPU_IRQHandler
                0x08000550                OTG_HS_WKUP_IRQHandler
                0x08000550                UsageFault_Handler
                0x08000550                CAN2_SCE_IRQHandler
                0x08000550                DMA2_Stream2_IRQHandler
                0x08000550                SPI1_IRQHandler
                0x08000550                DCMI_IRQHandler
                0x08000550                CAN2_RX0_IRQHandler
                0x08000550                DMA2_Stream3_IRQHandler
                0x08000550                SAI2_IRQHandler
                0x08000550                USART6_IRQHandler
                0x08000550                USART3_IRQHandler
                0x08000550                CAN1_RX1_IRQHandler
                0x08000550                UART5_IRQHandler
                0x08000550                DMA2_Stream0_IRQHandler
                0x08000550                TIM4_IRQHandler
                0x08000550                QUADSPI_IRQHandler
                0x08000550                I2C1_EV_IRQHandler
                0x08000550                DMA1_Stream6_IRQHandler
                0x08000550                DMA1_Stream1_IRQHandler
                0x08000550                UART4_IRQHandler
                0x08000550                TIM3_IRQHandler
                0x08000550                RCC_IRQHandler
                0x08000550                TIM8_BRK_TIM12_IRQHandler
                0x08000550                Default_Handler
                0x08000550                CEC_IRQHandler
                0x08000550                EXTI15_10_IRQHandler
                0x08000550                DMA1_Stream7_IRQHandler
                0x08000550                TIM7_IRQHandler
                0x08000550                CAN2_TX_IRQHandler
                0x08000550                TIM5_IRQHandler
                0x08000550                DMA2_Stream7_IRQHandler
                0x08000550                I2C3_EV_IRQHandler
                0x08000550                EXTI9_5_IRQHandler
                0x08000550                RTC_WKUP_IRQHandler
                0x08000550                SPDIF_RX_IRQHandler
                0x08000550                SPI2_IRQHandler
                0x08000550                OTG_HS_EP1_IN_IRQHandler
                0x08000550                MemManage_Handler
                0x08000550                DMA1_Stream0_IRQHandler
                0x08000550                CAN1_TX_IRQHandler
                0x08000550                FMPI2C1_ER_IRQHandler
                0x08000550                EXTI4_IRQHandler
                0x08000550                OTG_HS_EP1_OUT_IRQHandler
                0x08000550                WWDG_IRQHandler
                0x08000550                OTG_FS_WKUP_IRQHandler
                0x08000550                TIM1_TRG_COM_TIM11_IRQHandler
                0x08000550                OTG_HS_IRQHandler
                0x08000550                EXTI1_IRQHandler
                0x08000550                USART2_IRQHandler
                0x08000550                I2C2_ER_IRQHandler
                0x08000550                DMA2_Stream1_IRQHandler
                0x08000550                CAN1_SCE_IRQHandler
                0x08000550                FLASH_IRQHandler
                0x08000550                DMA2_Stream4_IRQHandler
                0x08000550                BusFault_Handler
                0x08000550                OTG_FS_IRQHandler
                0x08000550                SPI3_IRQHandler
                0x08000550                DMA1_Stream4_IRQHandler
                0x08000550                I2C1_ER_IRQHandler
                0x08000550                FMC_IRQHandler
                0x08000550                DMA2_Stream6_IRQHandler
                0x08000550                SAI1_IRQHandler
                0x08000550                DMA1_Stream3_IRQHandler
 *fill*         0x08000552        0x2 
 .text.vApplicationGetIdleTaskMemory
                0x08000554       0x1c ./Application/User/freertos.o
                0x08000554                vApplicationGetIdleTaskMemory
 .text.startup.main
                0x08000570      0x370 ./Application/User/main.o
                0x08000570                main
 .text.HAL_TIM_PeriodElapsedCallback
                0x080008e0       0x14 ./Application/User/main.o
                0x080008e0                HAL_TIM_PeriodElapsedCallback
 .text.Error_Handler
                0x080008f4        0x4 ./Application/User/main.o
                0x080008f4                Error_Handler
 .text.MCI_Init
                0x080008f8       0x1c ./Application/User/mc_interface.o
                0x080008f8                MCI_Init
 .text.MCI_ExecSpeedRamp
                0x08000914       0x14 ./Application/User/mc_interface.o
                0x08000914                MCI_ExecSpeedRamp
 .text.MCI_ExecTorqueRamp
                0x08000928       0x14 ./Application/User/mc_interface.o
                0x08000928                MCI_ExecTorqueRamp
 .text.MCI_SetCurrentReferences
                0x0800093c       0x14 ./Application/User/mc_interface.o
                0x0800093c                MCI_SetCurrentReferences
 .text.MCI_StartMotor
                0x08000950       0x14 ./Application/User/mc_interface.o
                0x08000950                MCI_StartMotor
 .text.MCI_StopMotor
                0x08000964        0x8 ./Application/User/mc_interface.o
                0x08000964                MCI_StopMotor
 .text.MCI_FaultAcknowledged
                0x0800096c        0x8 ./Application/User/mc_interface.o
                0x0800096c                MCI_FaultAcknowledged
 .text.MCI_EncoderAlign
                0x08000974        0x8 ./Application/User/mc_interface.o
                0x08000974                MCI_EncoderAlign
 .text.MCI_ExecBufferedCommands
                0x0800097c       0x78 ./Application/User/mc_interface.o
                0x0800097c                MCI_ExecBufferedCommands
 .text.MCI_GetSTMState
                0x080009f4        0x8 ./Application/User/mc_interface.o
                0x080009f4                MCI_GetSTMState
 .text.MCI_GetControlMode
                0x080009fc        0x4 ./Application/User/mc_interface.o
                0x080009fc                MCI_GetControlMode
 .text.MCI_GetLastRampFinalSpeed
                0x08000a00       0x10 ./Application/User/mc_interface.o
                0x08000a00                MCI_GetLastRampFinalSpeed
 .text.MCI_StopRamp
                0x08000a10        0x8 ./Application/User/mc_interface.o
                0x08000a10                MCI_StopRamp
 .text.MCI_GetAvrgMecSpeedUnit
                0x08000a18       0x10 ./Application/User/mc_interface.o
                0x08000a18                MCI_GetAvrgMecSpeedUnit
 .text.MCI_GetMecSpeedRefUnit
                0x08000a28        0x8 ./Application/User/mc_interface.o
                0x08000a28                MCI_GetMecSpeedRefUnit
 .text.MCI_GetIab
                0x08000a30       0x1c ./Application/User/mc_interface.o
                0x08000a30                MCI_GetIab
 .text.MCI_GetIalphabeta
                0x08000a4c       0x1c ./Application/User/mc_interface.o
                0x08000a4c                MCI_GetIalphabeta
 .text.MCI_GetIqd
                0x08000a68       0x1c ./Application/User/mc_interface.o
                0x08000a68                MCI_GetIqd
 .text.MCI_GetIqdref
                0x08000a84       0x1c ./Application/User/mc_interface.o
                0x08000a84                MCI_GetIqdref
 .text.MCI_GetVqd
                0x08000aa0       0x1c ./Application/User/mc_interface.o
                0x08000aa0                MCI_GetVqd
 .text.MCI_GetValphabeta
                0x08000abc       0x1c ./Application/User/mc_interface.o
                0x08000abc                MCI_GetValphabeta
 .text.MCI_GetTeref
                0x08000ad8        0x8 ./Application/User/mc_interface.o
                0x08000ad8                MCI_GetTeref
 .text.MCI_SetIdref
                0x08000ae0       0x14 ./Application/User/mc_interface.o
                0x08000ae0                MCI_SetIdref
 .text.MCI_Clear_Iqdref
                0x08000af4       0x14 ./Application/User/mc_interface.o
                0x08000af4                MCI_Clear_Iqdref
 .text.MCM_Clarke
                0x08000b08       0x54 ./Application/User/mc_math.o
                0x08000b08                MCM_Clarke
 .text.MCM_Trig_Functions
                0x08000b5c       0x98 ./Application/User/mc_math.o
                0x08000b5c                MCM_Trig_Functions
 .text.MCM_Park
                0x08000bf4       0x84 ./Application/User/mc_math.o
                0x08000bf4                MCM_Park
 .text.MCM_Rev_Park
                0x08000c78       0x3c ./Application/User/mc_math.o
                0x08000c78                MCM_Rev_Park
 .text.FOC_Clear
                0x08000cb4       0x74 ./Application/User/mc_tasks.o
                0x08000cb4                FOC_Clear
 .text.MCboot   0x08000d28      0x1d0 ./Application/User/mc_tasks.o
                0x08000d28                MCboot
 .text.FOC_InitAdditionalMethods
                0x08000ef8        0x4 ./Application/User/mc_tasks.o
                0x08000ef8                FOC_InitAdditionalMethods
 .text.FOC_CalcCurrRef
                0x08000efc       0x2c ./Application/User/mc_tasks.o
                0x08000efc                FOC_CalcCurrRef
 .text.TSK_SetChargeBootCapDelayM1
                0x08000f28        0xc ./Application/User/mc_tasks.o
                0x08000f28                TSK_SetChargeBootCapDelayM1
 .text.TSK_ChargeBootCapDelayHasElapsedM1
                0x08000f34       0x14 ./Application/User/mc_tasks.o
                0x08000f34                TSK_ChargeBootCapDelayHasElapsedM1
 .text.TSK_SetStopPermanencyTimeM1
                0x08000f48        0xc ./Application/User/mc_tasks.o
                0x08000f48                TSK_SetStopPermanencyTimeM1
 .text.TSK_StopPermanencyTimeHasElapsedM1
                0x08000f54       0x14 ./Application/User/mc_tasks.o
                0x08000f54                TSK_StopPermanencyTimeHasElapsedM1
 .text.TSK_MediumFrequencyTaskM1
                0x08000f68      0x158 ./Application/User/mc_tasks.o
                0x08000f68                TSK_MediumFrequencyTaskM1
 .text.MC_Scheduler
                0x080010c0       0x58 ./Application/User/mc_tasks.o
                0x080010c0                MC_Scheduler
 .text.MC_RunMotorControlTasks
                0x08001118       0x1c ./Application/User/mc_tasks.o
                0x08001118                MC_RunMotorControlTasks
 .text.TSK_HighFrequencyTask
                0x08001134       0xe8 ./Application/User/mc_tasks.o
                0x08001134                TSK_HighFrequencyTask
 .text.TSK_SafetyTask_PWMOFF
                0x0800121c       0x98 ./Application/User/mc_tasks.o
                0x0800121c                TSK_SafetyTask_PWMOFF
 .text.TSK_SafetyTask
                0x080012b4       0x20 ./Application/User/mc_tasks.o
                0x080012b4                TSK_SafetyTask
 .text.TSK_HardwareFaultTask
                0x080012d4       0x20 ./Application/User/mc_tasks.o
                0x080012d4                TSK_HardwareFaultTask
 .text.startMediumFrequencyTask
                0x080012f4       0x10 ./Application/User/mc_tasks.o
                0x080012f4                startMediumFrequencyTask
 .text.StartSafetyTask
                0x08001304       0x10 ./Application/User/mc_tasks.o
                0x08001304                StartSafetyTask
 .text.mc_lock_pins
                0x08001314      0x10c ./Application/User/mc_tasks.o
                0x08001314                mc_lock_pins
 .text.MCP_ReceivedFrame
                0x08001420      0x5d8 ./Application/User/motor_control_protocol.o
                0x08001420                MCP_ReceivedFrame
 .text.MCP_WaitNextFrame
                0x080019f8       0x1c ./Application/User/motor_control_protocol.o
                0x080019f8                MCP_WaitNextFrame
 .text.MCP_Init
                0x08001a14       0x40 ./Application/User/motor_control_protocol.o
                0x08001a14                MCP_Init
 .text.MCP_OnTimeOut
                0x08001a54        0x8 ./Application/User/motor_control_protocol.o
                0x08001a54                MCP_OnTimeOut
 .text.MCP_SentFrame
                0x08001a5c        0x8 ./Application/User/motor_control_protocol.o
                0x08001a5c                MCP_SentFrame
 .text.MX_MotorControl_Init
                0x08001a64       0x38 ./Application/User/motorcontrol.o
                0x08001a64                MX_MotorControl_Init
 .text.vPortSetupTimerInterrupt
                0x08001a9c       0x1c ./Application/User/motorcontrol.o
                0x08001a9c                vPortSetupTimerInterrupt
 .text.RCM_RegisterRegConv
                0x08001ab8      0x1b4 ./Application/User/regular_conversion_manager.o
                0x08001ab8                RCM_RegisterRegConv
 .text.RCM_ExecRegularConv
                0x08001c6c       0x68 ./Application/User/regular_conversion_manager.o
                0x08001c6c                RCM_ExecRegularConv
 .text.RCM_ExecUserConv
                0x08001cd4       0x4c ./Application/User/regular_conversion_manager.o
                0x08001cd4                RCM_ExecUserConv
 .text.HAL_MspInit
                0x08001d20       0x40 ./Application/User/stm32f4xx_hal_msp.o
                0x08001d20                HAL_MspInit
 .text.HAL_ADC_MspInit
                0x08001d60      0x110 ./Application/User/stm32f4xx_hal_msp.o
                0x08001d60                HAL_ADC_MspInit
 .text.HAL_TIM_Base_MspInit
                0x08001e70       0x9c ./Application/User/stm32f4xx_hal_msp.o
                0x08001e70                HAL_TIM_Base_MspInit
 .text.HAL_TIM_MspPostInit
                0x08001f0c       0x8c ./Application/User/stm32f4xx_hal_msp.o
                0x08001f0c                HAL_TIM_MspPostInit
 .text.HAL_UART_MspInit
                0x08001f98       0x78 ./Application/User/stm32f4xx_hal_msp.o
                0x08001f98                HAL_UART_MspInit
 .text.HAL_InitTick
                0x08002010       0xa8 ./Application/User/stm32f4xx_hal_timebase_tim.o
                0x08002010                HAL_InitTick
 .text.TIM6_DAC_IRQHandler
                0x080020b8        0xc ./Application/User/stm32f4xx_it.o
                0x080020b8                TIM6_DAC_IRQHandler
 .text.ADC_IRQHandler
                0x080020c4       0x2c ./Application/User/stm32f4xx_mc_it.o
                0x080020c4                ADC_IRQHandler
 .text.TIM1_UP_TIM10_IRQHandler
                0x080020f0       0x14 ./Application/User/stm32f4xx_mc_it.o
                0x080020f0                TIM1_UP_TIM10_IRQHandler
 .text.TIM1_BRK_TIM9_IRQHandler
                0x08002104       0x24 ./Application/User/stm32f4xx_mc_it.o
                0x08002104                TIM1_BRK_TIM9_IRQHandler
 .text.TIM2_IRQHandler
                0x08002128       0x38 ./Application/User/stm32f4xx_mc_it.o
                0x08002128                TIM2_IRQHandler
 .text.USART1_IRQHandler
                0x08002160       0x84 ./Application/User/stm32f4xx_mc_it.o
                0x08002160                USART1_IRQHandler
 .text.HardFault_Handler
                0x080021e4       0x7c ./Application/User/stm32f4xx_mc_it.o
                0x080021e4                HardFault_Handler
 .text.UI_TaskInit
                0x08002260       0x84 ./Application/User/ui_task.o
                0x08002260                UI_TaskInit
 .text.UI_Scheduler
                0x080022e4       0x44 ./Application/User/ui_task.o
                0x080022e4                UI_Scheduler
 .text.UI_SerialCommunicationTimeOutStop
                0x08002328        0xc ./Application/User/ui_task.o
                0x08002328                UI_SerialCommunicationTimeOutStop
 .text.UI_SerialCommunicationTimeOutStart
                0x08002334        0xc ./Application/User/ui_task.o
                0x08002334                UI_SerialCommunicationTimeOutStart
 .text.UI_Init  0x08002340       0x10 ./Application/User/user_interface.o
                0x08002340                UI_Init
 .text.UI_SelectMC
                0x08002350       0x10 ./Application/User/user_interface.o
                0x08002350                UI_SelectMC
 .text.UI_GetSelectedMC
                0x08002360        0x4 ./Application/User/user_interface.o
                0x08002360                UI_GetSelectedMC
 .text.UI_SetReg
                0x08002364      0x160 ./Application/User/user_interface.o
                0x08002364                UI_SetReg
 .text.UI_GetReg
                0x080024c4      0x428 ./Application/User/user_interface.o
                0x080024c4                UI_GetReg
 .text.UI_ExecCmd
                0x080028ec       0x6c ./Application/User/user_interface.o
                0x080028ec                UI_ExecCmd
 .text.UI_ExecSpeedRamp
                0x08002958       0x24 ./Application/User/user_interface.o
                0x08002958                UI_ExecSpeedRamp
 .text.UI_ExecTorqueRamp
                0x0800297c       0x14 ./Application/User/user_interface.o
                0x0800297c                UI_ExecTorqueRamp
 .text.UI_GetRevupData
                0x08002990       0x3c ./Application/User/user_interface.o
                0x08002990                UI_GetRevupData
 .text.UI_SetRevupData
                0x080029cc       0x34 ./Application/User/user_interface.o
                0x080029cc                UI_SetRevupData
 .text.UI_SetCurrentReferences
                0x08002a00       0x1c ./Application/User/user_interface.o
                0x08002a00                UI_SetCurrentReferences
 .text.UI_GetMPInfo
                0x08002a1c        0x4 ./Application/User/user_interface.o
                0x08002a1c                UI_GetMPInfo
 .text.SystemInit
                0x08002a20       0x14 ./Drivers/CMSIS/system_stm32f4xx.o
                0x08002a20                SystemInit
 .text.HAL_Init
                0x08002a34       0x34 ./Drivers/STM32F4xx_HAL_Driver/stm32f4xx_hal.o
                0x08002a34                HAL_Init
 .text.HAL_IncTick
                0x08002a68       0x18 ./Drivers/STM32F4xx_HAL_Driver/stm32f4xx_hal.o
                0x08002a68                HAL_IncTick
 .text.HAL_GetTick
                0x08002a80        0xc ./Drivers/STM32F4xx_HAL_Driver/stm32f4xx_hal.o
                0x08002a80                HAL_GetTick
 .text.HAL_ADC_Init
                0x08002a8c      0x158 ./Drivers/STM32F4xx_HAL_Driver/stm32f4xx_hal_adc.o
                0x08002a8c                HAL_ADC_Init
 .text.HAL_ADC_ConfigChannel
                0x08002be4      0x16c ./Drivers/STM32F4xx_HAL_Driver/stm32f4xx_hal_adc.o
                0x08002be4                HAL_ADC_ConfigChannel
 .text.HAL_ADCEx_InjectedConfigChannel
                0x08002d50      0x1a8 ./Drivers/STM32F4xx_HAL_Driver/stm32f4xx_hal_adc_ex.o
                0x08002d50                HAL_ADCEx_InjectedConfigChannel
 .text.HAL_NVIC_SetPriorityGrouping
                0x08002ef8       0x24 ./Drivers/STM32F4xx_HAL_Driver/stm32f4xx_hal_cortex.o
                0x08002ef8                HAL_NVIC_SetPriorityGrouping
 .text.HAL_NVIC_SetPriority
                0x08002f1c       0x78 ./Drivers/STM32F4xx_HAL_Driver/stm32f4xx_hal_cortex.o
                0x08002f1c                HAL_NVIC_SetPriority
 .text.HAL_NVIC_EnableIRQ
                0x08002f94       0x1c ./Drivers/STM32F4xx_HAL_Driver/stm32f4xx_hal_cortex.o
                0x08002f94                HAL_NVIC_EnableIRQ
 .text.HAL_SYSTICK_Config
                0x08002fb0       0x34 ./Drivers/STM32F4xx_HAL_Driver/stm32f4xx_hal_cortex.o
                0x08002fb0                HAL_SYSTICK_Config
 .text.HAL_GPIO_Init
                0x08002fe4      0x220 ./Drivers/STM32F4xx_HAL_Driver/stm32f4xx_hal_gpio.o
                0x08002fe4                HAL_GPIO_Init
 .text.HAL_GPIO_WritePin
                0x08003204        0x8 ./Drivers/STM32F4xx_HAL_Driver/stm32f4xx_hal_gpio.o
                0x08003204                HAL_GPIO_WritePin
 .text.HAL_PWREx_EnableOverDrive
                0x0800320c       0x78 ./Drivers/STM32F4xx_HAL_Driver/stm32f4xx_hal_pwr_ex.o
                0x0800320c                HAL_PWREx_EnableOverDrive
 .text.HAL_RCC_ClockConfig
                0x08003284      0x13c ./Drivers/STM32F4xx_HAL_Driver/stm32f4xx_hal_rcc.o
                0x08003284                HAL_RCC_ClockConfig
 .text.HAL_RCC_GetHCLKFreq
                0x080033c0        0xc ./Drivers/STM32F4xx_HAL_Driver/stm32f4xx_hal_rcc.o
                0x080033c0                HAL_RCC_GetHCLKFreq
 .text.HAL_RCC_GetPCLK1Freq
                0x080033cc       0x20 ./Drivers/STM32F4xx_HAL_Driver/stm32f4xx_hal_rcc.o
                0x080033cc                HAL_RCC_GetPCLK1Freq
 .text.HAL_RCC_GetPCLK2Freq
                0x080033ec       0x20 ./Drivers/STM32F4xx_HAL_Driver/stm32f4xx_hal_rcc.o
                0x080033ec                HAL_RCC_GetPCLK2Freq
 .text.HAL_RCC_GetClockConfig
                0x0800340c       0x44 ./Drivers/STM32F4xx_HAL_Driver/stm32f4xx_hal_rcc.o
                0x0800340c                HAL_RCC_GetClockConfig
 .text.HAL_RCC_GetSysClockFreq
                0x08003450       0x80 ./Drivers/STM32F4xx_HAL_Driver/stm32f4xx_hal_rcc_ex.o
                0x08003450                HAL_RCC_GetSysClockFreq
 .text.HAL_RCC_OscConfig
                0x080034d0      0x408 ./Drivers/STM32F4xx_HAL_Driver/stm32f4xx_hal_rcc_ex.o
                0x080034d0                HAL_RCC_OscConfig
 .text.HAL_TIM_Base_Init
                0x080038d8      0x120 ./Drivers/STM32F4xx_HAL_Driver/stm32f4xx_hal_tim.o
                0x080038d8                HAL_TIM_Base_Init
 .text.HAL_TIM_Base_Start_IT
                0x080039f8       0x74 ./Drivers/STM32F4xx_HAL_Driver/stm32f4xx_hal_tim.o
                0x080039f8                HAL_TIM_Base_Start_IT
 .text.HAL_TIM_PWM_MspInit
                0x08003a6c        0x4 ./Drivers/STM32F4xx_HAL_Driver/stm32f4xx_hal_tim.o
                0x08003a6c                HAL_TIM_PWM_MspInit
 .text.HAL_TIM_PWM_Init
                0x08003a70      0x120 ./Drivers/STM32F4xx_HAL_Driver/stm32f4xx_hal_tim.o
                0x08003a70                HAL_TIM_PWM_Init
 .text.HAL_TIM_PWM_ConfigChannel
                0x08003b90      0x208 ./Drivers/STM32F4xx_HAL_Driver/stm32f4xx_hal_tim.o
                0x08003b90                HAL_TIM_PWM_ConfigChannel
 .text.HAL_TIM_ConfigClockSource
                0x08003d98      0x154 ./Drivers/STM32F4xx_HAL_Driver/stm32f4xx_hal_tim.o
                0x08003d98                HAL_TIM_ConfigClockSource
 .text.HAL_TIM_SlaveConfigSynchro
                0x08003eec      0x118 ./Drivers/STM32F4xx_HAL_Driver/stm32f4xx_hal_tim.o
                0x08003eec                HAL_TIM_SlaveConfigSynchro
 .text.HAL_TIM_OC_DelayElapsedCallback
                0x08004004        0x4 ./Drivers/STM32F4xx_HAL_Driver/stm32f4xx_hal_tim.o
                0x08004004                HAL_TIM_OC_DelayElapsedCallback
 .text.HAL_TIM_IC_CaptureCallback
                0x08004008        0x4 ./Drivers/STM32F4xx_HAL_Driver/stm32f4xx_hal_tim.o
                0x08004008                HAL_TIM_IC_CaptureCallback
 .text.HAL_TIM_PWM_PulseFinishedCallback
                0x0800400c        0x4 ./Drivers/STM32F4xx_HAL_Driver/stm32f4xx_hal_tim.o
                0x0800400c                HAL_TIM_PWM_PulseFinishedCallback
 .text.HAL_TIM_TriggerCallback
                0x08004010        0x4 ./Drivers/STM32F4xx_HAL_Driver/stm32f4xx_hal_tim.o
                0x08004010                HAL_TIM_TriggerCallback
 .text.HAL_TIM_IRQHandler
                0x08004014      0x154 ./Drivers/STM32F4xx_HAL_Driver/stm32f4xx_hal_tim.o
                0x08004014                HAL_TIM_IRQHandler
 .text.TIM_Base_SetConfig
                0x08004168       0xe0 ./Drivers/STM32F4xx_HAL_Driver/stm32f4xx_hal_tim.o
                0x08004168                TIM_Base_SetConfig
 .text.TIM_OC2_SetConfig
                0x08004248       0x64 ./Drivers/STM32F4xx_HAL_Driver/stm32f4xx_hal_tim.o
                0x08004248                TIM_OC2_SetConfig
 .text.TIM_TI1_SetConfig
                0x080042ac       0x80 ./Drivers/STM32F4xx_HAL_Driver/stm32f4xx_hal_tim.o
                0x080042ac                TIM_TI1_SetConfig
 .text.HAL_TIMEx_HallSensor_MspInit
                0x0800432c        0x4 ./Drivers/STM32F4xx_HAL_Driver/stm32f4xx_hal_tim_ex.o
                0x0800432c                HAL_TIMEx_HallSensor_MspInit
 .text.HAL_TIMEx_HallSensor_Init
                0x08004330       0xc8 ./Drivers/STM32F4xx_HAL_Driver/stm32f4xx_hal_tim_ex.o
                0x08004330                HAL_TIMEx_HallSensor_Init
 .text.HAL_TIMEx_MasterConfigSynchronization
                0x080043f8       0x80 ./Drivers/STM32F4xx_HAL_Driver/stm32f4xx_hal_tim_ex.o
                0x080043f8                HAL_TIMEx_MasterConfigSynchronization
 .text.HAL_TIMEx_ConfigBreakDeadTime
                0x08004478       0x54 ./Drivers/STM32F4xx_HAL_Driver/stm32f4xx_hal_tim_ex.o
                0x08004478                HAL_TIMEx_ConfigBreakDeadTime
 .text.HAL_TIMEx_CommutCallback
                0x080044cc        0x4 ./Drivers/STM32F4xx_HAL_Driver/stm32f4xx_hal_tim_ex.o
                0x080044cc                HAL_TIMEx_CommutCallback
 .text.HAL_TIMEx_BreakCallback
                0x080044d0        0x4 ./Drivers/STM32F4xx_HAL_Driver/stm32f4xx_hal_tim_ex.o
                0x080044d0                HAL_TIMEx_BreakCallback
 .text.HAL_UART_Init
                0x080044d4      0x124 ./Drivers/STM32F4xx_HAL_Driver/stm32f4xx_hal_uart.o
                0x080044d4                HAL_UART_Init
 .text.osKernelStart
                0x080045f8        0xc ./Middlewares/FreeRTOS/cmsis_os.o
                0x080045f8                osKernelStart
 .text.osThreadCreate
                0x08004604       0x60 ./Middlewares/FreeRTOS/cmsis_os.o
                0x08004604                osThreadCreate
 .text.pvPortMalloc
                0x08004664      0x170 ./Middlewares/FreeRTOS/heap_4.o
                0x08004664                pvPortMalloc
 .text.vPortFree
                0x080047d4       0xc8 ./Middlewares/FreeRTOS/heap_4.o
                0x080047d4                vPortFree
 .text.vListInitialise
                0x0800489c       0x18 ./Middlewares/FreeRTOS/list.o
                0x0800489c                vListInitialise
 .text.vListInitialiseItem
                0x080048b4        0x8 ./Middlewares/FreeRTOS/list.o
                0x080048b4                vListInitialiseItem
 .text.vListInsertEnd
                0x080048bc       0x1c ./Middlewares/FreeRTOS/list.o
                0x080048bc                vListInsertEnd
 .text.vListInsert
                0x080048d8       0x30 ./Middlewares/FreeRTOS/list.o
                0x080048d8                vListInsert
 .text.uxListRemove
                0x08004908       0x28 ./Middlewares/FreeRTOS/list.o
                0x08004908                uxListRemove
 .text.prvPortStartFirstTask
                0x08004930       0x28 ./Middlewares/FreeRTOS/port.o
 .text.vPortEnableVFP
                0x08004958       0x14 ./Middlewares/FreeRTOS/port.o
 .text.prvTaskExitError
                0x0800496c       0x40 ./Middlewares/FreeRTOS/port.o
 .text.pxPortInitialiseStack
                0x080049ac       0x28 ./Middlewares/FreeRTOS/port.o
                0x080049ac                pxPortInitialiseStack
 *fill*         0x080049d4        0xc 
 .text.SVC_Handler
                0x080049e0       0x24 ./Middlewares/FreeRTOS/port.o
                0x080049e0                SVC_Handler
 .text.vPortEnterCritical
                0x08004a04       0x44 ./Middlewares/FreeRTOS/port.o
                0x08004a04                vPortEnterCritical
 .text.vPortExitCritical
                0x08004a48       0x28 ./Middlewares/FreeRTOS/port.o
                0x08004a48                vPortExitCritical
 .text.PendSV_Handler
                0x08004a70       0x64 ./Middlewares/FreeRTOS/port.o
                0x08004a70                PendSV_Handler
 .text.SysTick_Handler
                0x08004ad4       0x2c ./Middlewares/FreeRTOS/port.o
                0x08004ad4                SysTick_Handler
 .text.xPortStartScheduler
                0x08004b00      0x140 ./Middlewares/FreeRTOS/port.o
                0x08004b00                xPortStartScheduler
 .text.prvAddNewTaskToReadyList
                0x08004c40      0x110 ./Middlewares/FreeRTOS/tasks.o
 .text.prvAddCurrentTaskToDelayedList
                0x08004d50       0x8c ./Middlewares/FreeRTOS/tasks.o
 .text.prvIdleTask
                0x08004ddc       0xa0 ./Middlewares/FreeRTOS/tasks.o
 .text.xTaskIncrementTick.part.0
                0x08004e7c      0x14c ./Middlewares/FreeRTOS/tasks.o
 .text.xTaskResumeAll.part.0
                0x08004fc8      0x150 ./Middlewares/FreeRTOS/tasks.o
 .text.xTaskCreateStatic
                0x08005118      0x160 ./Middlewares/FreeRTOS/tasks.o
                0x08005118                xTaskCreateStatic
 .text.xTaskCreate
                0x08005278      0x138 ./Middlewares/FreeRTOS/tasks.o
                0x08005278                xTaskCreate
 .text.vTaskDelay
                0x080053b0       0x60 ./Middlewares/FreeRTOS/tasks.o
                0x080053b0                vTaskDelay
 .text.vTaskStartScheduler
                0x08005410      0x128 ./Middlewares/FreeRTOS/tasks.o
                0x08005410                vTaskStartScheduler
 .text.vTaskSuspendAll
                0x08005538       0x10 ./Middlewares/FreeRTOS/tasks.o
                0x08005538                vTaskSuspendAll
 .text.xTaskResumeAll
                0x08005548       0x20 ./Middlewares/FreeRTOS/tasks.o
                0x08005548                xTaskResumeAll
 .text.xTaskIncrementTick
                0x08005568       0x20 ./Middlewares/FreeRTOS/tasks.o
                0x08005568                xTaskIncrementTick
 .text.vTaskSwitchContext
                0x08005588       0x7c ./Middlewares/FreeRTOS/tasks.o
                0x08005588                vTaskSwitchContext
 .text.VBS_GetAvBusVoltage_V
                0x08005604        0xc ./Middlewares/MotorControl/bus_voltage_sensor.o
                0x08005604                VBS_GetAvBusVoltage_V
 .text.Circle_Limitation
                0x08005610       0x60 ./Middlewares/MotorControl/circle_limitation.o
                0x08005610                Circle_Limitation
 .text.FCP_Init
                0x08005670       0x18 ./Middlewares/MotorControl/frame_communication_protocol.o
                0x08005670                FCP_Init
 .text.FCP_SetClient
                0x08005688       0x10 ./Middlewares/MotorControl/frame_communication_protocol.o
                0x08005688                FCP_SetClient
 .text.FCP_CalcCRC
                0x08005698       0x24 ./Middlewares/MotorControl/frame_communication_protocol.o
                0x08005698                FCP_CalcCRC
 .text.HALL_Init
                0x080056bc      0x114 ./Middlewares/MotorControl/hall_speed_pos_fdbk.o
                0x080056bc                HALL_Init
 .text.HALL_Clear
                0x080057d0      0x150 ./Middlewares/MotorControl/hall_speed_pos_fdbk.o
                0x080057d0                HALL_Clear
 .text.HALL_CalcElAngle
                0x08005920       0x3c ./Middlewares/MotorControl/hall_speed_pos_fdbk.o
                0x08005920                HALL_CalcElAngle
 .text.HALL_CalcAvrgMecSpeedUnit
                0x0800595c       0x98 ./Middlewares/MotorControl/hall_speed_pos_fdbk.o
                0x0800595c                HALL_CalcAvrgMecSpeedUnit
 .text.HALL_TIMx_CC_IRQHandler
                0x080059f4      0x318 ./Middlewares/MotorControl/hall_speed_pos_fdbk.o
                0x080059f4                HALL_TIMx_CC_IRQHandler
 .text.HALL_TIMx_UP_IRQHandler
                0x08005d0c      0x168 ./Middlewares/MotorControl/hall_speed_pos_fdbk.o
                0x08005d0c                HALL_TIMx_UP_IRQHandler
 .text.ICS_GetPhaseCurrents
                0x08005e74       0x90 ./Middlewares/MotorControl/ics_f4xx_pwm_curr_fdbk.o
                0x08005e74                ICS_GetPhaseCurrents
 .text.ICS_HFCurrentsCalibration
                0x08005f04       0x4c ./Middlewares/MotorControl/ics_f4xx_pwm_curr_fdbk.o
                0x08005f04                ICS_HFCurrentsCalibration
 .text.ICS_Init
                0x08005f50       0xd4 ./Middlewares/MotorControl/ics_f4xx_pwm_curr_fdbk.o
                0x08005f50                ICS_Init
 .text.ICS_TurnOnLowSides
                0x08006024       0x4c ./Middlewares/MotorControl/ics_f4xx_pwm_curr_fdbk.o
                0x08006024                ICS_TurnOnLowSides
 .text.ICS_SwitchOnPWM
                0x08006070       0x80 ./Middlewares/MotorControl/ics_f4xx_pwm_curr_fdbk.o
                0x08006070                ICS_SwitchOnPWM
 .text.ICS_SwitchOffPWM
                0x080060f0       0x68 ./Middlewares/MotorControl/ics_f4xx_pwm_curr_fdbk.o
                0x080060f0                ICS_SwitchOffPWM
 .text.ICS_CurrentReadingCalibration
                0x08006158       0xa0 ./Middlewares/MotorControl/ics_f4xx_pwm_curr_fdbk.o
                0x08006158                ICS_CurrentReadingCalibration
 .text.ICS_WriteTIMRegisters
                0x080061f8       0x20 ./Middlewares/MotorControl/ics_f4xx_pwm_curr_fdbk.o
                0x080061f8                ICS_WriteTIMRegisters
 .text.ICS_TIMx_UP_IRQHandler
                0x08006218       0x94 ./Middlewares/MotorControl/ics_f4xx_pwm_curr_fdbk.o
                0x08006218                ICS_TIMx_UP_IRQHandler
 .text.ICS_BRK_IRQHandler
                0x080062ac       0x38 ./Middlewares/MotorControl/ics_f4xx_pwm_curr_fdbk.o
                0x080062ac                ICS_BRK_IRQHandler
 .text.ICS_IsOverCurrentOccurred
                0x080062e4       0x14 ./Middlewares/MotorControl/ics_f4xx_pwm_curr_fdbk.o
                0x080062e4                ICS_IsOverCurrentOccurred
 .text.MPM_Clear
                0x080062f8       0x18 ./Middlewares/MotorControl/motor_power_measurement.o
                0x080062f8                MPM_Clear
 .text.MPM_CalcElMotorPower
                0x08006310       0x44 ./Middlewares/MotorControl/motor_power_measurement.o
                0x08006310                MPM_CalcElMotorPower
 .text.MPM_GetAvrgElMotorPowerW
                0x08006354        0x8 ./Middlewares/MotorControl/motor_power_measurement.o
                0x08006354                MPM_GetAvrgElMotorPowerW
 .text.NTC_SetFaultState
                0x0800635c       0x1c ./Middlewares/MotorControl/ntc_temperature_sensor.o
                0x0800635c                NTC_SetFaultState
 .text.NTC_Clear
                0x08006378        0x8 ./Middlewares/MotorControl/ntc_temperature_sensor.o
                0x08006378                NTC_Clear
 .text.NTC_Init
                0x08006380       0x24 ./Middlewares/MotorControl/ntc_temperature_sensor.o
                0x08006380                NTC_Init
 .text.NTC_CalcAvTemp
                0x080063a4       0x38 ./Middlewares/MotorControl/ntc_temperature_sensor.o
                0x080063a4                NTC_CalcAvTemp
 .text.NTC_GetAvTemp_C
                0x080063dc       0x2c ./Middlewares/MotorControl/ntc_temperature_sensor.o
                0x080063dc                NTC_GetAvTemp_C
 .text.PID_HandleInit
                0x08006408       0x10 ./Middlewares/MotorControl/pid_regulator.o
                0x08006408                PID_HandleInit
 .text.PID_SetKP
                0x08006418        0x4 ./Middlewares/MotorControl/pid_regulator.o
                0x08006418                PID_SetKP
 .text.PID_SetKI
                0x0800641c        0x4 ./Middlewares/MotorControl/pid_regulator.o
                0x0800641c                PID_SetKI
 .text.PID_GetKP
                0x08006420        0x8 ./Middlewares/MotorControl/pid_regulator.o
                0x08006420                PID_GetKP
 .text.PID_GetKI
                0x08006428        0x8 ./Middlewares/MotorControl/pid_regulator.o
                0x08006428                PID_GetKI
 .text.PID_SetIntegralTerm
                0x08006430        0x4 ./Middlewares/MotorControl/pid_regulator.o
                0x08006430                PID_SetIntegralTerm
 .text.PID_GetKPDivisor
                0x08006434        0x4 ./Middlewares/MotorControl/pid_regulator.o
                0x08006434                PID_GetKPDivisor
 .text.PID_GetKIDivisor
                0x08006438        0x4 ./Middlewares/MotorControl/pid_regulator.o
                0x08006438                PID_GetKIDivisor
 .text.PID_SetKD
                0x0800643c        0x4 ./Middlewares/MotorControl/pid_regulator.o
                0x0800643c                PID_SetKD
 .text.PID_GetKD
                0x08006440        0x8 ./Middlewares/MotorControl/pid_regulator.o
                0x08006440                PID_GetKD
 .text.PI_Controller
                0x08006448       0x80 ./Middlewares/MotorControl/pid_regulator.o
                0x08006448                PI_Controller
 .text.PQD_CalcElMotorPower
                0x080064c8       0x6c ./Middlewares/MotorControl/pqd_motor_power_measurement.o
                0x080064c8                PQD_CalcElMotorPower
 .text.startTimers
                0x08006534       0x64 ./Middlewares/MotorControl/pwm_common.o
                0x08006534                startTimers
 .text.waitForPolarizationEnd
                0x08006598       0x4c ./Middlewares/MotorControl/pwm_common.o
                0x08006598                waitForPolarizationEnd
 .text.PWMC_GetPhaseCurrents
                0x080065e4        0x4 ./Middlewares/MotorControl/pwm_curr_fdbk.o
                0x080065e4                PWMC_GetPhaseCurrents
 .text.PWMC_SetPhaseVoltage
                0x080065e8      0x238 ./Middlewares/MotorControl/pwm_curr_fdbk.o
                0x080065e8                PWMC_SetPhaseVoltage
 .text.PWMC_SwitchOffPWM
                0x08006820        0x4 ./Middlewares/MotorControl/pwm_curr_fdbk.o
                0x08006820                PWMC_SwitchOffPWM
 .text.PWMC_CurrentReadingCalibr
                0x08006824       0x40 ./Middlewares/MotorControl/pwm_curr_fdbk.o
                0x08006824                PWMC_CurrentReadingCalibr
 .text.PWMC_CheckOverCurrent
                0x08006864        0x4 ./Middlewares/MotorControl/pwm_curr_fdbk.o
                0x08006864                PWMC_CheckOverCurrent
 .text.RVBS_Clear
                0x08006868       0x3c ./Middlewares/MotorControl/r_divider_bus_voltage_sensor.o
                0x08006868                RVBS_Clear
 .text.RVBS_Init
                0x080068a4       0x18 ./Middlewares/MotorControl/r_divider_bus_voltage_sensor.o
                0x080068a4                RVBS_Init
 .text.RVBS_CheckFaultState
                0x080068bc       0x1c ./Middlewares/MotorControl/r_divider_bus_voltage_sensor.o
                0x080068bc                RVBS_CheckFaultState
 .text.RVBS_CalcAvVbus
                0x080068d8       0x60 ./Middlewares/MotorControl/r_divider_bus_voltage_sensor.o
                0x080068d8                RVBS_CalcAvVbus
 .text.REMNG_Init
                0x08006938       0x10 ./Middlewares/MotorControl/ramp_ext_mngr.o
                0x08006938                REMNG_Init
 .text.RUC_SetPhaseDurationms
                0x08006948        0xc ./Middlewares/MotorControl/revup_ctrl.o
                0x08006948                RUC_SetPhaseDurationms
 .text.RUC_SetPhaseFinalMecSpeedUnit
                0x08006954        0xc ./Middlewares/MotorControl/revup_ctrl.o
                0x08006954                RUC_SetPhaseFinalMecSpeedUnit
 .text.RUC_SetPhaseFinalTorque
                0x08006960        0xc ./Middlewares/MotorControl/revup_ctrl.o
                0x08006960                RUC_SetPhaseFinalTorque
 .text.RUC_GetPhaseDurationms
                0x0800696c        0xc ./Middlewares/MotorControl/revup_ctrl.o
                0x0800696c                RUC_GetPhaseDurationms
 .text.RUC_GetPhaseFinalMecSpeedUnit
                0x08006978       0x10 ./Middlewares/MotorControl/revup_ctrl.o
                0x08006978                RUC_GetPhaseFinalMecSpeedUnit
 .text.RUC_GetPhaseFinalTorque
                0x08006988       0x10 ./Middlewares/MotorControl/revup_ctrl.o
                0x08006988                RUC_GetPhaseFinalTorque
 .text.RUC_GetNumberOfPhases
                0x08006998        0x8 ./Middlewares/MotorControl/revup_ctrl.o
                0x08006998                RUC_GetNumberOfPhases
 .text.SPD_GetElAngle
                0x080069a0        0x8 ./Middlewares/MotorControl/speed_pos_fdbk.o
                0x080069a0                SPD_GetElAngle
 .text.SPD_GetAvrgMecSpeedUnit
                0x080069a8        0x8 ./Middlewares/MotorControl/speed_pos_fdbk.o
                0x080069a8                SPD_GetAvrgMecSpeedUnit
 .text.SPD_GetInstElSpeedDpp
                0x080069b0        0x8 ./Middlewares/MotorControl/speed_pos_fdbk.o
                0x080069b0                SPD_GetInstElSpeedDpp
 .text.SPD_IsMecSpeedReliable
                0x080069b8       0x6c ./Middlewares/MotorControl/speed_pos_fdbk.o
                0x080069b8                SPD_IsMecSpeedReliable
 .text.SPD_GetS16Speed
                0x08006a24       0x14 ./Middlewares/MotorControl/speed_pos_fdbk.o
                0x08006a24                SPD_GetS16Speed
 .text.STC_Init
                0x08006a38       0x2c ./Middlewares/MotorControl/speed_torq_ctrl.o
                0x08006a38                STC_Init
 .text.STC_GetSpeedSensor
                0x08006a64        0x4 ./Middlewares/MotorControl/speed_torq_ctrl.o
                0x08006a64                STC_GetSpeedSensor
 .text.STC_Clear
                0x08006a68       0x10 ./Middlewares/MotorControl/speed_torq_ctrl.o
                0x08006a68                STC_Clear
 .text.STC_GetMecSpeedRefUnit
                0x08006a78       0x10 ./Middlewares/MotorControl/speed_torq_ctrl.o
                0x08006a78                STC_GetMecSpeedRefUnit
 .text.STC_GetTorqueRef
                0x08006a88       0x10 ./Middlewares/MotorControl/speed_torq_ctrl.o
                0x08006a88                STC_GetTorqueRef
 .text.STC_SetControlMode
                0x08006a98        0x8 ./Middlewares/MotorControl/speed_torq_ctrl.o
                0x08006a98                STC_SetControlMode
 .text.STC_ExecRamp
                0x08006aa0       0x88 ./Middlewares/MotorControl/speed_torq_ctrl.o
                0x08006aa0                STC_ExecRamp
 .text.STC_StopRamp
                0x08006b28        0x8 ./Middlewares/MotorControl/speed_torq_ctrl.o
                0x08006b28                STC_StopRamp
 .text.STC_CalcTorqueReference
                0x08006b30       0x90 ./Middlewares/MotorControl/speed_torq_ctrl.o
                0x08006b30                STC_CalcTorqueReference
 .text.STC_GetMecSpeedRefUnitDefault
                0x08006bc0        0x8 ./Middlewares/MotorControl/speed_torq_ctrl.o
                0x08006bc0                STC_GetMecSpeedRefUnitDefault
 .text.STC_GetMaxAppPositiveMecSpeedUnit
                0x08006bc8        0x4 ./Middlewares/MotorControl/speed_torq_ctrl.o
                0x08006bc8                STC_GetMaxAppPositiveMecSpeedUnit
 .text.STC_GetMinAppNegativeMecSpeedUnit
                0x08006bcc        0x8 ./Middlewares/MotorControl/speed_torq_ctrl.o
                0x08006bcc                STC_GetMinAppNegativeMecSpeedUnit
 .text.STC_GetDefaultIqdref
                0x08006bd4       0x1c ./Middlewares/MotorControl/speed_torq_ctrl.o
                0x08006bd4                STC_GetDefaultIqdref
 .text.STC_ForceSpeedReferenceToCurrentSpeed
                0x08006bf0       0x10 ./Middlewares/MotorControl/speed_torq_ctrl.o
                0x08006bf0                STC_ForceSpeedReferenceToCurrentSpeed
 .text.STM_Init
                0x08006c00        0xc ./Middlewares/MotorControl/state_machine.o
                0x08006c00                STM_Init
 .text.STM_FaultProcessing
                0x08006c0c       0x44 ./Middlewares/MotorControl/state_machine.o
                0x08006c0c                STM_FaultProcessing
 .text.STM_NextState
                0x08006c50       0xf4 ./Middlewares/MotorControl/state_machine.o
                0x08006c50                STM_NextState
 .text.STM_GetState
                0x08006d44        0x4 ./Middlewares/MotorControl/state_machine.o
                0x08006d44                STM_GetState
 .text.STM_FaultAcknowledged
                0x08006d48       0x18 ./Middlewares/MotorControl/state_machine.o
                0x08006d48                STM_FaultAcknowledged
 .text.STM_GetFaultState
                0x08006d60        0xc ./Middlewares/MotorControl/state_machine.o
                0x08006d60                STM_GetFaultState
 .text.UFCP_Init
                0x08006d6c        0x4 ./Middlewares/MotorControl/usart_frame_communication_protocol.o
                0x08006d6c                UFCP_Init
 .text.UFCP_TX_IRQ_Handler
                0x08006d70       0x68 ./Middlewares/MotorControl/usart_frame_communication_protocol.o
                0x08006d70                UFCP_TX_IRQ_Handler
 .text.UFCP_Receive
                0x08006dd8       0x2c ./Middlewares/MotorControl/usart_frame_communication_protocol.o
                0x08006dd8                UFCP_Receive
 .text.UFCP_Send
                0x08006e04       0xbc ./Middlewares/MotorControl/usart_frame_communication_protocol.o
                0x08006e04                UFCP_Send
 .text.UFCP_RX_IRQ_Handler
                0x08006ec0       0xcc ./Middlewares/MotorControl/usart_frame_communication_protocol.o
                0x08006ec0                UFCP_RX_IRQ_Handler
 .text.UFCP_OVR_IRQ_Handler
                0x08006f8c       0x20 ./Middlewares/MotorControl/usart_frame_communication_protocol.o
                0x08006f8c                UFCP_OVR_IRQ_Handler
 .text.UFCP_AbortReceive
                0x08006fac        0x8 ./Middlewares/MotorControl/usart_frame_communication_protocol.o
                0x08006fac                UFCP_AbortReceive
 .text.GPIO_Init
                0x08006fb4       0xbc ./UDHAL/UDHAL_GPIO.o
                0x08006fb4                GPIO_Init
 .text.SystemClock
                0x08007070       0xd0 ./UDHAL/UDHAL_SYSCLK.o
                0x08007070                SystemClock
 .text.UART_Init
                0x08007140       0x38 ./UDHAL/UDHAL_UART.o
                0x08007140                UART_Init
 .text.memset   0x08007178       0x10 C:/ST/STM32CubeIDE_1.12.1/STM32CubeIDE/plugins/com.st.stm32cube.ide.mcu.externaltools.gnu-tools-for-stm32.12.3.rel1.win32_1.0.200.202406191623/tools/bin/../lib/gcc/arm-none-eabi/12.3.1/../../../../arm-none-eabi/lib/thumb/v7e-m+fp/hard\libc_nano.a(libc_a-memset.o)
                0x08007178                memset
 .text._reclaim_reent
                0x08007188       0xac C:/ST/STM32CubeIDE_1.12.1/STM32CubeIDE/plugins/com.st.stm32cube.ide.mcu.externaltools.gnu-tools-for-stm32.12.3.rel1.win32_1.0.200.202406191623/tools/bin/../lib/gcc/arm-none-eabi/12.3.1/../../../../arm-none-eabi/lib/thumb/v7e-m+fp/hard\libc_nano.a(libc_a-reent.o)
                0x08007188                _reclaim_reent
 .text.__libc_init_array
                0x08007234       0x48 C:/ST/STM32CubeIDE_1.12.1/STM32CubeIDE/plugins/com.st.stm32cube.ide.mcu.externaltools.gnu-tools-for-stm32.12.3.rel1.win32_1.0.200.202406191623/tools/bin/../lib/gcc/arm-none-eabi/12.3.1/../../../../arm-none-eabi/lib/thumb/v7e-m+fp/hard\libc_nano.a(libc_a-init.o)
                0x08007234                __libc_init_array
 .text.__retarget_lock_acquire_recursive
                0x0800727c        0x2 C:/ST/STM32CubeIDE_1.12.1/STM32CubeIDE/plugins/com.st.stm32cube.ide.mcu.externaltools.gnu-tools-for-stm32.12.3.rel1.win32_1.0.200.202406191623/tools/bin/../lib/gcc/arm-none-eabi/12.3.1/../../../../arm-none-eabi/lib/thumb/v7e-m+fp/hard\libc_nano.a(libc_a-lock.o)
                0x0800727c                __retarget_lock_acquire_recursive
 .text.__retarget_lock_release_recursive
                0x0800727e        0x2 C:/ST/STM32CubeIDE_1.12.1/STM32CubeIDE/plugins/com.st.stm32cube.ide.mcu.externaltools.gnu-tools-for-stm32.12.3.rel1.win32_1.0.200.202406191623/tools/bin/../lib/gcc/arm-none-eabi/12.3.1/../../../../arm-none-eabi/lib/thumb/v7e-m+fp/hard\libc_nano.a(libc_a-lock.o)
                0x0800727e                __retarget_lock_release_recursive
 .text._free_r  0x08007280       0x94 C:/ST/STM32CubeIDE_1.12.1/STM32CubeIDE/plugins/com.st.stm32cube.ide.mcu.externaltools.gnu-tools-for-stm32.12.3.rel1.win32_1.0.200.202406191623/tools/bin/../lib/gcc/arm-none-eabi/12.3.1/../../../../arm-none-eabi/lib/thumb/v7e-m+fp/hard\libc_nano.a(libc_a-freer.o)
                0x08007280                _free_r
 .text.__malloc_lock
                0x08007314        0xc C:/ST/STM32CubeIDE_1.12.1/STM32CubeIDE/plugins/com.st.stm32cube.ide.mcu.externaltools.gnu-tools-for-stm32.12.3.rel1.win32_1.0.200.202406191623/tools/bin/../lib/gcc/arm-none-eabi/12.3.1/../../../../arm-none-eabi/lib/thumb/v7e-m+fp/hard\libc_nano.a(libc_a-mlock.o)
                0x08007314                __malloc_lock
 .text.__malloc_unlock
                0x08007320        0xc C:/ST/STM32CubeIDE_1.12.1/STM32CubeIDE/plugins/com.st.stm32cube.ide.mcu.externaltools.gnu-tools-for-stm32.12.3.rel1.win32_1.0.200.202406191623/tools/bin/../lib/gcc/arm-none-eabi/12.3.1/../../../../arm-none-eabi/lib/thumb/v7e-m+fp/hard\libc_nano.a(libc_a-mlock.o)
                0x08007320                __malloc_unlock
 *(.glue_7)
 .glue_7        0x0800732c        0x0 linker stubs
 *(.glue_7t)
 .glue_7t       0x0800732c        0x0 linker stubs
 *(.eh_frame)
 .eh_frame      0x0800732c        0x0 C:/ST/STM32CubeIDE_1.12.1/STM32CubeIDE/plugins/com.st.stm32cube.ide.mcu.externaltools.gnu-tools-for-stm32.12.3.rel1.win32_1.0.200.202406191623/tools/bin/../lib/gcc/arm-none-eabi/12.3.1/thumb/v7e-m+fp/hard/crtbegin.o
 *(.init)
 .init          0x0800732c        0x4 C:/ST/STM32CubeIDE_1.12.1/STM32CubeIDE/plugins/com.st.stm32cube.ide.mcu.externaltools.gnu-tools-for-stm32.12.3.rel1.win32_1.0.200.202406191623/tools/bin/../lib/gcc/arm-none-eabi/12.3.1/thumb/v7e-m+fp/hard/crti.o
                0x0800732c                _init
 .init          0x08007330        0x8 C:/ST/STM32CubeIDE_1.12.1/STM32CubeIDE/plugins/com.st.stm32cube.ide.mcu.externaltools.gnu-tools-for-stm32.12.3.rel1.win32_1.0.200.202406191623/tools/bin/../lib/gcc/arm-none-eabi/12.3.1/thumb/v7e-m+fp/hard/crtn.o
 *(.fini)
 .fini          0x08007338        0x4 C:/ST/STM32CubeIDE_1.12.1/STM32CubeIDE/plugins/com.st.stm32cube.ide.mcu.externaltools.gnu-tools-for-stm32.12.3.rel1.win32_1.0.200.202406191623/tools/bin/../lib/gcc/arm-none-eabi/12.3.1/thumb/v7e-m+fp/hard/crti.o
                0x08007338                _fini
 .fini          0x0800733c        0x8 C:/ST/STM32CubeIDE_1.12.1/STM32CubeIDE/plugins/com.st.stm32cube.ide.mcu.externaltools.gnu-tools-for-stm32.12.3.rel1.win32_1.0.200.202406191623/tools/bin/../lib/gcc/arm-none-eabi/12.3.1/thumb/v7e-m+fp/hard/crtn.o
                0x08007344                        . = ALIGN (0x4)
                0x08007344                        _etext = .

.vfp11_veneer   0x08007344        0x0
 .vfp11_veneer  0x08007344        0x0 linker stubs

.v4_bx          0x08007344        0x0
 .v4_bx         0x08007344        0x0 linker stubs

.iplt           0x08007344        0x0
 .iplt          0x08007344        0x0 C:/ST/STM32CubeIDE_1.12.1/STM32CubeIDE/plugins/com.st.stm32cube.ide.mcu.externaltools.gnu-tools-for-stm32.12.3.rel1.win32_1.0.200.202406191623/tools/bin/../lib/gcc/arm-none-eabi/12.3.1/thumb/v7e-m+fp/hard/crtbegin.o

.rodata         0x08007344      0x2c0
                0x08007344                        . = ALIGN (0x4)
 *(.rodata)
 .rodata        0x08007344       0x38 ./Application/User/main.o
 *(.rodata*)
 .rodata.str1.4
                0x0800737c       0x18 ./Application/User/main.o
 .rodata.hSin_Cos_Table
                0x08007394      0x200 ./Application/User/mc_math.o
                0x08007394                hSin_Cos_Table
 .rodata.ICS_ParamsM1
                0x08007594       0x30 ./Application/User/mc_parameters.o
                0x08007594                ICS_ParamsM1
 .rodata.s_fwVer
                0x080075c4       0x20 ./Application/User/motorcontrol.o
                0x080075c4                s_fwVer
 .rodata.APBPrescTable
                0x080075e4        0x8 ./Drivers/CMSIS/system_stm32f4xx.o
                0x080075e4                APBPrescTable
 .rodata.AHBPrescTable
                0x080075ec       0x10 ./Drivers/CMSIS/system_stm32f4xx.o
                0x080075ec                AHBPrescTable
 .rodata.UFCP_Usart_Timeout_stop
                0x080075fc        0x2 ./Middlewares/MotorControl/usart_frame_communication_protocol.o
 .rodata.UFCP_Usart_Timeout_start
                0x080075fe        0x2 ./Middlewares/MotorControl/usart_frame_communication_protocol.o
 .rodata.UFCP_Usart_Timeout_none
                0x08007600        0x2 ./Middlewares/MotorControl/usart_frame_communication_protocol.o
                0x08007604                        . = ALIGN (0x4)
 *fill*         0x08007602        0x2 

.ARM.extab      0x08007604        0x0
                0x08007604                        . = ALIGN (0x4)
 *(.ARM.extab* .gnu.linkonce.armextab.*)
                0x08007604                        . = ALIGN (0x4)

.ARM            0x08007604        0x8
                0x08007604                        . = ALIGN (0x4)
                0x08007604                        __exidx_start = .
 *(.ARM.exidx*)
 .ARM.exidx     0x08007604        0x8 C:/ST/STM32CubeIDE_1.12.1/STM32CubeIDE/plugins/com.st.stm32cube.ide.mcu.externaltools.gnu-tools-for-stm32.12.3.rel1.win32_1.0.200.202406191623/tools/bin/../lib/gcc/arm-none-eabi/12.3.1/thumb/v7e-m+fp/hard\libgcc.a(_udivmoddi4.o)
                0x0800760c                        __exidx_end = .
                0x0800760c                        . = ALIGN (0x4)

.rel.dyn        0x0800760c        0x0
 .rel.iplt      0x0800760c        0x0 C:/ST/STM32CubeIDE_1.12.1/STM32CubeIDE/plugins/com.st.stm32cube.ide.mcu.externaltools.gnu-tools-for-stm32.12.3.rel1.win32_1.0.200.202406191623/tools/bin/../lib/gcc/arm-none-eabi/12.3.1/thumb/v7e-m+fp/hard/crtbegin.o

.preinit_array  0x0800760c        0x0
                0x0800760c                        . = ALIGN (0x4)
                0x0800760c                        PROVIDE (__preinit_array_start = .)
 *(.preinit_array*)
                0x0800760c                        PROVIDE (__preinit_array_end = .)
                0x0800760c                        . = ALIGN (0x4)

.init_array     0x0800760c        0x4
                0x0800760c                        . = ALIGN (0x4)
                0x0800760c                        PROVIDE (__init_array_start = .)
 *(SORT_BY_NAME(.init_array.*))
 *(.init_array*)
 .init_array    0x0800760c        0x4 C:/ST/STM32CubeIDE_1.12.1/STM32CubeIDE/plugins/com.st.stm32cube.ide.mcu.externaltools.gnu-tools-for-stm32.12.3.rel1.win32_1.0.200.202406191623/tools/bin/../lib/gcc/arm-none-eabi/12.3.1/thumb/v7e-m+fp/hard/crtbegin.o
                0x08007610                        PROVIDE (__init_array_end = .)
                0x08007610                        . = ALIGN (0x4)

.fini_array     0x08007610        0x4
                0x08007610                        . = ALIGN (0x4)
                [!provide]                        PROVIDE (__fini_array_start = .)
 *(SORT_BY_NAME(.fini_array.*))
 *(.fini_array*)
 .fini_array    0x08007610        0x4 C:/ST/STM32CubeIDE_1.12.1/STM32CubeIDE/plugins/com.st.stm32cube.ide.mcu.externaltools.gnu-tools-for-stm32.12.3.rel1.win32_1.0.200.202406191623/tools/bin/../lib/gcc/arm-none-eabi/12.3.1/thumb/v7e-m+fp/hard/crtbegin.o
                [!provide]                        PROVIDE (__fini_array_end = .)
                0x08007614                        . = ALIGN (0x4)
                0x08007614                        _sidata = LOADADDR (.data)

.data           0x20000000      0x5c8 load address 0x08007614
                0x20000000                        . = ALIGN (0x4)
                0x20000000                        _sdata = .
 *(.data)
 *(.data*)
 .data.pUSART   0x20000000      0x13c ./Application/User/mc_config.o
                0x20000000                pUSART
 .data.CircleLimitationM1
                0x2000013c       0xb4 ./Application/User/mc_config.o
                0x2000013c                CircleLimitationM1
 .data.RampExtMngrHFParamsM1
                0x200001f0       0x18 ./Application/User/mc_config.o
                0x200001f0                RampExtMngrHFParamsM1
 .data.RealBusVoltageSensorParamsM1
                0x20000208       0x28 ./Application/User/mc_config.o
                0x20000208                RealBusVoltageSensorParamsM1
 .data.TempSensorParamsM1
                0x20000230       0x28 ./Application/User/mc_config.o
                0x20000230                TempSensorParamsM1
 .data.HALL_M1  0x20000258       0xc8 ./Application/User/mc_config.o
                0x20000258                HALL_M1
 .data.PWM_Handle_M1
                0x20000320       0x74 ./Application/User/mc_config.o
                0x20000320                PWM_Handle_M1
 .data.SpeednTorqCtrlM1
                0x20000394       0x34 ./Application/User/mc_config.o
                0x20000394                SpeednTorqCtrlM1
 .data.PIDIdHandle_M1
                0x200003c8       0x2c ./Application/User/mc_config.o
                0x200003c8                PIDIdHandle_M1
 .data.PIDIqHandle_M1
                0x200003f4       0x2c ./Application/User/mc_config.o
                0x200003f4                PIDIqHandle_M1
 .data.PIDSpeedHandle_M1
                0x20000420       0x2c ./Application/User/mc_config.o
                0x20000420                PIDSpeedHandle_M1
 .data.PQD_MotorPowMeasM1
                0x2000044c      0x114 ./Application/User/mc_config.o
                0x2000044c                PQD_MotorPowMeasM1
 .data.wConfig  0x20000560        0x4 ./Application/User/motorcontrol.o
                0x20000560                wConfig
 .data.bCOMATRTimeCounter
                0x20000564        0x2 ./Application/User/ui_task.o
 *fill*         0x20000566        0x2 
 .data.SystemCoreClock
                0x20000568        0x4 ./Drivers/CMSIS/system_stm32f4xx.o
                0x20000568                SystemCoreClock
 .data.uwTickFreq
                0x2000056c        0x1 ./Drivers/STM32F4xx_HAL_Driver/stm32f4xx_hal.o
                0x2000056c                uwTickFreq
 *fill*         0x2000056d        0x3 
 .data.uwTickPrio
                0x20000570        0x4 ./Drivers/STM32F4xx_HAL_Driver/stm32f4xx_hal.o
                0x20000570                uwTickPrio
 .data.uxCriticalNesting
                0x20000574        0x4 ./Middlewares/FreeRTOS/port.o
 .data._impure_ptr
                0x20000578        0x4 C:/ST/STM32CubeIDE_1.12.1/STM32CubeIDE/plugins/com.st.stm32cube.ide.mcu.externaltools.gnu-tools-for-stm32.12.3.rel1.win32_1.0.200.202406191623/tools/bin/../lib/gcc/arm-none-eabi/12.3.1/../../../../arm-none-eabi/lib/thumb/v7e-m+fp/hard\libc_nano.a(libc_a-impure.o)
                0x20000578                _impure_ptr
 .data._impure_data
                0x2000057c       0x4c C:/ST/STM32CubeIDE_1.12.1/STM32CubeIDE/plugins/com.st.stm32cube.ide.mcu.externaltools.gnu-tools-for-stm32.12.3.rel1.win32_1.0.200.202406191623/tools/bin/../lib/gcc/arm-none-eabi/12.3.1/../../../../arm-none-eabi/lib/thumb/v7e-m+fp/hard\libc_nano.a(libc_a-impure.o)
                0x2000057c                _impure_data
 *(.RamFunc)
 *(.RamFunc*)
                0x200005c8                        . = ALIGN (0x4)
                0x200005c8                        _edata = .

.igot.plt       0x200005c8        0x0 load address 0x08007bdc
 .igot.plt      0x200005c8        0x0 C:/ST/STM32CubeIDE_1.12.1/STM32CubeIDE/plugins/com.st.stm32cube.ide.mcu.externaltools.gnu-tools-for-stm32.12.3.rel1.win32_1.0.200.202406191623/tools/bin/../lib/gcc/arm-none-eabi/12.3.1/thumb/v7e-m+fp/hard/crtbegin.o
                0x200005c8                        . = ALIGN (0x4)

.bss            0x200005c8     0x4504 load address 0x08007bdc
                0x200005c8                        _sbss = .
                0x200005c8                        __bss_start__ = _sbss
 *(.bss)
 .bss           0x200005c8       0x1c C:/ST/STM32CubeIDE_1.12.1/STM32CubeIDE/plugins/com.st.stm32cube.ide.mcu.externaltools.gnu-tools-for-stm32.12.3.rel1.win32_1.0.200.202406191623/tools/bin/../lib/gcc/arm-none-eabi/12.3.1/thumb/v7e-m+fp/hard/crtbegin.o
 *(.bss*)
 .bss.xIdleStack
                0x200005e4      0x200 ./Application/User/freertos.o
 .bss.xIdleTaskTCBBuffer
                0x200007e4       0xa0 ./Application/User/freertos.o
 .bss.safetyHandle
                0x20000884        0x4 ./Application/User/main.o
                0x20000884                safetyHandle
 .bss.mediumFrequencyHandle
                0x20000888        0x4 ./Application/User/main.o
                0x20000888                mediumFrequencyHandle
 .bss.htim2     0x2000088c       0x48 ./Application/User/main.o
                0x2000088c                htim2
 .bss.htim1     0x200008d4       0x48 ./Application/User/main.o
                0x200008d4                htim1
 .bss.hadc2     0x2000091c       0x48 ./Application/User/main.o
                0x2000091c                hadc2
 .bss.hadc1     0x20000964       0x48 ./Application/User/main.o
                0x20000964                hadc1
 .bss.UI_Params
                0x200009ac       0x18 ./Application/User/mc_config.o
                0x200009ac                UI_Params
 .bss.RealBusVoltageSensorFilterBufferM1
                0x200009c4       0x14 ./Application/User/mc_config.o
                0x200009c4                RealBusVoltageSensorFilterBufferM1
 .bss.bMCBootCompleted
                0x200009d8        0x1 ./Application/User/mc_tasks.o
                0x200009d8                bMCBootCompleted
 *fill*         0x200009d9        0x1 
 .bss.hStopPermanencyCounterM1
                0x200009da        0x2 ./Application/User/mc_tasks.o
 .bss.hBootCapDelayCounterM1
                0x200009dc        0x2 ./Application/User/mc_tasks.o
 .bss.hMFTaskCounterM1
                0x200009de        0x2 ./Application/User/mc_tasks.o
 .bss.pREMNG    0x200009e0        0x4 ./Application/User/mc_tasks.o
                0x200009e0                pREMNG
 .bss.pCLM      0x200009e4        0x4 ./Application/User/mc_tasks.o
                0x200009e4                pCLM
 .bss.pMPM      0x200009e8        0x4 ./Application/User/mc_tasks.o
                0x200009e8                pMPM
 .bss.pwmcHandle
                0x200009ec        0x4 ./Application/User/mc_tasks.o
                0x200009ec                pwmcHandle
 .bss.pTemperatureSensor
                0x200009f0        0x4 ./Application/User/mc_tasks.o
                0x200009f0                pTemperatureSensor
 .bss.pBusSensorM1
                0x200009f4        0x4 ./Application/User/mc_tasks.o
                0x200009f4                pBusSensorM1
 .bss.pPIDId    0x200009f8        0x4 ./Application/User/mc_tasks.o
                0x200009f8                pPIDId
 .bss.pPIDIq    0x200009fc        0x4 ./Application/User/mc_tasks.o
                0x200009fc                pPIDIq
 .bss.pPIDSpeed
                0x20000a00        0x4 ./Application/User/mc_tasks.o
                0x20000a00                pPIDSpeed
 .bss.pSTC      0x20000a04        0x4 ./Application/User/mc_tasks.o
                0x20000a04                pSTC
 .bss.STM       0x20000a08        0x6 ./Application/User/mc_tasks.o
                0x20000a08                STM
 *fill*         0x20000a0e        0x2 
 .bss.MCT       0x20000a10       0x54 ./Application/User/mc_tasks.o
                0x20000a10                MCT
 .bss.oMCInterface
                0x20000a64        0x4 ./Application/User/mc_tasks.o
                0x20000a64                oMCInterface
 .bss.Mci       0x20000a68       0x1c ./Application/User/mc_tasks.o
                0x20000a68                Mci
 .bss.FOCVars   0x20000a84       0x26 ./Application/User/mc_tasks.o
                0x20000a84                FOCVars
 *fill*         0x20000aaa        0x2 
 .bss.MPInfo    0x20000aac        0x8 ./Application/User/motor_control_protocol.o
                0x20000aac                MPInfo
 .bss.pMCT      0x20000ab4        0x4 ./Application/User/motorcontrol.o
                0x20000ab4                pMCT
 .bss.pMCI      0x20000ab8        0x4 ./Application/User/motorcontrol.o
                0x20000ab8                pMCI
 .bss.RCM_UserConvState
                0x20000abc        0x1 ./Application/User/regular_conversion_manager.o
                0x20000abc                RCM_UserConvState
 *fill*         0x20000abd        0x1 
 .bss.RCM_UserConvValue
                0x20000abe        0x2 ./Application/User/regular_conversion_manager.o
                0x20000abe                RCM_UserConvValue
 .bss.RCM_UserConvHandle
                0x20000ac0        0x1 ./Application/User/regular_conversion_manager.o
                0x20000ac0                RCM_UserConvHandle
 *fill*         0x20000ac1        0x3 
 .bss.RCM_CB_array
                0x20000ac4       0x20 ./Application/User/regular_conversion_manager.o
                0x20000ac4                RCM_CB_array
 .bss.RCM_handle_array
                0x20000ae4       0x10 ./Application/User/regular_conversion_manager.o
                0x20000ae4                RCM_handle_array
 .bss.htim6     0x20000af4       0x48 ./Application/User/stm32f4xx_hal_timebase_tim.o
                0x20000af4                htim6
 .bss.bCOMTimeoutCounter
                0x20000b3c        0x2 ./Application/User/ui_task.o
 .bss.bUITaskCounter
                0x20000b3e        0x2 ./Application/User/ui_task.o
 .bss.MCP_UI_Params
                0x20000b40       0xb0 ./Application/User/ui_task.o
                0x20000b40                MCP_UI_Params
 .bss.pMCP      0x20000bf0        0x4 ./Application/User/ui_task.o
                0x20000bf0                pMCP
 .bss.uwTick    0x20000bf4        0x4 ./Drivers/STM32F4xx_HAL_Driver/stm32f4xx_hal.o
                0x20000bf4                uwTick
 .bss.xBlockAllocatedBit
                0x20000bf8        0x4 ./Middlewares/FreeRTOS/heap_4.o
 .bss.xNumberOfSuccessfulFrees
                0x20000bfc        0x4 ./Middlewares/FreeRTOS/heap_4.o
 .bss.xNumberOfSuccessfulAllocations
                0x20000c00        0x4 ./Middlewares/FreeRTOS/heap_4.o
 .bss.xMinimumEverFreeBytesRemaining
                0x20000c04        0x4 ./Middlewares/FreeRTOS/heap_4.o
 .bss.xFreeBytesRemaining
                0x20000c08        0x4 ./Middlewares/FreeRTOS/heap_4.o
 .bss.pxEnd     0x20000c0c        0x4 ./Middlewares/FreeRTOS/heap_4.o
 .bss.xStart    0x20000c10        0x8 ./Middlewares/FreeRTOS/heap_4.o
 .bss.ucHeap    0x20000c18     0x3c00 ./Middlewares/FreeRTOS/heap_4.o
 .bss.ulMaxPRIGROUPValue
                0x20004818        0x4 ./Middlewares/FreeRTOS/port.o
 .bss.ucMaxSysCallPriority
                0x2000481c        0x1 ./Middlewares/FreeRTOS/port.o
 *fill*         0x2000481d        0x3 
 .bss.uxSchedulerSuspended
                0x20004820        0x4 ./Middlewares/FreeRTOS/tasks.o
 .bss.xNextTaskUnblockTime
                0x20004824        0x4 ./Middlewares/FreeRTOS/tasks.o
 .bss.uxTaskNumber
                0x20004828        0x4 ./Middlewares/FreeRTOS/tasks.o
 .bss.xNumOfOverflows
                0x2000482c        0x4 ./Middlewares/FreeRTOS/tasks.o
 .bss.xYieldPending
                0x20004830        0x4 ./Middlewares/FreeRTOS/tasks.o
 .bss.xPendedTicks
                0x20004834        0x4 ./Middlewares/FreeRTOS/tasks.o
 .bss.xSchedulerRunning
                0x20004838        0x4 ./Middlewares/FreeRTOS/tasks.o
 .bss.uxTopReadyPriority
                0x2000483c        0x4 ./Middlewares/FreeRTOS/tasks.o
 .bss.xTickCount
                0x20004840        0x4 ./Middlewares/FreeRTOS/tasks.o
 .bss.uxCurrentNumberOfTasks
                0x20004844        0x4 ./Middlewares/FreeRTOS/tasks.o
 .bss.xSuspendedTaskList
                0x20004848       0x14 ./Middlewares/FreeRTOS/tasks.o
 .bss.uxDeletedTasksWaitingCleanUp
                0x2000485c        0x4 ./Middlewares/FreeRTOS/tasks.o
 .bss.xTasksWaitingTermination
                0x20004860       0x14 ./Middlewares/FreeRTOS/tasks.o
 .bss.xPendingReadyList
                0x20004874       0x14 ./Middlewares/FreeRTOS/tasks.o
 .bss.pxOverflowDelayedTaskList
                0x20004888        0x4 ./Middlewares/FreeRTOS/tasks.o
 .bss.pxDelayedTaskList
                0x2000488c        0x4 ./Middlewares/FreeRTOS/tasks.o
 .bss.xDelayedTaskList2
                0x20004890       0x14 ./Middlewares/FreeRTOS/tasks.o
 .bss.xDelayedTaskList1
                0x200048a4       0x14 ./Middlewares/FreeRTOS/tasks.o
 .bss.pxReadyTasksLists
                0x200048b8       0x8c ./Middlewares/FreeRTOS/tasks.o
 .bss.pxCurrentTCB
                0x20004944        0x4 ./Middlewares/FreeRTOS/tasks.o
                0x20004944                pxCurrentTCB
 .bss.huart1    0x20004948       0x44 ./UDHAL/UDHAL_UART.o
                0x20004948                huart1
 .bss.__sf      0x2000498c      0x138 C:/ST/STM32CubeIDE_1.12.1/STM32CubeIDE/plugins/com.st.stm32cube.ide.mcu.externaltools.gnu-tools-for-stm32.12.3.rel1.win32_1.0.200.202406191623/tools/bin/../lib/gcc/arm-none-eabi/12.3.1/../../../../arm-none-eabi/lib/thumb/v7e-m+fp/hard\libc_nano.a(libc_a-findfp.o)
                0x2000498c                __sf
 .bss.__lock___malloc_recursive_mutex
                0x20004ac4        0x1 C:/ST/STM32CubeIDE_1.12.1/STM32CubeIDE/plugins/com.st.stm32cube.ide.mcu.externaltools.gnu-tools-for-stm32.12.3.rel1.win32_1.0.200.202406191623/tools/bin/../lib/gcc/arm-none-eabi/12.3.1/../../../../arm-none-eabi/lib/thumb/v7e-m+fp/hard\libc_nano.a(libc_a-lock.o)
                0x20004ac4                __lock___malloc_recursive_mutex
 *fill*         0x20004ac5        0x3 
 .bss.__malloc_free_list
                0x20004ac8        0x4 C:/ST/STM32CubeIDE_1.12.1/STM32CubeIDE/plugins/com.st.stm32cube.ide.mcu.externaltools.gnu-tools-for-stm32.12.3.rel1.win32_1.0.200.202406191623/tools/bin/../lib/gcc/arm-none-eabi/12.3.1/../../../../arm-none-eabi/lib/thumb/v7e-m+fp/hard\libc_nano.a(libc_a-mallocr.o)
                0x20004ac8                __malloc_free_list
 *(COMMON)
                0x20004acc                        . = ALIGN (0x4)
                0x20004acc                        _ebss = .
                0x20004acc                        __bss_end__ = _ebss

._user_heap_stack
                0x20004acc      0x604 load address 0x08007bdc
                0x20004ad0                        . = ALIGN (0x8)
 *fill*         0x20004acc        0x4 
                [!provide]                        PROVIDE (end = .)
                0x20004ad0                        PROVIDE (_end = .)
                0x20004cd0                        . = (. + _Min_Heap_Size)
 *fill*         0x20004ad0      0x200 
                0x200050d0                        . = (. + _Min_Stack_Size)
 *fill*         0x20004cd0      0x400 
                0x200050d0                        . = ALIGN (0x8)

/DISCARD/
 libc.a(*)
 libm.a(*)
 libgcc.a(*)

.ARM.attributes
                0x00000000       0x30
 *(.ARM.attributes)
 .ARM.attributes
                0x00000000       0x22 C:/ST/STM32CubeIDE_1.12.1/STM32CubeIDE/plugins/com.st.stm32cube.ide.mcu.externaltools.gnu-tools-for-stm32.12.3.rel1.win32_1.0.200.202406191623/tools/bin/../lib/gcc/arm-none-eabi/12.3.1/thumb/v7e-m+fp/hard/crti.o
 .ARM.attributes
                0x00000022       0x34 C:/ST/STM32CubeIDE_1.12.1/STM32CubeIDE/plugins/com.st.stm32cube.ide.mcu.externaltools.gnu-tools-for-stm32.12.3.rel1.win32_1.0.200.202406191623/tools/bin/../lib/gcc/arm-none-eabi/12.3.1/thumb/v7e-m+fp/hard/crtbegin.o
 .ARM.attributes
                0x00000056       0x21 ./Application/Startup/startup_stm32f446retx.o
 .ARM.attributes
                0x00000077       0x30 ./Application/User/freertos.o
 .ARM.attributes
                0x000000a7       0x30 ./Application/User/main.o
 .ARM.attributes
                0x000000d7       0x30 ./Application/User/mc_config.o
 .ARM.attributes
                0x00000107       0x30 ./Application/User/mc_interface.o
 .ARM.attributes
                0x00000137       0x30 ./Application/User/mc_math.o
 .ARM.attributes
                0x00000167       0x30 ./Application/User/mc_parameters.o
 .ARM.attributes
                0x00000197       0x30 ./Application/User/mc_tasks.o
 .ARM.attributes
                0x000001c7       0x30 ./Application/User/motor_control_protocol.o
 .ARM.attributes
                0x000001f7       0x30 ./Application/User/motorcontrol.o
 .ARM.attributes
                0x00000227       0x30 ./Application/User/regular_conversion_manager.o
 .ARM.attributes
                0x00000257       0x30 ./Application/User/stm32f4xx_hal_msp.o
 .ARM.attributes
                0x00000287       0x30 ./Application/User/stm32f4xx_hal_timebase_tim.o
 .ARM.attributes
                0x000002b7       0x30 ./Application/User/stm32f4xx_it.o
 .ARM.attributes
                0x000002e7       0x30 ./Application/User/stm32f4xx_mc_it.o
 .ARM.attributes
                0x00000317       0x30 ./Application/User/ui_task.o
 .ARM.attributes
                0x00000347       0x30 ./Application/User/user_interface.o
 .ARM.attributes
                0x00000377       0x30 ./Drivers/CMSIS/system_stm32f4xx.o
 .ARM.attributes
                0x000003a7       0x30 ./Drivers/STM32F4xx_HAL_Driver/stm32f4xx_hal.o
 .ARM.attributes
                0x000003d7       0x30 ./Drivers/STM32F4xx_HAL_Driver/stm32f4xx_hal_adc.o
 .ARM.attributes
                0x00000407       0x30 ./Drivers/STM32F4xx_HAL_Driver/stm32f4xx_hal_adc_ex.o
 .ARM.attributes
                0x00000437       0x30 ./Drivers/STM32F4xx_HAL_Driver/stm32f4xx_hal_cortex.o
 .ARM.attributes
                0x00000467       0x30 ./Drivers/STM32F4xx_HAL_Driver/stm32f4xx_hal_gpio.o
 .ARM.attributes
                0x00000497       0x30 ./Drivers/STM32F4xx_HAL_Driver/stm32f4xx_hal_pwr_ex.o
 .ARM.attributes
                0x000004c7       0x30 ./Drivers/STM32F4xx_HAL_Driver/stm32f4xx_hal_rcc.o
 .ARM.attributes
                0x000004f7       0x30 ./Drivers/STM32F4xx_HAL_Driver/stm32f4xx_hal_rcc_ex.o
 .ARM.attributes
                0x00000527       0x30 ./Drivers/STM32F4xx_HAL_Driver/stm32f4xx_hal_tim.o
 .ARM.attributes
                0x00000557       0x30 ./Drivers/STM32F4xx_HAL_Driver/stm32f4xx_hal_tim_ex.o
 .ARM.attributes
                0x00000587       0x30 ./Drivers/STM32F4xx_HAL_Driver/stm32f4xx_hal_uart.o
 .ARM.attributes
                0x000005b7       0x30 ./Middlewares/FreeRTOS/cmsis_os.o
 .ARM.attributes
                0x000005e7       0x30 ./Middlewares/FreeRTOS/heap_4.o
 .ARM.attributes
                0x00000617       0x30 ./Middlewares/FreeRTOS/list.o
 .ARM.attributes
                0x00000647       0x30 ./Middlewares/FreeRTOS/port.o
 .ARM.attributes
                0x00000677       0x30 ./Middlewares/FreeRTOS/tasks.o
 .ARM.attributes
                0x000006a7       0x30 ./Middlewares/MotorControl/bus_voltage_sensor.o
 .ARM.attributes
                0x000006d7       0x30 ./Middlewares/MotorControl/circle_limitation.o
 .ARM.attributes
                0x00000707       0x30 ./Middlewares/MotorControl/frame_communication_protocol.o
 .ARM.attributes
                0x00000737       0x30 ./Middlewares/MotorControl/hall_speed_pos_fdbk.o
 .ARM.attributes
                0x00000767       0x30 ./Middlewares/MotorControl/ics_f4xx_pwm_curr_fdbk.o
 .ARM.attributes
                0x00000797       0x30 ./Middlewares/MotorControl/motor_power_measurement.o
 .ARM.attributes
                0x000007c7       0x30 ./Middlewares/MotorControl/ntc_temperature_sensor.o
 .ARM.attributes
                0x000007f7       0x30 ./Middlewares/MotorControl/pid_regulator.o
 .ARM.attributes
                0x00000827       0x30 ./Middlewares/MotorControl/pqd_motor_power_measurement.o
 .ARM.attributes
                0x00000857       0x30 ./Middlewares/MotorControl/pwm_common.o
 .ARM.attributes
                0x00000887       0x30 ./Middlewares/MotorControl/pwm_curr_fdbk.o
 .ARM.attributes
                0x000008b7       0x30 ./Middlewares/MotorControl/r_divider_bus_voltage_sensor.o
 .ARM.attributes
                0x000008e7       0x30 ./Middlewares/MotorControl/ramp_ext_mngr.o
 .ARM.attributes
                0x00000917       0x30 ./Middlewares/MotorControl/revup_ctrl.o
 .ARM.attributes
                0x00000947       0x30 ./Middlewares/MotorControl/speed_pos_fdbk.o
 .ARM.attributes
                0x00000977       0x30 ./Middlewares/MotorControl/speed_torq_ctrl.o
 .ARM.attributes
                0x000009a7       0x30 ./Middlewares/MotorControl/state_machine.o
 .ARM.attributes
                0x000009d7       0x30 ./Middlewares/MotorControl/usart_frame_communication_protocol.o
 .ARM.attributes
                0x00000a07       0x30 ./UDHAL/UDHAL_GPIO.o
 .ARM.attributes
                0x00000a37       0x30 ./UDHAL/UDHAL_SYSCLK.o
 .ARM.attributes
                0x00000a67       0x30 ./UDHAL/UDHAL_UART.o
 .ARM.attributes
                0x00000a97       0x34 C:/ST/STM32CubeIDE_1.12.1/STM32CubeIDE/plugins/com.st.stm32cube.ide.mcu.externaltools.gnu-tools-for-stm32.12.3.rel1.win32_1.0.200.202406191623/tools/bin/../lib/gcc/arm-none-eabi/12.3.1/../../../../arm-none-eabi/lib/thumb/v7e-m+fp/hard\libc_nano.a(libc_a-findfp.o)
 .ARM.attributes
                0x00000acb       0x34 C:/ST/STM32CubeIDE_1.12.1/STM32CubeIDE/plugins/com.st.stm32cube.ide.mcu.externaltools.gnu-tools-for-stm32.12.3.rel1.win32_1.0.200.202406191623/tools/bin/../lib/gcc/arm-none-eabi/12.3.1/../../../../arm-none-eabi/lib/thumb/v7e-m+fp/hard\libc_nano.a(libc_a-memset.o)
 .ARM.attributes
                0x00000aff       0x34 C:/ST/STM32CubeIDE_1.12.1/STM32CubeIDE/plugins/com.st.stm32cube.ide.mcu.externaltools.gnu-tools-for-stm32.12.3.rel1.win32_1.0.200.202406191623/tools/bin/../lib/gcc/arm-none-eabi/12.3.1/../../../../arm-none-eabi/lib/thumb/v7e-m+fp/hard\libc_nano.a(libc_a-reent.o)
 .ARM.attributes
                0x00000b33       0x34 C:/ST/STM32CubeIDE_1.12.1/STM32CubeIDE/plugins/com.st.stm32cube.ide.mcu.externaltools.gnu-tools-for-stm32.12.3.rel1.win32_1.0.200.202406191623/tools/bin/../lib/gcc/arm-none-eabi/12.3.1/../../../../arm-none-eabi/lib/thumb/v7e-m+fp/hard\libc_nano.a(libc_a-impure.o)
 .ARM.attributes
                0x00000b67       0x34 C:/ST/STM32CubeIDE_1.12.1/STM32CubeIDE/plugins/com.st.stm32cube.ide.mcu.externaltools.gnu-tools-for-stm32.12.3.rel1.win32_1.0.200.202406191623/tools/bin/../lib/gcc/arm-none-eabi/12.3.1/../../../../arm-none-eabi/lib/thumb/v7e-m+fp/hard\libc_nano.a(libc_a-init.o)
 .ARM.attributes
                0x00000b9b       0x34 C:/ST/STM32CubeIDE_1.12.1/STM32CubeIDE/plugins/com.st.stm32cube.ide.mcu.externaltools.gnu-tools-for-stm32.12.3.rel1.win32_1.0.200.202406191623/tools/bin/../lib/gcc/arm-none-eabi/12.3.1/../../../../arm-none-eabi/lib/thumb/v7e-m+fp/hard\libc_nano.a(libc_a-lock.o)
 .ARM.attributes
                0x00000bcf       0x34 C:/ST/STM32CubeIDE_1.12.1/STM32CubeIDE/plugins/com.st.stm32cube.ide.mcu.externaltools.gnu-tools-for-stm32.12.3.rel1.win32_1.0.200.202406191623/tools/bin/../lib/gcc/arm-none-eabi/12.3.1/../../../../arm-none-eabi/lib/thumb/v7e-m+fp/hard\libc_nano.a(libc_a-freer.o)
 .ARM.attributes
                0x00000c03       0x34 C:/ST/STM32CubeIDE_1.12.1/STM32CubeIDE/plugins/com.st.stm32cube.ide.mcu.externaltools.gnu-tools-for-stm32.12.3.rel1.win32_1.0.200.202406191623/tools/bin/../lib/gcc/arm-none-eabi/12.3.1/../../../../arm-none-eabi/lib/thumb/v7e-m+fp/hard\libc_nano.a(libc_a-mallocr.o)
 .ARM.attributes
                0x00000c37       0x34 C:/ST/STM32CubeIDE_1.12.1/STM32CubeIDE/plugins/com.st.stm32cube.ide.mcu.externaltools.gnu-tools-for-stm32.12.3.rel1.win32_1.0.200.202406191623/tools/bin/../lib/gcc/arm-none-eabi/12.3.1/../../../../arm-none-eabi/lib/thumb/v7e-m+fp/hard\libc_nano.a(libc_a-mlock.o)
 .ARM.attributes
                0x00000c6b       0x22 C:/ST/STM32CubeIDE_1.12.1/STM32CubeIDE/plugins/com.st.stm32cube.ide.mcu.externaltools.gnu-tools-for-stm32.12.3.rel1.win32_1.0.200.202406191623/tools/bin/../lib/gcc/arm-none-eabi/12.3.1/thumb/v7e-m+fp/hard\libgcc.a(_aeabi_uldivmod.o)
 .ARM.attributes
                0x00000c8d       0x34 C:/ST/STM32CubeIDE_1.12.1/STM32CubeIDE/plugins/com.st.stm32cube.ide.mcu.externaltools.gnu-tools-for-stm32.12.3.rel1.win32_1.0.200.202406191623/tools/bin/../lib/gcc/arm-none-eabi/12.3.1/thumb/v7e-m+fp/hard\libgcc.a(_udivmoddi4.o)
 .ARM.attributes
                0x00000cc1       0x22 C:/ST/STM32CubeIDE_1.12.1/STM32CubeIDE/plugins/com.st.stm32cube.ide.mcu.externaltools.gnu-tools-for-stm32.12.3.rel1.win32_1.0.200.202406191623/tools/bin/../lib/gcc/arm-none-eabi/12.3.1/thumb/v7e-m+fp/hard\libgcc.a(_dvmd_tls.o)
 .ARM.attributes
                0x00000ce3       0x22 C:/ST/STM32CubeIDE_1.12.1/STM32CubeIDE/plugins/com.st.stm32cube.ide.mcu.externaltools.gnu-tools-for-stm32.12.3.rel1.win32_1.0.200.202406191623/tools/bin/../lib/gcc/arm-none-eabi/12.3.1/thumb/v7e-m+fp/hard/crtn.o
OUTPUT(genevGOf446xx.elf elf32-littlearm)
LOAD linker stubs
LOAD C:/ST/STM32CubeIDE_1.12.1/STM32CubeIDE/plugins/com.st.stm32cube.ide.mcu.externaltools.gnu-tools-for-stm32.12.3.rel1.win32_1.0.200.202406191623/tools/bin/../lib/gcc/arm-none-eabi/12.3.1/../../../../arm-none-eabi/lib/thumb/v7e-m+fp/hard\libc.a
LOAD C:/ST/STM32CubeIDE_1.12.1/STM32CubeIDE/plugins/com.st.stm32cube.ide.mcu.externaltools.gnu-tools-for-stm32.12.3.rel1.win32_1.0.200.202406191623/tools/bin/../lib/gcc/arm-none-eabi/12.3.1/../../../../arm-none-eabi/lib/thumb/v7e-m+fp/hard\libm.a
LOAD C:/ST/STM32CubeIDE_1.12.1/STM32CubeIDE/plugins/com.st.stm32cube.ide.mcu.externaltools.gnu-tools-for-stm32.12.3.rel1.win32_1.0.200.202406191623/tools/bin/../lib/gcc/arm-none-eabi/12.3.1/thumb/v7e-m+fp/hard\libgcc.a

.debug_line     0x00000000    0x3fd01
 .debug_line    0x00000000       0x7a ./Application/Startup/startup_stm32f446retx.o
 .debug_line    0x0000007a      0xfef ./Application/User/freertos.o
 .debug_line    0x00001069     0x189b ./Application/User/main.o
 .debug_line    0x00002904      0xd95 ./Application/User/mc_config.o
 .debug_line    0x00003699      0xf20 ./Application/User/mc_interface.o
 .debug_line    0x000045b9      0xec7 ./Application/User/mc_math.o
 .debug_line    0x00005480      0xd86 ./Application/User/mc_parameters.o
 .debug_line    0x00006206     0x1990 ./Application/User/mc_tasks.o
 .debug_line    0x00007b96     0x1232 ./Application/User/motor_control_protocol.o
 .debug_line    0x00008dc8      0xe00 ./Application/User/motorcontrol.o
 .debug_line    0x00009bc8     0x12d0 ./Application/User/regular_conversion_manager.o
 .debug_line    0x0000ae98     0x1137 ./Application/User/stm32f4xx_hal_msp.o
 .debug_line    0x0000bfcf      0x8c3 ./Application/User/stm32f4xx_hal_timebase_tim.o
 .debug_line    0x0000c892      0xdac ./Application/User/stm32f4xx_it.o
 .debug_line    0x0000d63e     0x11a8 ./Application/User/stm32f4xx_mc_it.o
 .debug_line    0x0000e7e6      0xf0d ./Application/User/ui_task.o
 .debug_line    0x0000f6f3     0x140a ./Application/User/user_interface.o
 .debug_line    0x00010afd      0x866 ./Drivers/CMSIS/system_stm32f4xx.o
 .debug_line    0x00011363      0xb8b ./Drivers/STM32F4xx_HAL_Driver/stm32f4xx_hal.o