Archive member included to satisfy reference by file (symbol)

C:/ST/STM32CubeIDE_1.12.1/STM32CubeIDE/plugins/com.st.stm32cube.ide.mcu.externaltools.gnu-tools-for-stm32.12.3.rel1.win32_1.0.200.202406191623/tools/bin/../lib/gcc/arm-none-eabi/12.3.1/../../../../arm-none-eabi/lib/thumb/v7e-m+fp/hard\libc_nano.a(libc_a-exit.o)
                              C:/ST/STM32CubeIDE_1.12.1/STM32CubeIDE/plugins/com.st.stm32cube.ide.mcu.externaltools.gnu-tools-for-stm32.12.3.rel1.win32_1.0.200.202406191623/tools/bin/../lib/gcc/arm-none-eabi/12.3.1/../../../../arm-none-eabi/lib/thumb/v7e-m+fp/hard/crt0.o (exit)
C:/ST/STM32CubeIDE_1.12.1/STM32CubeIDE/plugins/com.st.stm32cube.ide.mcu.externaltools.gnu-tools-for-stm32.12.3.rel1.win32_1.0.200.202406191623/tools/bin/../lib/gcc/arm-none-eabi/12.3.1/../../../../arm-none-eabi/lib/thumb/v7e-m+fp/hard\libc_nano.a(libc_a-findfp.o)
                              ./Middlewares/FreeRTOS/tasks.o (__sf)
C:/ST/STM32CubeIDE_1.12.1/STM32CubeIDE/plugins/com.st.stm32cube.ide.mcu.externaltools.gnu-tools-for-stm32.12.3.rel1.win32_1.0.200.202406191623/tools/bin/../lib/gcc/arm-none-eabi/12.3.1/../../../../arm-none-eabi/lib/thumb/v7e-m+fp/hard\libc_nano.a(libc_a-fwalk.o)
                              C:/ST/STM32CubeIDE_1.12.1/STM32CubeIDE/plugins/com.st.stm32cube.ide.mcu.externaltools.gnu-tools-for-stm32.12.3.rel1.win32_1.0.200.202406191623/tools/bin/../lib/gcc/arm-none-eabi/12.3.1/../../../../arm-none-eabi/lib/thumb/v7e-m+fp/hard\libc_nano.a(libc_a-findfp.o) (_fwalk_sglue)
C:/ST/STM32CubeIDE_1.12.1/STM32CubeIDE/plugins/com.st.stm32cube.ide.mcu.externaltools.gnu-tools-for-stm32.12.3.rel1.win32_1.0.200.202406191623/tools/bin/../lib/gcc/arm-none-eabi/12.3.1/../../../../arm-none-eabi/lib/thumb/v7e-m+fp/hard\libc_nano.a(libc_a-stdio.o)
                              C:/ST/STM32CubeIDE_1.12.1/STM32CubeIDE/plugins/com.st.stm32cube.ide.mcu.externaltools.gnu-tools-for-stm32.12.3.rel1.win32_1.0.200.202406191623/tools/bin/../lib/gcc/arm-none-eabi/12.3.1/../../../../arm-none-eabi/lib/thumb/v7e-m+fp/hard\libc_nano.a(libc_a-findfp.o) (__sread)
C:/ST/STM32CubeIDE_1.12.1/STM32CubeIDE/plugins/com.st.stm32cube.ide.mcu.externaltools.gnu-tools-for-stm32.12.3.rel1.win32_1.0.200.202406191623/tools/bin/../lib/gcc/arm-none-eabi/12.3.1/../../../../arm-none-eabi/lib/thumb/v7e-m+fp/hard\libc_nano.a(libc_a-memset.o)
                              C:/ST/STM32CubeIDE_1.12.1/STM32CubeIDE/plugins/com.st.stm32cube.ide.mcu.externaltools.gnu-tools-for-stm32.12.3.rel1.win32_1.0.200.202406191623/tools/bin/../lib/gcc/arm-none-eabi/12.3.1/../../../../arm-none-eabi/lib/thumb/v7e-m+fp/hard/crt0.o (memset)
C:/ST/STM32CubeIDE_1.12.1/STM32CubeIDE/plugins/com.st.stm32cube.ide.mcu.externaltools.gnu-tools-for-stm32.12.3.rel1.win32_1.0.200.202406191623/tools/bin/../lib/gcc/arm-none-eabi/12.3.1/../../../../arm-none-eabi/lib/thumb/v7e-m+fp/hard\libc_nano.a(libc_a-closer.o)
                              C:/ST/STM32CubeIDE_1.12.1/STM32CubeIDE/plugins/com.st.stm32cube.ide.mcu.externaltools.gnu-tools-for-stm32.12.3.rel1.win32_1.0.200.202406191623/tools/bin/../lib/gcc/arm-none-eabi/12.3.1/../../../../arm-none-eabi/lib/thumb/v7e-m+fp/hard\libc_nano.a(libc_a-stdio.o) (_close_r)
C:/ST/STM32CubeIDE_1.12.1/STM32CubeIDE/plugins/com.st.stm32cube.ide.mcu.externaltools.gnu-tools-for-stm32.12.3.rel1.win32_1.0.200.202406191623/tools/bin/../lib/gcc/arm-none-eabi/12.3.1/../../../../arm-none-eabi/lib/thumb/v7e-m+fp/hard\libc_nano.a(libc_a-reent.o)
                              ./Middlewares/FreeRTOS/tasks.o (_reclaim_reent)
C:/ST/STM32CubeIDE_1.12.1/STM32CubeIDE/plugins/com.st.stm32cube.ide.mcu.externaltools.gnu-tools-for-stm32.12.3.rel1.win32_1.0.200.202406191623/tools/bin/../lib/gcc/arm-none-eabi/12.3.1/../../../../arm-none-eabi/lib/thumb/v7e-m+fp/hard\libc_nano.a(libc_a-impure.o)
                              ./Middlewares/FreeRTOS/tasks.o (_impure_ptr)
C:/ST/STM32CubeIDE_1.12.1/STM32CubeIDE/plugins/com.st.stm32cube.ide.mcu.externaltools.gnu-tools-for-stm32.12.3.rel1.win32_1.0.200.202406191623/tools/bin/../lib/gcc/arm-none-eabi/12.3.1/../../../../arm-none-eabi/lib/thumb/v7e-m+fp/hard\libc_nano.a(libc_a-lseekr.o)
                              C:/ST/STM32CubeIDE_1.12.1/STM32CubeIDE/plugins/com.st.stm32cube.ide.mcu.externaltools.gnu-tools-for-stm32.12.3.rel1.win32_1.0.200.202406191623/tools/bin/../lib/gcc/arm-none-eabi/12.3.1/../../../../arm-none-eabi/lib/thumb/v7e-m+fp/hard\libc_nano.a(libc_a-stdio.o) (_lseek_r)
C:/ST/STM32CubeIDE_1.12.1/STM32CubeIDE/plugins/com.st.stm32cube.ide.mcu.externaltools.gnu-tools-for-stm32.12.3.rel1.win32_1.0.200.202406191623/tools/bin/../lib/gcc/arm-none-eabi/12.3.1/../../../../arm-none-eabi/lib/thumb/v7e-m+fp/hard\libc_nano.a(libc_a-readr.o)
[...]
Memory Configuration

Name             Origin             Length             Attributes
RAM              0x20000000         0x00020000         xrw
FLASH            0x08000000         0x00080000         xr
*default*        0x00000000         0xffffffff

Linker script and memory map

LOAD C:/ST/STM32CubeIDE_1.12.1/STM32CubeIDE/plugins/com.st.stm32cube.ide.mcu.externaltools.gnu-tools-for-stm32.12.3.rel1.win32_1.0.200.202406191623/tools/bin/../lib/gcc/arm-none-eabi/12.3.1/thumb/v7e-m+fp/hard/crti.o
LOAD C:/ST/STM32CubeIDE_1.12.1/STM32CubeIDE/plugins/com.st.stm32cube.ide.mcu.externaltools.gnu-tools-for-stm32.12.3.rel1.win32_1.0.200.202406191623/tools/bin/../lib/gcc/arm-none-eabi/12.3.1/thumb/v7e-m+fp/hard/crtbegin.o
LOAD C:/ST/STM32CubeIDE_1.12.1/STM32CubeIDE/plugins/com.st.stm32cube.ide.mcu.externaltools.gnu-tools-for-stm32.12.3.rel1.win32_1.0.200.202406191623/tools/bin/../lib/gcc/arm-none-eabi/12.3.1/../../../../arm-none-eabi/lib/thumb/v7e-m+fp/hard/crt0.o
LOAD ./Application/BootAndShutDown/SleepAndWake.o
LOAD ./Application/Hardware/brake_and_throttle.o
LOAD ./Application/Hardware/tail_light.o
LOAD ./Application/MainTask/PROTOCOL_HANDLER.o
LOAD ./Application/MainTask/drive_tasks.o
LOAD ./Application/Safety_Protection/ERROR_REPORT.o
LOAD ./Application/Startup/startup_stm32f446retx.o
LOAD ./Application/User/freertos.o
LOAD ./Application/User/main.o
LOAD ./Application/User/mc_api.o
LOAD ./Application/User/mc_config.o
LOAD ./Application/User/mc_interface.o
LOAD ./Application/User/mc_math.o
LOAD ./Application/User/mc_parameters.o
LOAD ./Application/User/mc_tasks.o
LOAD ./Application/User/motor_control_protocol.o
LOAD ./Application/User/motorcontrol.o
LOAD ./Application/User/regular_conversion_manager.o
LOAD ./Application/User/stm32f4xx_hal_msp.o
LOAD ./Application/User/stm32f4xx_hal_timebase_tim.o
LOAD ./Application/User/stm32f4xx_it.o
LOAD ./Application/User/stm32f4xx_mc_it.o
LOAD ./Application/User/syscalls.o
LOAD ./Application/User/sysmem.o
LOAD ./Application/User/ui_task.o
LOAD ./Application/User/user_interface.o
LOAD ./Drivers/CMSIS/system_stm32f4xx.o
LOAD ./Drivers/STM32F4xx_HAL_Driver/stm32f4xx_hal.o
LOAD ./Drivers/STM32F4xx_HAL_Driver/stm32f4xx_hal_adc.o
LOAD ./Drivers/STM32F4xx_HAL_Driver/stm32f4xx_hal_adc_ex.o
LOAD ./Drivers/STM32F4xx_HAL_Driver/stm32f4xx_hal_cortex.o
LOAD ./Drivers/STM32F4xx_HAL_Driver/stm32f4xx_hal_dma.o
LOAD ./Drivers/STM32F4xx_HAL_Driver/stm32f4xx_hal_dma_ex.o
LOAD ./Drivers/STM32F4xx_HAL_Driver/stm32f4xx_hal_exti.o
LOAD ./Drivers/STM32F4xx_HAL_Driver/stm32f4xx_hal_flash.o
LOAD ./Drivers/STM32F4xx_HAL_Driver/stm32f4xx_hal_flash_ex.o
LOAD ./Drivers/STM32F4xx_HAL_Driver/stm32f4xx_hal_flash_ramfunc.o
LOAD ./Drivers/STM32F4xx_HAL_Driver/stm32f4xx_hal_gpio.o
LOAD ./Drivers/STM32F4xx_HAL_Driver/stm32f4xx_hal_pwr.o
LOAD ./Drivers/STM32F4xx_HAL_Driver/stm32f4xx_hal_pwr_ex.o
LOAD ./Drivers/STM32F4xx_HAL_Driver/stm32f4xx_hal_rcc.o
LOAD ./Drivers/STM32F4xx_HAL_Driver/stm32f4xx_hal_rcc_ex.o
LOAD ./Drivers/STM32F4xx_HAL_Driver/stm32f4xx_hal_tim.o
LOAD ./Drivers/STM32F4xx_HAL_Driver/stm32f4xx_hal_tim_ex.o
LOAD ./Drivers/STM32F4xx_HAL_Driver/stm32f4xx_hal_uart.o
LOAD ./Drivers/STM32F4xx_HAL_Driver/stm32f4xx_ll_adc.o
LOAD ./Middlewares/FreeRTOS/cmsis_os.o
LOAD ./Middlewares/FreeRTOS/croutine.o
LOAD ./Middlewares/FreeRTOS/event_groups.o
LOAD ./Middlewares/FreeRTOS/heap_4.o
LOAD ./Middlewares/FreeRTOS/list.o
LOAD ./Middlewares/FreeRTOS/port.o
LOAD ./Middlewares/FreeRTOS/queue.o
LOAD ./Middlewares/FreeRTOS/stream_buffer.o
LOAD ./Middlewares/FreeRTOS/tasks.o
LOAD ./Middlewares/FreeRTOS/timers.o
LOAD ./Middlewares/MotorControl/bus_voltage_sensor.o
LOAD ./Middlewares/MotorControl/circle_limitation.o
LOAD ./Middlewares/MotorControl/digital_output.o
LOAD ./Middlewares/MotorControl/frame_communication_protocol.o
LOAD ./Middlewares/MotorControl/hall_speed_pos_fdbk.o
LOAD ./Middlewares/MotorControl/ics_f4xx_pwm_curr_fdbk.o
LOAD ./Middlewares/MotorControl/motor_power_measurement.o
LOAD ./Middlewares/MotorControl/ntc_temperature_sensor.o
LOAD ./Middlewares/MotorControl/open_loop.o
LOAD ./Middlewares/MotorControl/pid_regulator.o
LOAD ./Middlewares/MotorControl/pqd_motor_power_measurement.o
LOAD ./Middlewares/MotorControl/pwm_common.o
LOAD ./Middlewares/MotorControl/pwm_curr_fdbk.o
LOAD ./Middlewares/MotorControl/r_divider_bus_voltage_sensor.o
LOAD ./Middlewares/MotorControl/ramp_ext_mngr.o
LOAD ./Middlewares/MotorControl/revup_ctrl.o
LOAD ./Middlewares/MotorControl/speed_pos_fdbk.o
LOAD ./Middlewares/MotorControl/speed_torq_ctrl.o
LOAD ./Middlewares/MotorControl/state_machine.o
LOAD ./Middlewares/MotorControl/ui_irq_handler.o
LOAD ./Middlewares/MotorControl/usart_frame_communication_protocol.o
LOAD ./Middlewares/MotorControl/virtual_speed_sensor.o
LOAD ./UDHAL/UDHAL_GPIO.o
LOAD ./UDHAL/UDHAL_MOTOR.o
LOAD ./UDHAL/UDHAL_POWERMODE.o
LOAD ./UDHAL/UDHAL_SYSCLK.o
LOAD ./UDHAL/UDHAL_TIMEOUT.o
LOAD ./UDHAL/UDHAL_UART.o
START GROUP
LOAD C:/ST/STM32CubeIDE_1.12.1/STM32CubeIDE/plugins/com.st.stm32cube.ide.mcu.externaltools.gnu-tools-for-stm32.12.3.rel1.win32_1.0.200.202406191623/tools/bin/../lib/gcc/arm-none-eabi/12.3.1/../../../../arm-none-eabi/lib/thumb/v7e-m+fp/hard\libc_nano.a
LOAD C:/ST/STM32CubeIDE_1.12.1/STM32CubeIDE/plugins/com.st.stm32cube.ide.mcu.externaltools.gnu-tools-for-stm32.12.3.rel1.win32_1.0.200.202406191623/tools/bin/../lib/gcc/arm-none-eabi/12.3.1/../../../../arm-none-eabi/lib/thumb/v7e-m+fp/hard\libm.a
END GROUP
START GROUP
LOAD C:/ST/STM32CubeIDE_1.12.1/STM32CubeIDE/plugins/com.st.stm32cube.ide.mcu.externaltools.gnu-tools-for-stm32.12.3.rel1.win32_1.0.200.202406191623/tools/bin/../lib/gcc/arm-none-eabi/12.3.1/thumb/v7e-m+fp/hard\libgcc.a
LOAD C:/ST/STM32CubeIDE_1.12.1/STM32CubeIDE/plugins/com.st.stm32cube.ide.mcu.externaltools.gnu-tools-for-stm32.12.3.rel1.win32_1.0.200.202406191623/tools/bin/../lib/gcc/arm-none-eabi/12.3.1/../../../../arm-none-eabi/lib/thumb/v7e-m+fp/hard\libc_nano.a
END GROUP
START GROUP
LOAD C:/ST/STM32CubeIDE_1.12.1/STM32CubeIDE/plugins/com.st.stm32cube.ide.mcu.externaltools.gnu-tools-for-stm32.12.3.rel1.win32_1.0.200.202406191623/tools/bin/../lib/gcc/arm-none-eabi/12.3.1/thumb/v7e-m+fp/hard\libgcc.a
LOAD C:/ST/STM32CubeIDE_1.12.1/STM32CubeIDE/plugins/com.st.stm32cube.ide.mcu.externaltools.gnu-tools-for-stm32.12.3.rel1.win32_1.0.200.202406191623/tools/bin/../lib/gcc/arm-none-eabi/12.3.1/../../../../arm-none-eabi/lib/thumb/v7e-m+fp/hard\libc_nano.a
LOAD C:/ST/STM32CubeIDE_1.12.1/STM32CubeIDE/plugins/com.st.stm32cube.ide.mcu.externaltools.gnu-tools-for-stm32.12.3.rel1.win32_1.0.200.202406191623/tools/bin/../lib/gcc/arm-none-eabi/12.3.1/../../../../arm-none-eabi/lib/thumb/v7e-m+fp/hard\libnosys.a
END GROUP
START GROUP
LOAD C:/ST/STM32CubeIDE_1.12.1/STM32CubeIDE/plugins/com.st.stm32cube.ide.mcu.externaltools.gnu-tools-for-stm32.12.3.rel1.win32_1.0.200.202406191623/tools/bin/../lib/gcc/arm-none-eabi/12.3.1/thumb/v7e-m+fp/hard\libgcc.a
LOAD C:/ST/STM32CubeIDE_1.12.1/STM32CubeIDE/plugins/com.st.stm32cube.ide.mcu.externaltools.gnu-tools-for-stm32.12.3.rel1.win32_1.0.200.202406191623/tools/bin/../lib/gcc/arm-none-eabi/12.3.1/../../../../arm-none-eabi/lib/thumb/v7e-m+fp/hard\libc_nano.a
LOAD C:/ST/STM32CubeIDE_1.12.1/STM32CubeIDE/plugins/com.st.stm32cube.ide.mcu.externaltools.gnu-tools-for-stm32.12.3.rel1.win32_1.0.200.202406191623/tools/bin/../lib/gcc/arm-none-eabi/12.3.1/../../../../arm-none-eabi/lib/thumb/v7e-m+fp/hard\libnosys.a
END GROUP
LOAD C:/ST/STM32CubeIDE_1.12.1/STM32CubeIDE/plugins/com.st.stm32cube.ide.mcu.externaltools.gnu-tools-for-stm32.12.3.rel1.win32_1.0.200.202406191623/tools/bin/../lib/gcc/arm-none-eabi/12.3.1/thumb/v7e-m+fp/hard/crtend.o
LOAD C:/ST/STM32CubeIDE_1.12.1/STM32CubeIDE/plugins/com.st.stm32cube.ide.mcu.externaltools.gnu-tools-for-stm32.12.3.rel1.win32_1.0.200.202406191623/tools/bin/../lib/gcc/arm-none-eabi/12.3.1/thumb/v7e-m+fp/hard/crtn.o
                0x20020000                        _estack = (ORIGIN (RAM) + LENGTH (RAM))
                0x00000200                        _Min_Heap_Size = 0x200
                0x00000400                        _Min_Stack_Size = 0x400

.isr_vector     0x08000000      0x1c4
                0x08000000                        . = ALIGN (0x4)
 *(.isr_vector)
 .isr_vector    0x08000000      0x1c4 ./Application/Startup/startup_stm32f446retx.o
                0x08000000                g_pfnVectors
                0x080001c4                        . = ALIGN (0x4)

.text           0x080001d0     0x757c
                0x080001d0                        . = ALIGN (0x4)
 *(.text)
 .text          0x080001d0       0x40 C:/ST/STM32CubeIDE_1.12.1/STM32CubeIDE/plugins/com.st.stm32cube.ide.mcu.externaltools.gnu-tools-for-stm32.12.3.rel1.win32_1.0.200.202406191623/tools/bin/../lib/gcc/arm-none-eabi/12.3.1/thumb/v7e-m+fp/hard/crtbegin.o
 .text          0x08000210       0x30 C:/ST/STM32CubeIDE_1.12.1/STM32CubeIDE/plugins/com.st.stm32cube.ide.mcu.externaltools.gnu-tools-for-stm32.12.3.rel1.win32_1.0.200.202406191623/tools/bin/../lib/gcc/arm-none-eabi/12.3.1/thumb/v7e-m+fp/hard\libgcc.a(_aeabi_uldivmod.o)
                0x08000210                __aeabi_uldivmod
 .text          0x08000240      0x2bc C:/ST/STM32CubeIDE_1.12.1/STM32CubeIDE/plugins/com.st.stm32cube.ide.mcu.externaltools.gnu-tools-for-stm32.12.3.rel1.win32_1.0.200.202406191623/tools/bin/../lib/gcc/arm-none-eabi/12.3.1/thumb/v7e-m+fp/hard\libgcc.a(_udivmoddi4.o)
                0x08000240                __udivmoddi4
 .text          0x080004fc        0x4 C:/ST/STM32CubeIDE_1.12.1/STM32CubeIDE/plugins/com.st.stm32cube.ide.mcu.externaltools.gnu-tools-for-stm32.12.3.rel1.win32_1.0.200.202406191623/tools/bin/../lib/gcc/arm-none-eabi/12.3.1/thumb/v7e-m+fp/hard\libgcc.a(_dvmd_tls.o)
                0x080004fc                __aeabi_idiv0
                0x080004fc                __aeabi_ldiv0
 *(.text*)
 .text.powerModeInit
                0x08000500        0xc ./Application/BootAndShutDown/SleepAndWake.o
                0x08000500                powerModeInit
 .text.changePowerMode
                0x0800050c       0x10 ./Application/BootAndShutDown/SleepAndWake.o
                0x0800050c                changePowerMode
 .text.brake_and_throttle_init
                0x0800051c       0x14 ./Application/Hardware/brake_and_throttle.o
                0x0800051c                brake_and_throttle_init
 .text.setIQ    0x08000530        0xc ./Application/Hardware/brake_and_throttle.o
                0x08000530                setIQ
 .text.throttleSignalInput
                0x0800053c       0x14 ./Application/Hardware/brake_and_throttle.o
                0x0800053c                throttleSignalInput
 .text.refreshThrottleStatus
                0x08000550       0x18 ./Application/Hardware/brake_and_throttle.o
                0x08000550                refreshThrottleStatus
 .text.updateBrakeStatus
                0x08000568        0xc ./Application/Hardware/brake_and_throttle.o
                0x08000568                updateBrakeStatus
 .text.getBrakeStatus
                0x08000574        0xc ./Application/Hardware/brake_and_throttle.o
                0x08000574                getBrakeStatus
 .text.changeSpeedMode
                0x08000580       0x10 ./Application/Hardware/brake_and_throttle.o
                0x08000580                changeSpeedMode
 .text.tail_light_off
                0x08000590        0x4 ./Application/Hardware/tail_light.o
                0x08000590                tail_light_off
 .text.lightStateChange
                0x08000594       0x20 ./Application/Hardware/tail_light.o
                0x08000594                lightStateChange
 .text.STM32MCP_registerTimer
                0x080005b4        0xc ./Application/MainTask/PROTOCOL_HANDLER.o
                0x080005b4                STM32MCP_registerTimer
 .text.timeOutStart
                0x080005c0        0xc ./Application/MainTask/PROTOCOL_HANDLER.o
                0x080005c0                timeOutStart
 .text.timeOutHandler
                0x080005cc       0x1c ./Application/MainTask/PROTOCOL_HANDLER.o
                0x080005cc                timeOutHandler
 .text.ES_RunDrivingTasks
                0x080005e8       0x34 ./Application/MainTask/drive_tasks.o
                0x080005e8                ES_RunDrivingTasks
 .text.go_powerOnRegister
                0x0800061c        0xc ./Application/MainTask/drive_tasks.o
                0x0800061c                go_powerOnRegister
 .text.go_errorReportRegister
                0x08000628        0x4 ./Application/MainTask/drive_tasks.o
                0x08000628                go_errorReportRegister
 .text.GoInit   0x0800062c       0x44 ./Application/MainTask/drive_tasks.o
                0x0800062c                GoInit
 .text.ERROR_REPORT_INIT
                0x08000670        0xc ./Application/Safety_Protection/ERROR_REPORT.o
                0x08000670                ERROR_REPORT_INIT
 .text.CHECK_MOTOR_STATUS
                0x0800067c       0x10 ./Application/Safety_Protection/ERROR_REPORT.o
                0x0800067c                CHECK_MOTOR_STATUS
 .text.SEND_ERROR_REPORT
                0x0800068c        0xc ./Application/Safety_Protection/ERROR_REPORT.o
                0x0800068c                SEND_ERROR_REPORT
 .text.Reset_Handler
                0x08000698       0x50 ./Application/Startup/startup_stm32f446retx.o
                0x08000698                Reset_Handler
 .text.Default_Handler
                0x080006e8        0x2 ./Application/Startup/startup_stm32f446retx.o
                0x080006e8                RTC_Alarm_IRQHandler
                0x080006e8                EXTI2_IRQHandler
                0x080006e8                TIM8_CC_IRQHandler
                0x080006e8                DebugMon_Handler
                0x080006e8                FMPI2C1_EV_IRQHandler
                0x080006e8                SPI4_IRQHandler
                0x080006e8                TIM1_CC_IRQHandler
                0x080006e8                DMA2_Stream5_IRQHandler
                0x080006e8                DMA1_Stream5_IRQHandler
                0x080006e8                PVD_IRQHandler
                0x080006e8                SDIO_IRQHandler
                0x080006e8                TAMP_STAMP_IRQHandler
                0x080006e8                NMI_Handler
                0x080006e8                CAN2_RX1_IRQHandler
                0x080006e8                EXTI3_IRQHandler
                0x080006e8                TIM8_TRG_COM_TIM14_IRQHandler
                0x080006e8                TIM8_UP_TIM13_IRQHandler
                0x080006e8                I2C3_ER_IRQHandler
                0x080006e8                EXTI0_IRQHandler
                0x080006e8                I2C2_EV_IRQHandler
                0x080006e8                DMA1_Stream2_IRQHandler
                0x080006e8                CAN1_RX0_IRQHandler
                0x080006e8                FPU_IRQHandler
                0x080006e8                OTG_HS_WKUP_IRQHandler
                0x080006e8                UsageFault_Handler
                0x080006e8                CAN2_SCE_IRQHandler
                0x080006e8                DMA2_Stream2_IRQHandler
                0x080006e8                SPI1_IRQHandler
                0x080006e8                DCMI_IRQHandler
                0x080006e8                CAN2_RX0_IRQHandler
                0x080006e8                DMA2_Stream3_IRQHandler
                0x080006e8                SAI2_IRQHandler
                0x080006e8                USART6_IRQHandler
                0x080006e8                USART3_IRQHandler
                0x080006e8                CAN1_RX1_IRQHandler
                0x080006e8                UART5_IRQHandler
                0x080006e8                DMA2_Stream0_IRQHandler
                0x080006e8                TIM4_IRQHandler
                0x080006e8                QUADSPI_IRQHandler
                0x080006e8                I2C1_EV_IRQHandler
                0x080006e8                DMA1_Stream6_IRQHandler
                0x080006e8                DMA1_Stream1_IRQHandler
                0x080006e8                UART4_IRQHandler
                0x080006e8                TIM3_IRQHandler
                0x080006e8                RCC_IRQHandler
                0x080006e8                TIM8_BRK_TIM12_IRQHandler
                0x080006e8                Default_Handler
                0x080006e8                CEC_IRQHandler
                0x080006e8                EXTI15_10_IRQHandler
                0x080006e8                DMA1_Stream7_IRQHandler
                0x080006e8                TIM7_IRQHandler
                0x080006e8                CAN2_TX_IRQHandler
                0x080006e8                TIM5_IRQHandler
                0x080006e8                DMA2_Stream7_IRQHandler
                0x080006e8                I2C3_EV_IRQHandler
                0x080006e8                EXTI9_5_IRQHandler
                0x080006e8                RTC_WKUP_IRQHandler
                0x080006e8                SPDIF_RX_IRQHandler
                0x080006e8                SPI2_IRQHandler
                0x080006e8                OTG_HS_EP1_IN_IRQHandler
                0x080006e8                MemManage_Handler
                0x080006e8                DMA1_Stream0_IRQHandler
                0x080006e8                CAN1_TX_IRQHandler
                0x080006e8                FMPI2C1_ER_IRQHandler
                0x080006e8                EXTI4_IRQHandler
                0x080006e8                OTG_HS_EP1_OUT_IRQHandler
                0x080006e8                WWDG_IRQHandler
                0x080006e8                OTG_FS_WKUP_IRQHandler
                0x080006e8                TIM1_TRG_COM_TIM11_IRQHandler
                0x080006e8                OTG_HS_IRQHandler
                0x080006e8                EXTI1_IRQHandler
                0x080006e8                USART2_IRQHandler
                0x080006e8                I2C2_ER_IRQHandler
                0x080006e8                DMA2_Stream1_IRQHandler
                0x080006e8                CAN1_SCE_IRQHandler
                0x080006e8                FLASH_IRQHandler
                0x080006e8                DMA2_Stream4_IRQHandler
                0x080006e8                BusFault_Handler
                0x080006e8                OTG_FS_IRQHandler
                0x080006e8                SPI3_IRQHandler
                0x080006e8                DMA1_Stream4_IRQHandler
                0x080006e8                I2C1_ER_IRQHandler
                0x080006e8                FMC_IRQHandler
                0x080006e8                DMA2_Stream6_IRQHandler
                0x080006e8                SAI1_IRQHandler
                0x080006e8                DMA1_Stream3_IRQHandler
 *fill*         0x080006ea        0x2 
 .text.vApplicationGetIdleTaskMemory
                0x080006ec       0x1c ./Application/User/freertos.o
                0x080006ec                vApplicationGetIdleTaskMemory
 .text.startup.main
                0x08000708      0x374 ./Application/User/main.o
                0x08000708                main
 .text.HAL_TIM_PeriodElapsedCallback
                0x08000a7c       0x14 ./Application/User/main.o
                0x08000a7c                HAL_TIM_PeriodElapsedCallback
 .text.Error_Handler
                0x08000a90        0x4 ./Application/User/main.o
                0x08000a90                Error_Handler
 .text.MC_GetOccurredFaultsMotor1
                0x08000a94        0xc ./Application/User/mc_api.o
                0x08000a94                MC_GetOccurredFaultsMotor1
 .text.MCI_Init
                0x08000aa0       0x1c ./Application/User/mc_interface.o
                0x08000aa0                MCI_Init
 .text.MCI_ExecSpeedRamp
                0x08000abc       0x14 ./Application/User/mc_interface.o
                0x08000abc                MCI_ExecSpeedRamp
 .text.MCI_ExecTorqueRamp
                0x08000ad0       0x14 ./Application/User/mc_interface.o
                0x08000ad0                MCI_ExecTorqueRamp
 .text.MCI_SetCurrentReferences
                0x08000ae4       0x14 ./Application/User/mc_interface.o
                0x08000ae4                MCI_SetCurrentReferences
 .text.MCI_StartMotor
                0x08000af8       0x14 ./Application/User/mc_interface.o
                0x08000af8                MCI_StartMotor
 .text.MCI_StopMotor
                0x08000b0c        0x8 ./Application/User/mc_interface.o
                0x08000b0c                MCI_StopMotor
 .text.MCI_FaultAcknowledged
                0x08000b14        0x8 ./Application/User/mc_interface.o
                0x08000b14                MCI_FaultAcknowledged
 .text.MCI_EncoderAlign
                0x08000b1c        0x8 ./Application/User/mc_interface.o
                0x08000b1c                MCI_EncoderAlign
 .text.MCI_ExecBufferedCommands
                0x08000b24       0x78 ./Application/User/mc_interface.o
                0x08000b24                MCI_ExecBufferedCommands
 .text.MCI_GetSTMState
                0x08000b9c        0x8 ./Application/User/mc_interface.o
                0x08000b9c                MCI_GetSTMState
 .text.MCI_GetOccurredFaults
                0x08000ba4        0xc ./Application/User/mc_interface.o
                0x08000ba4                MCI_GetOccurredFaults
 .text.MCI_GetControlMode
                0x08000bb0        0x4 ./Application/User/mc_interface.o
                0x08000bb0                MCI_GetControlMode
 .text.MCI_GetLastRampFinalSpeed
                0x08000bb4       0x10 ./Application/User/mc_interface.o
                0x08000bb4                MCI_GetLastRampFinalSpeed
 .text.MCI_StopRamp
                0x08000bc4        0x8 ./Application/User/mc_interface.o
                0x08000bc4                MCI_StopRamp
 .text.MCI_GetAvrgMecSpeedUnit
                0x08000bcc       0x10 ./Application/User/mc_interface.o
                0x08000bcc                MCI_GetAvrgMecSpeedUnit
 .text.MCI_GetMecSpeedRefUnit
                0x08000bdc        0x8 ./Application/User/mc_interface.o
                0x08000bdc                MCI_GetMecSpeedRefUnit
 .text.MCI_GetIab
                0x08000be4       0x1c ./Application/User/mc_interface.o
                0x08000be4                MCI_GetIab
 .text.MCI_GetIalphabeta
                0x08000c00       0x1c ./Application/User/mc_interface.o
                0x08000c00                MCI_GetIalphabeta
 .text.MCI_GetIqd
                0x08000c1c       0x1c ./Application/User/mc_interface.o
                0x08000c1c                MCI_GetIqd
 .text.MCI_GetIqdref
                0x08000c38       0x1c ./Application/User/mc_interface.o
                0x08000c38                MCI_GetIqdref
 .text.MCI_GetVqd
                0x08000c54       0x1c ./Application/User/mc_interface.o
                0x08000c54                MCI_GetVqd
 .text.MCI_GetValphabeta
                0x08000c70       0x1c ./Application/User/mc_interface.o
                0x08000c70                MCI_GetValphabeta
 .text.MCI_GetTeref
                0x08000c8c        0x8 ./Application/User/mc_interface.o
                0x08000c8c                MCI_GetTeref
 .text.MCI_SetIdref
                0x08000c94       0x14 ./Application/User/mc_interface.o
                0x08000c94                MCI_SetIdref
 .text.MCI_Clear_Iqdref
                0x08000ca8       0x14 ./Application/User/mc_interface.o
                0x08000ca8                MCI_Clear_Iqdref
 .text.MCM_Clarke
                0x08000cbc       0x54 ./Application/User/mc_math.o
                0x08000cbc                MCM_Clarke
 .text.MCM_Trig_Functions
                0x08000d10       0x98 ./Application/User/mc_math.o
                0x08000d10                MCM_Trig_Functions
 .text.MCM_Park
                0x08000da8       0x84 ./Application/User/mc_math.o
                0x08000da8                MCM_Park
 .text.MCM_Rev_Park
                0x08000e2c       0x3c ./Application/User/mc_math.o
                0x08000e2c                MCM_Rev_Park
 .text.FOC_Clear
                0x08000e68       0x74 ./Application/User/mc_tasks.o
                0x08000e68                FOC_Clear
 .text.MCboot   0x08000edc      0x1d0 ./Application/User/mc_tasks.o
                0x08000edc                MCboot
 .text.FOC_InitAdditionalMethods
                0x080010ac        0x4 ./Application/User/mc_tasks.o
                0x080010ac                FOC_InitAdditionalMethods
 .text.FOC_CalcCurrRef
                0x080010b0       0x2c ./Application/User/mc_tasks.o
                0x080010b0                FOC_CalcCurrRef
 .text.TSK_SetChargeBootCapDelayM1
                0x080010dc        0xc ./Application/User/mc_tasks.o
                0x080010dc                TSK_SetChargeBootCapDelayM1
 .text.TSK_ChargeBootCapDelayHasElapsedM1
                0x080010e8       0x14 ./Application/User/mc_tasks.o
                0x080010e8                TSK_ChargeBootCapDelayHasElapsedM1
 .text.TSK_SetStopPermanencyTimeM1
                0x080010fc        0xc ./Application/User/mc_tasks.o
                0x080010fc                TSK_SetStopPermanencyTimeM1
 .text.TSK_StopPermanencyTimeHasElapsedM1
                0x08001108       0x14 ./Application/User/mc_tasks.o
                0x08001108                TSK_StopPermanencyTimeHasElapsedM1
 .text.TSK_MediumFrequencyTaskM1
                0x0800111c      0x158 ./Application/User/mc_tasks.o
                0x0800111c                TSK_MediumFrequencyTaskM1
 .text.MC_Scheduler
                0x08001274       0x58 ./Application/User/mc_tasks.o
                0x08001274                MC_Scheduler
 .text.MC_RunMotorControlTasks
                0x080012cc       0x1c ./Application/User/mc_tasks.o
                0x080012cc                MC_RunMotorControlTasks
 .text.TSK_HighFrequencyTask
                0x080012e8       0xe8 ./Application/User/mc_tasks.o
                0x080012e8                TSK_HighFrequencyTask
 .text.TSK_SafetyTask_PWMOFF
                0x080013d0       0x98 ./Application/User/mc_tasks.o
                0x080013d0                TSK_SafetyTask_PWMOFF
 .text.TSK_SafetyTask
                0x08001468       0x20 ./Application/User/mc_tasks.o
                0x08001468                TSK_SafetyTask
 .text.TSK_HardwareFaultTask
                0x08001488       0x20 ./Application/User/mc_tasks.o
                0x08001488                TSK_HardwareFaultTask
 .text.startMediumFrequencyTask
                0x080014a8       0x10 ./Application/User/mc_tasks.o
                0x080014a8                startMediumFrequencyTask
 .text.StartSafetyTask
                0x080014b8       0x10 ./Application/User/mc_tasks.o
                0x080014b8                StartSafetyTask
 .text.mc_lock_pins
                0x080014c8      0x10c ./Application/User/mc_tasks.o
                0x080014c8                mc_lock_pins
 .text.MCP_ReceivedFrame
                0x080015d4      0x698 ./Application/User/motor_control_protocol.o
                0x080015d4                MCP_ReceivedFrame
 .text.MCP_WaitNextFrame
                0x08001c6c       0x1c ./Application/User/motor_control_protocol.o
                0x08001c6c                MCP_WaitNextFrame
 .text.MCP_Init
                0x08001c88       0x40 ./Application/User/motor_control_protocol.o
                0x08001c88                MCP_Init
 .text.MCP_OnTimeOut
                0x08001cc8        0x8 ./Application/User/motor_control_protocol.o
                0x08001cc8                MCP_OnTimeOut
 .text.MCP_SentFrame
                0x08001cd0        0x8 ./Application/User/motor_control_protocol.o
                0x08001cd0                MCP_SentFrame
 .text.MX_MotorControl_Init
                0x08001cd8       0x38 ./Application/User/motorcontrol.o
                0x08001cd8                MX_MotorControl_Init
 .text.vPortSetupTimerInterrupt
                0x08001d10       0x1c ./Application/User/motorcontrol.o
                0x08001d10                vPortSetupTimerInterrupt
 .text.RCM_RegisterRegConv
                0x08001d2c      0x1b4 ./Application/User/regular_conversion_manager.o
                0x08001d2c                RCM_RegisterRegConv
 .text.RCM_ExecRegularConv
                0x08001ee0       0x68 ./Application/User/regular_conversion_manager.o
                0x08001ee0                RCM_ExecRegularConv
 .text.RCM_ExecUserConv
                0x08001f48       0x4c ./Application/User/regular_conversion_manager.o
                0x08001f48                RCM_ExecUserConv
 .text.HAL_MspInit
                0x08001f94       0x40 ./Application/User/stm32f4xx_hal_msp.o
                0x08001f94                HAL_MspInit
 *fill*         0x08001fd4        0x4 
 .text.HAL_ADC_MspInit
                0x08001fd8      0x110 ./Application/User/stm32f4xx_hal_msp.o
                0x08001fd8                HAL_ADC_MspInit
 .text.HAL_TIM_Base_MspInit
                0x080020e8       0x9c ./Application/User/stm32f4xx_hal_msp.o
                0x080020e8                HAL_TIM_Base_MspInit
 .text.HAL_TIM_MspPostInit
                0x08002184       0x8c ./Application/User/stm32f4xx_hal_msp.o
                0x08002184                HAL_TIM_MspPostInit
 .text.HAL_UART_MspInit
                0x08002210       0x78 ./Application/User/stm32f4xx_hal_msp.o
                0x08002210                HAL_UART_MspInit
 .text.HAL_InitTick
                0x08002288       0xa8 ./Application/User/stm32f4xx_hal_timebase_tim.o
                0x08002288                HAL_InitTick
 .text.TIM6_DAC_IRQHandler
                0x08002330        0xc ./Application/User/stm32f4xx_it.o
                0x08002330                TIM6_DAC_IRQHandler
 .text.ADC_IRQHandler
                0x0800233c       0x2c ./Application/User/stm32f4xx_mc_it.o
                0x0800233c                ADC_IRQHandler
 .text.TIM1_UP_TIM10_IRQHandler
                0x08002368       0x14 ./Application/User/stm32f4xx_mc_it.o
                0x08002368                TIM1_UP_TIM10_IRQHandler
 .text.TIM1_BRK_TIM9_IRQHandler
                0x0800237c       0x24 ./Application/User/stm32f4xx_mc_it.o
                0x0800237c                TIM1_BRK_TIM9_IRQHandler
 .text.TIM2_IRQHandler
                0x080023a0       0x38 ./Application/User/stm32f4xx_mc_it.o
                0x080023a0                TIM2_IRQHandler
 .text.USART1_IRQHandler
                0x080023d8       0x84 ./Application/User/stm32f4xx_mc_it.o
                0x080023d8                USART1_IRQHandler
 .text.HardFault_Handler
                0x0800245c       0x7c ./Application/User/stm32f4xx_mc_it.o
                0x0800245c                HardFault_Handler
 .text.UI_TaskInit
                0x080024d8       0x84 ./Application/User/ui_task.o
                0x080024d8                UI_TaskInit
 .text.UI_Scheduler
                0x0800255c       0x44 ./Application/User/ui_task.o
                0x0800255c                UI_Scheduler
 .text.UI_SerialCommunicationTimeOutStop
                0x080025a0        0xc ./Application/User/ui_task.o
                0x080025a0                UI_SerialCommunicationTimeOutStop
 .text.UI_SerialCommunicationTimeOutStart
                0x080025ac        0xc ./Application/User/ui_task.o
                0x080025ac                UI_SerialCommunicationTimeOutStart
 .text.UI_Init  0x080025b8       0x10 ./Application/User/user_interface.o
                0x080025b8                UI_Init
 .text.UI_SelectMC
                0x080025c8       0x10 ./Application/User/user_interface.o
                0x080025c8                UI_SelectMC
 .text.UI_GetSelectedMC
                0x080025d8        0x4 ./Application/User/user_interface.o
                0x080025d8                UI_GetSelectedMC
 .text.UI_SetReg
                0x080025dc      0x160 ./Application/User/user_interface.o
                0x080025dc                UI_SetReg
 .text.UI_GetReg
                0x0800273c      0x428 ./Application/User/user_interface.o
                0x0800273c                UI_GetReg
 .text.UI_ExecCmd
                0x08002b64       0x6c ./Application/User/user_interface.o
                0x08002b64                UI_ExecCmd
 .text.UI_ExecSpeedRamp
                0x08002bd0       0x24 ./Application/User/user_interface.o
                0x08002bd0                UI_ExecSpeedRamp
 .text.UI_ExecTorqueRamp
                0x08002bf4       0x14 ./Application/User/user_interface.o
                0x08002bf4                UI_ExecTorqueRamp
 .text.UI_GetRevupData
                0x08002c08       0x3c ./Application/User/user_interface.o
                0x08002c08                UI_GetRevupData
 .text.UI_SetRevupData
                0x08002c44       0x34 ./Application/User/user_interface.o
                0x08002c44                UI_SetRevupData
 .text.UI_SetCurrentReferences
                0x08002c78       0x1c ./Application/User/user_interface.o
                0x08002c78                UI_SetCurrentReferences
 .text.UI_GetMPInfo
                0x08002c94        0x4 ./Application/User/user_interface.o
                0x08002c94                UI_GetMPInfo
 .text.SystemInit
                0x08002c98       0x14 ./Drivers/CMSIS/system_stm32f4xx.o
                0x08002c98                SystemInit
 .text.HAL_Init
                0x08002cac       0x34 ./Drivers/STM32F4xx_HAL_Driver/stm32f4xx_hal.o
                0x08002cac                HAL_Init
 .text.HAL_IncTick
                0x08002ce0       0x18 ./Drivers/STM32F4xx_HAL_Driver/stm32f4xx_hal.o
                0x08002ce0                HAL_IncTick
 .text.HAL_GetTick
                0x08002cf8        0xc ./Drivers/STM32F4xx_HAL_Driver/stm32f4xx_hal.o
                0x08002cf8                HAL_GetTick
 .text.HAL_Delay
                0x08002d04       0x24 ./Drivers/STM32F4xx_HAL_Driver/stm32f4xx_hal.o
                0x08002d04                HAL_Delay
 .text.HAL_ADC_Init
                0x08002d28      0x158 ./Drivers/STM32F4xx_HAL_Driver/stm32f4xx_hal_adc.o
                0x08002d28                HAL_ADC_Init
 .text.HAL_ADC_ConfigChannel
                0x08002e80      0x16c ./Drivers/STM32F4xx_HAL_Driver/stm32f4xx_hal_adc.o
                0x08002e80                HAL_ADC_ConfigChannel
 .text.HAL_ADCEx_InjectedConfigChannel
                0x08002fec      0x1a8 ./Drivers/STM32F4xx_HAL_Driver/stm32f4xx_hal_adc_ex.o
                0x08002fec                HAL_ADCEx_InjectedConfigChannel
 .text.HAL_NVIC_SetPriorityGrouping
                0x08003194       0x24 ./Drivers/STM32F4xx_HAL_Driver/stm32f4xx_hal_cortex.o
                0x08003194                HAL_NVIC_SetPriorityGrouping
 .text.HAL_NVIC_SetPriority
                0x080031b8       0x78 ./Drivers/STM32F4xx_HAL_Driver/stm32f4xx_hal_cortex.o
                0x080031b8                HAL_NVIC_SetPriority
 .text.HAL_NVIC_EnableIRQ
                0x08003230       0x1c ./Drivers/STM32F4xx_HAL_Driver/stm32f4xx_hal_cortex.o
                0x08003230                HAL_NVIC_EnableIRQ
 .text.HAL_SYSTICK_Config
                0x0800324c       0x34 ./Drivers/STM32F4xx_HAL_Driver/stm32f4xx_hal_cortex.o
                0x0800324c                HAL_SYSTICK_Config
 .text.HAL_GPIO_Init
                0x08003280      0x220 ./Drivers/STM32F4xx_HAL_Driver/stm32f4xx_hal_gpio.o
                0x08003280                HAL_GPIO_Init
 .text.HAL_GPIO_WritePin
                0x080034a0        0x8 ./Drivers/STM32F4xx_HAL_Driver/stm32f4xx_hal_gpio.o
                0x080034a0                HAL_GPIO_WritePin
 .text.HAL_PWREx_EnableOverDrive
                0x080034a8       0x78 ./Drivers/STM32F4xx_HAL_Driver/stm32f4xx_hal_pwr_ex.o
                0x080034a8                HAL_PWREx_EnableOverDrive
 .text.HAL_RCC_ClockConfig
                0x08003520      0x13c ./Drivers/STM32F4xx_HAL_Driver/stm32f4xx_hal_rcc.o
                0x08003520                HAL_RCC_ClockConfig
 .text.HAL_RCC_GetHCLKFreq
                0x0800365c        0xc ./Drivers/STM32F4xx_HAL_Driver/stm32f4xx_hal_rcc.o
                0x0800365c                HAL_RCC_GetHCLKFreq
 .text.HAL_RCC_GetPCLK1Freq
                0x08003668       0x20 ./Drivers/STM32F4xx_HAL_Driver/stm32f4xx_hal_rcc.o
                0x08003668                HAL_RCC_GetPCLK1Freq
 .text.HAL_RCC_GetPCLK2Freq
                0x08003688       0x20 ./Drivers/STM32F4xx_HAL_Driver/stm32f4xx_hal_rcc.o
                0x08003688                HAL_RCC_GetPCLK2Freq
 .text.HAL_RCC_GetClockConfig
                0x080036a8       0x44 ./Drivers/STM32F4xx_HAL_Driver/stm32f4xx_hal_rcc.o
                0x080036a8                HAL_RCC_GetClockConfig
 .text.HAL_RCC_GetSysClockFreq
                0x080036ec       0x80 ./Drivers/STM32F4xx_HAL_Driver/stm32f4xx_hal_rcc_ex.o
                0x080036ec                HAL_RCC_GetSysClockFreq
 .text.HAL_RCC_OscConfig
                0x0800376c      0x408 ./Drivers/STM32F4xx_HAL_Driver/stm32f4xx_hal_rcc_ex.o
                0x0800376c                HAL_RCC_OscConfig
 .text.HAL_TIM_Base_Init
                0x08003b74      0x120 ./Drivers/STM32F4xx_HAL_Driver/stm32f4xx_hal_tim.o
                0x08003b74                HAL_TIM_Base_Init
 .text.HAL_TIM_Base_Start_IT
                0x08003c94       0x74 ./Drivers/STM32F4xx_HAL_Driver/stm32f4xx_hal_tim.o
                0x08003c94                HAL_TIM_Base_Start_IT
 .text.HAL_TIM_PWM_MspInit
                0x08003d08        0x4 ./Drivers/STM32F4xx_HAL_Driver/stm32f4xx_hal_tim.o
                0x08003d08                HAL_TIM_PWM_MspInit
 .text.HAL_TIM_PWM_Init
                0x08003d0c      0x120 ./Drivers/STM32F4xx_HAL_Driver/stm32f4xx_hal_tim.o
                0x08003d0c                HAL_TIM_PWM_Init
 .text.HAL_TIM_PWM_ConfigChannel
                0x08003e2c      0x208 ./Drivers/STM32F4xx_HAL_Driver/stm32f4xx_hal_tim.o
                0x08003e2c                HAL_TIM_PWM_ConfigChannel
 .text.HAL_TIM_ConfigClockSource
                0x08004034      0x154 ./Drivers/STM32F4xx_HAL_Driver/stm32f4xx_hal_tim.o
                0x08004034                HAL_TIM_ConfigClockSource
 .text.HAL_TIM_SlaveConfigSynchro
                0x08004188      0x118 ./Drivers/STM32F4xx_HAL_Driver/stm32f4xx_hal_tim.o
                0x08004188                HAL_TIM_SlaveConfigSynchro
 .text.HAL_TIM_OC_DelayElapsedCallback
                0x080042a0        0x4 ./Drivers/STM32F4xx_HAL_Driver/stm32f4xx_hal_tim.o
                0x080042a0                HAL_TIM_OC_DelayElapsedCallback
 .text.HAL_TIM_IC_CaptureCallback
                0x080042a4        0x4 ./Drivers/STM32F4xx_HAL_Driver/stm32f4xx_hal_tim.o
                0x080042a4                HAL_TIM_IC_CaptureCallback
 .text.HAL_TIM_PWM_PulseFinishedCallback
                0x080042a8        0x4 ./Drivers/STM32F4xx_HAL_Driver/stm32f4xx_hal_tim.o
                0x080042a8                HAL_TIM_PWM_PulseFinishedCallback
 .text.HAL_TIM_TriggerCallback
                0x080042ac        0x4 ./Drivers/STM32F4xx_HAL_Driver/stm32f4xx_hal_tim.o
                0x080042ac                HAL_TIM_TriggerCallback
 .text.HAL_TIM_IRQHandler
                0x080042b0      0x154 ./Drivers/STM32F4xx_HAL_Driver/stm32f4xx_hal_tim.o
                0x080042b0                HAL_TIM_IRQHandler
 .text.TIM_Base_SetConfig
                0x08004404       0xe0 ./Drivers/STM32F4xx_HAL_Driver/stm32f4xx_hal_tim.o
                0x08004404                TIM_Base_SetConfig
 .text.TIM_OC2_SetConfig
                0x080044e4       0x64 ./Drivers/STM32F4xx_HAL_Driver/stm32f4xx_hal_tim.o
                0x080044e4                TIM_OC2_SetConfig
 .text.TIM_TI1_SetConfig
                0x08004548       0x80 ./Drivers/STM32F4xx_HAL_Driver/stm32f4xx_hal_tim.o
                0x08004548                TIM_TI1_SetConfig
 .text.HAL_TIMEx_HallSensor_MspInit
                0x080045c8        0x4 ./Drivers/STM32F4xx_HAL_Driver/stm32f4xx_hal_tim_ex.o
                0x080045c8                HAL_TIMEx_HallSensor_MspInit
 .text.HAL_TIMEx_HallSensor_Init
                0x080045cc       0xc8 ./Drivers/STM32F4xx_HAL_Driver/stm32f4xx_hal_tim_ex.o
                0x080045cc                HAL_TIMEx_HallSensor_Init
 .text.HAL_TIMEx_MasterConfigSynchronization
                0x08004694       0x80 ./Drivers/STM32F4xx_HAL_Driver/stm32f4xx_hal_tim_ex.o
                0x08004694                HAL_TIMEx_MasterConfigSynchronization
 .text.HAL_TIMEx_ConfigBreakDeadTime
                0x08004714       0x54 ./Drivers/STM32F4xx_HAL_Driver/stm32f4xx_hal_tim_ex.o
                0x08004714                HAL_TIMEx_ConfigBreakDeadTime
 .text.HAL_TIMEx_CommutCallback
                0x08004768        0x4 ./Drivers/STM32F4xx_HAL_Driver/stm32f4xx_hal_tim_ex.o
                0x08004768                HAL_TIMEx_CommutCallback
 .text.HAL_TIMEx_BreakCallback
                0x0800476c        0x4 ./Drivers/STM32F4xx_HAL_Driver/stm32f4xx_hal_tim_ex.o
                0x0800476c                HAL_TIMEx_BreakCallback
 .text.HAL_UART_Init
                0x08004770      0x124 ./Drivers/STM32F4xx_HAL_Driver/stm32f4xx_hal_uart.o
                0x08004770                HAL_UART_Init
 .text.osKernelStart
                0x08004894        0xc ./Middlewares/FreeRTOS/cmsis_os.o
                0x08004894                osKernelStart
 .text.osThreadCreate
                0x080048a0       0x60 ./Middlewares/FreeRTOS/cmsis_os.o
                0x080048a0                osThreadCreate
 .text.osThreadGetPriority
                0x08004900       0x24 ./Middlewares/FreeRTOS/cmsis_os.o
                0x08004900                osThreadGetPriority
 .text.osTimerCreate
                0x08004924        0x4 ./Middlewares/FreeRTOS/cmsis_os.o
                0x08004924                osTimerCreate
 .text.osTimerStart
                0x08004928        0x4 ./Middlewares/FreeRTOS/cmsis_os.o
                0x08004928                osTimerStart
 .text.osTimerStop
                0x0800492c        0x4 ./Middlewares/FreeRTOS/cmsis_os.o
                0x0800492c                osTimerStop
 .text.pvPortMalloc
                0x08004930      0x170 ./Middlewares/FreeRTOS/heap_4.o
                0x08004930                pvPortMalloc
 .text.vPortFree
                0x08004aa0       0xc8 ./Middlewares/FreeRTOS/heap_4.o
                0x08004aa0                vPortFree
 .text.vListInitialise
                0x08004b68       0x18 ./Middlewares/FreeRTOS/list.o
                0x08004b68                vListInitialise
 .text.vListInitialiseItem
                0x08004b80        0x8 ./Middlewares/FreeRTOS/list.o
                0x08004b80                vListInitialiseItem
 .text.vListInsertEnd
                0x08004b88       0x1c ./Middlewares/FreeRTOS/list.o
                0x08004b88                vListInsertEnd
 .text.vListInsert
                0x08004ba4       0x30 ./Middlewares/FreeRTOS/list.o
                0x08004ba4                vListInsert
 .text.uxListRemove
                0x08004bd4       0x28 ./Middlewares/FreeRTOS/list.o
                0x08004bd4                uxListRemove
 .text.prvPortStartFirstTask
                0x08004bfc       0x28 ./Middlewares/FreeRTOS/port.o
 .text.vPortEnableVFP
                0x08004c24       0x14 ./Middlewares/FreeRTOS/port.o
 .text.prvTaskExitError
                0x08004c38       0x40 ./Middlewares/FreeRTOS/port.o
 .text.pxPortInitialiseStack
                0x08004c78       0x28 ./Middlewares/FreeRTOS/port.o
                0x08004c78                pxPortInitialiseStack
 .text.SVC_Handler
                0x08004ca0       0x24 ./Middlewares/FreeRTOS/port.o
                0x08004ca0                SVC_Handler
 .text.vPortEnterCritical
                0x08004cc4       0x44 ./Middlewares/FreeRTOS/port.o
                0x08004cc4                vPortEnterCritical
 .text.vPortExitCritical
                0x08004d08       0x28 ./Middlewares/FreeRTOS/port.o
                0x08004d08                vPortExitCritical
 .text.PendSV_Handler
                0x08004d30       0x64 ./Middlewares/FreeRTOS/port.o
                0x08004d30                PendSV_Handler
 .text.SysTick_Handler
                0x08004d94       0x2c ./Middlewares/FreeRTOS/port.o
                0x08004d94                SysTick_Handler
 .text.xPortStartScheduler
                0x08004dc0      0x140 ./Middlewares/FreeRTOS/port.o
                0x08004dc0                xPortStartScheduler
 .text.vPortValidateInterruptPriority
                0x08004f00       0x5c ./Middlewares/FreeRTOS/port.o
                0x08004f00                vPortValidateInterruptPriority
 .text.prvAddNewTaskToReadyList
                0x08004f5c      0x110 ./Middlewares/FreeRTOS/tasks.o
 .text.prvAddCurrentTaskToDelayedList
                0x0800506c       0x8c ./Middlewares/FreeRTOS/tasks.o
 .text.prvIdleTask
                0x080050f8       0xa0 ./Middlewares/FreeRTOS/tasks.o
 .text.xTaskIncrementTick.part.0
                0x08005198      0x14c ./Middlewares/FreeRTOS/tasks.o
 .text.xTaskResumeAll.part.0
                0x080052e4      0x150 ./Middlewares/FreeRTOS/tasks.o
 .text.xTaskCreateStatic
                0x08005434      0x160 ./Middlewares/FreeRTOS/tasks.o
                0x08005434                xTaskCreateStatic
 .text.xTaskCreate
                0x08005594      0x138 ./Middlewares/FreeRTOS/tasks.o
                0x08005594                xTaskCreate
 .text.vTaskDelay
                0x080056cc       0x60 ./Middlewares/FreeRTOS/tasks.o
                0x080056cc                vTaskDelay
 .text.uxTaskPriorityGet
                0x0800572c       0x28 ./Middlewares/FreeRTOS/tasks.o
                0x0800572c                uxTaskPriorityGet
 .text.uxTaskPriorityGetFromISR
                0x08005754       0x38 ./Middlewares/FreeRTOS/tasks.o
                0x08005754                uxTaskPriorityGetFromISR
 .text.vTaskStartScheduler
                0x0800578c      0x128 ./Middlewares/FreeRTOS/tasks.o
                0x0800578c                vTaskStartScheduler
 .text.vTaskSuspendAll
                0x080058b4       0x10 ./Middlewares/FreeRTOS/tasks.o
                0x080058b4                vTaskSuspendAll
 .text.xTaskResumeAll
                0x080058c4       0x20 ./Middlewares/FreeRTOS/tasks.o
                0x080058c4                xTaskResumeAll
 .text.xTaskIncrementTick
                0x080058e4       0x20 ./Middlewares/FreeRTOS/tasks.o
                0x080058e4                xTaskIncrementTick
 .text.vTaskSwitchContext
                0x08005904       0x7c ./Middlewares/FreeRTOS/tasks.o
                0x08005904                vTaskSwitchContext
 .text.VBS_GetAvBusVoltage_V
                0x08005980        0xc ./Middlewares/MotorControl/bus_voltage_sensor.o
                0x08005980                VBS_GetAvBusVoltage_V
 .text.Circle_Limitation
                0x0800598c       0x60 ./Middlewares/MotorControl/circle_limitation.o
                0x0800598c                Circle_Limitation
 .text.FCP_Init
                0x080059ec       0x18 ./Middlewares/MotorControl/frame_communication_protocol.o
                0x080059ec                FCP_Init
 .text.FCP_SetClient
                0x08005a04       0x10 ./Middlewares/MotorControl/frame_communication_protocol.o
                0x08005a04                FCP_SetClient
 .text.FCP_CalcCRC
                0x08005a14       0x24 ./Middlewares/MotorControl/frame_communication_protocol.o
                0x08005a14                FCP_CalcCRC
 .text.HALL_Init
                0x08005a38      0x114 ./Middlewares/MotorControl/hall_speed_pos_fdbk.o
                0x08005a38                HALL_Init
 .text.HALL_Clear
                0x08005b4c      0x150 ./Middlewares/MotorControl/hall_speed_pos_fdbk.o
                0x08005b4c                HALL_Clear
 .text.HALL_CalcElAngle
                0x08005c9c       0x3c ./Middlewares/MotorControl/hall_speed_pos_fdbk.o
                0x08005c9c                HALL_CalcElAngle
 .text.HALL_CalcAvrgMecSpeedUnit
                0x08005cd8       0x98 ./Middlewares/MotorControl/hall_speed_pos_fdbk.o
                0x08005cd8                HALL_CalcAvrgMecSpeedUnit
 .text.HALL_TIMx_CC_IRQHandler
                0x08005d70      0x318 ./Middlewares/MotorControl/hall_speed_pos_fdbk.o
                0x08005d70                HALL_TIMx_CC_IRQHandler
 .text.HALL_TIMx_UP_IRQHandler
                0x08006088      0x168 ./Middlewares/MotorControl/hall_speed_pos_fdbk.o
                0x08006088                HALL_TIMx_UP_IRQHandler
 .text.ICS_GetPhaseCurrents
                0x080061f0       0x90 ./Middlewares/MotorControl/ics_f4xx_pwm_curr_fdbk.o
                0x080061f0                ICS_GetPhaseCurrents
 .text.ICS_HFCurrentsCalibration
                0x08006280       0x4c ./Middlewares/MotorControl/ics_f4xx_pwm_curr_fdbk.o
                0x08006280                ICS_HFCurrentsCalibration
 .text.ICS_Init
                0x080062cc       0xd4 ./Middlewares/MotorControl/ics_f4xx_pwm_curr_fdbk.o
                0x080062cc                ICS_Init
 .text.ICS_TurnOnLowSides
                0x080063a0       0x4c ./Middlewares/MotorControl/ics_f4xx_pwm_curr_fdbk.o
                0x080063a0                ICS_TurnOnLowSides
 .text.ICS_SwitchOnPWM
                0x080063ec       0x80 ./Middlewares/MotorControl/ics_f4xx_pwm_curr_fdbk.o
                0x080063ec                ICS_SwitchOnPWM
 .text.ICS_SwitchOffPWM
                0x0800646c       0x68 ./Middlewares/MotorControl/ics_f4xx_pwm_curr_fdbk.o
                0x0800646c                ICS_SwitchOffPWM
 .text.ICS_CurrentReadingCalibration
                0x080064d4       0xa0 ./Middlewares/MotorControl/ics_f4xx_pwm_curr_fdbk.o
                0x080064d4                ICS_CurrentReadingCalibration
 .text.ICS_WriteTIMRegisters
                0x08006574       0x20 ./Middlewares/MotorControl/ics_f4xx_pwm_curr_fdbk.o
                0x08006574                ICS_WriteTIMRegisters
 .text.ICS_TIMx_UP_IRQHandler
                0x08006594       0x94 ./Middlewares/MotorControl/ics_f4xx_pwm_curr_fdbk.o
                0x08006594                ICS_TIMx_UP_IRQHandler
 .text.ICS_BRK_IRQHandler
                0x08006628       0x38 ./Middlewares/MotorControl/ics_f4xx_pwm_curr_fdbk.o
                0x08006628                ICS_BRK_IRQHandler
 .text.ICS_IsOverCurrentOccurred
                0x08006660       0x14 ./Middlewares/MotorControl/ics_f4xx_pwm_curr_fdbk.o
                0x08006660                ICS_IsOverCurrentOccurred
 .text.MPM_Clear
                0x08006674       0x18 ./Middlewares/MotorControl/motor_power_measurement.o
                0x08006674                MPM_Clear
 .text.MPM_CalcElMotorPower
                0x0800668c       0x44 ./Middlewares/MotorControl/motor_power_measurement.o
                0x0800668c                MPM_CalcElMotorPower
 .text.MPM_GetAvrgElMotorPowerW
                0x080066d0        0x8 ./Middlewares/MotorControl/motor_power_measurement.o
                0x080066d0                MPM_GetAvrgElMotorPowerW
 .text.NTC_SetFaultState
                0x080066d8       0x1c ./Middlewares/MotorControl/ntc_temperature_sensor.o
                0x080066d8                NTC_SetFaultState
 .text.NTC_Clear
                0x080066f4        0x8 ./Middlewares/MotorControl/ntc_temperature_sensor.o
                0x080066f4                NTC_Clear
 .text.NTC_Init
                0x080066fc       0x24 ./Middlewares/MotorControl/ntc_temperature_sensor.o
                0x080066fc                NTC_Init
 .text.NTC_CalcAvTemp
                0x08006720       0x38 ./Middlewares/MotorControl/ntc_temperature_sensor.o
                0x08006720                NTC_CalcAvTemp
 .text.NTC_GetAvTemp_C
                0x08006758       0x2c ./Middlewares/MotorControl/ntc_temperature_sensor.o
                0x08006758                NTC_GetAvTemp_C
 .text.PID_HandleInit
                0x08006784       0x10 ./Middlewares/MotorControl/pid_regulator.o
                0x08006784                PID_HandleInit
 .text.PID_SetKP
                0x08006794        0x4 ./Middlewares/MotorControl/pid_regulator.o
                0x08006794                PID_SetKP
 .text.PID_SetKI
                0x08006798        0x4 ./Middlewares/MotorControl/pid_regulator.o
                0x08006798                PID_SetKI
 .text.PID_GetKP
                0x0800679c        0x8 ./Middlewares/MotorControl/pid_regulator.o
                0x0800679c                PID_GetKP
 .text.PID_GetKI
                0x080067a4        0x8 ./Middlewares/MotorControl/pid_regulator.o
                0x080067a4                PID_GetKI
 .text.PID_SetIntegralTerm
                0x080067ac        0x4 ./Middlewares/MotorControl/pid_regulator.o
                0x080067ac                PID_SetIntegralTerm
 .text.PID_GetKPDivisor
                0x080067b0        0x4 ./Middlewares/MotorControl/pid_regulator.o
                0x080067b0                PID_GetKPDivisor
 .text.PID_GetKIDivisor
                0x080067b4        0x4 ./Middlewares/MotorControl/pid_regulator.o
                0x080067b4                PID_GetKIDivisor
 .text.PID_SetKD
                0x080067b8        0x4 ./Middlewares/MotorControl/pid_regulator.o
                0x080067b8                PID_SetKD
 .text.PID_GetKD
                0x080067bc        0x8 ./Middlewares/MotorControl/pid_regulator.o
                0x080067bc                PID_GetKD
 .text.PI_Controller
                0x080067c4       0x80 ./Middlewares/MotorControl/pid_regulator.o
                0x080067c4                PI_Controller
 .text.PQD_CalcElMotorPower
                0x08006844       0x6c ./Middlewares/MotorControl/pqd_motor_power_measurement.o
                0x08006844                PQD_CalcElMotorPower
 .text.startTimers
                0x080068b0       0x64 ./Middlewares/MotorControl/pwm_common.o
                0x080068b0                startTimers
 .text.waitForPolarizationEnd
                0x08006914       0x4c ./Middlewares/MotorControl/pwm_common.o
                0x08006914                waitForPolarizationEnd
 .text.PWMC_GetPhaseCurrents
                0x08006960        0x4 ./Middlewares/MotorControl/pwm_curr_fdbk.o
                0x08006960                PWMC_GetPhaseCurrents
 .text.PWMC_SetPhaseVoltage
                0x08006964      0x238 ./Middlewares/MotorControl/pwm_curr_fdbk.o
                0x08006964                PWMC_SetPhaseVoltage
 .text.PWMC_SwitchOffPWM
                0x08006b9c        0x4 ./Middlewares/MotorControl/pwm_curr_fdbk.o
                0x08006b9c                PWMC_SwitchOffPWM
 .text.PWMC_CurrentReadingCalibr
                0x08006ba0       0x40 ./Middlewares/MotorControl/pwm_curr_fdbk.o
                0x08006ba0                PWMC_CurrentReadingCalibr
 .text.PWMC_CheckOverCurrent
                0x08006be0        0x4 ./Middlewares/MotorControl/pwm_curr_fdbk.o
                0x08006be0                PWMC_CheckOverCurrent
 .text.RVBS_Clear
                0x08006be4       0x3c ./Middlewares/MotorControl/r_divider_bus_voltage_sensor.o
                0x08006be4                RVBS_Clear
 .text.RVBS_Init
                0x08006c20       0x18 ./Middlewares/MotorControl/r_divider_bus_voltage_sensor.o
                0x08006c20                RVBS_Init
 .text.RVBS_CheckFaultState
                0x08006c38       0x1c ./Middlewares/MotorControl/r_divider_bus_voltage_sensor.o
                0x08006c38                RVBS_CheckFaultState
 .text.RVBS_CalcAvVbus
                0x08006c54       0x60 ./Middlewares/MotorControl/r_divider_bus_voltage_sensor.o
                0x08006c54                RVBS_CalcAvVbus
 .text.REMNG_Init
                0x08006cb4       0x10 ./Middlewares/MotorControl/ramp_ext_mngr.o
                0x08006cb4                REMNG_Init
 .text.RUC_SetPhaseDurationms
                0x08006cc4        0xc ./Middlewares/MotorControl/revup_ctrl.o
                0x08006cc4                RUC_SetPhaseDurationms
 .text.RUC_SetPhaseFinalMecSpeedUnit
                0x08006cd0        0xc ./Middlewares/MotorControl/revup_ctrl.o
                0x08006cd0                RUC_SetPhaseFinalMecSpeedUnit
 .text.RUC_SetPhaseFinalTorque
                0x08006cdc        0xc ./Middlewares/MotorControl/revup_ctrl.o
                0x08006cdc                RUC_SetPhaseFinalTorque
 .text.RUC_GetPhaseDurationms
                0x08006ce8        0xc ./Middlewares/MotorControl/revup_ctrl.o
                0x08006ce8                RUC_GetPhaseDurationms
 .text.RUC_GetPhaseFinalMecSpeedUnit
                0x08006cf4       0x10 ./Middlewares/MotorControl/revup_ctrl.o
                0x08006cf4                RUC_GetPhaseFinalMecSpeedUnit
 .text.RUC_GetPhaseFinalTorque
                0x08006d04       0x10 ./Middlewares/MotorControl/revup_ctrl.o
                0x08006d04                RUC_GetPhaseFinalTorque
 .text.RUC_GetNumberOfPhases
                0x08006d14        0x8 ./Middlewares/MotorControl/revup_ctrl.o
                0x08006d14                RUC_GetNumberOfPhases
 .text.SPD_GetElAngle
                0x08006d1c        0x8 ./Middlewares/MotorControl/speed_pos_fdbk.o
                0x08006d1c                SPD_GetElAngle
 .text.SPD_GetAvrgMecSpeedUnit
                0x08006d24        0x8 ./Middlewares/MotorControl/speed_pos_fdbk.o
                0x08006d24                SPD_GetAvrgMecSpeedUnit
 .text.SPD_GetInstElSpeedDpp
                0x08006d2c        0x8 ./Middlewares/MotorControl/speed_pos_fdbk.o
                0x08006d2c                SPD_GetInstElSpeedDpp
 .text.SPD_IsMecSpeedReliable
                0x08006d34       0x6c ./Middlewares/MotorControl/speed_pos_fdbk.o
                0x08006d34                SPD_IsMecSpeedReliable
 .text.SPD_GetS16Speed
                0x08006da0       0x14 ./Middlewares/MotorControl/speed_pos_fdbk.o
                0x08006da0                SPD_GetS16Speed
 .text.STC_Init
                0x08006db4       0x2c ./Middlewares/MotorControl/speed_torq_ctrl.o
                0x08006db4                STC_Init
 .text.STC_GetSpeedSensor
                0x08006de0        0x4 ./Middlewares/MotorControl/speed_torq_ctrl.o
                0x08006de0                STC_GetSpeedSensor
 .text.STC_Clear
                0x08006de4       0x10 ./Middlewares/MotorControl/speed_torq_ctrl.o
                0x08006de4                STC_Clear
 .text.STC_GetMecSpeedRefUnit
                0x08006df4       0x10 ./Middlewares/MotorControl/speed_torq_ctrl.o
                0x08006df4                STC_GetMecSpeedRefUnit
 .text.STC_GetTorqueRef
                0x08006e04       0x10 ./Middlewares/MotorControl/speed_torq_ctrl.o
                0x08006e04                STC_GetTorqueRef
 .text.STC_SetControlMode
                0x08006e14        0x8 ./Middlewares/MotorControl/speed_torq_ctrl.o
                0x08006e14                STC_SetControlMode
 .text.STC_ExecRamp
                0x08006e1c       0x88 ./Middlewares/MotorControl/speed_torq_ctrl.o
                0x08006e1c                STC_ExecRamp
 .text.STC_StopRamp
                0x08006ea4        0x8 ./Middlewares/MotorControl/speed_torq_ctrl.o
                0x08006ea4                STC_StopRamp
 .text.STC_CalcTorqueReference
                0x08006eac       0x90 ./Middlewares/MotorControl/speed_torq_ctrl.o
                0x08006eac                STC_CalcTorqueReference
 .text.STC_GetMecSpeedRefUnitDefault
                0x08006f3c        0x8 ./Middlewares/MotorControl/speed_torq_ctrl.o
                0x08006f3c                STC_GetMecSpeedRefUnitDefault
 .text.STC_GetMaxAppPositiveMecSpeedUnit
                0x08006f44        0x4 ./Middlewares/MotorControl/speed_torq_ctrl.o
                0x08006f44                STC_GetMaxAppPositiveMecSpeedUnit
 .text.STC_GetMinAppNegativeMecSpeedUnit
                0x08006f48        0x8 ./Middlewares/MotorControl/speed_torq_ctrl.o
                0x08006f48                STC_GetMinAppNegativeMecSpeedUnit
 .text.STC_GetDefaultIqdref
                0x08006f50       0x1c ./Middlewares/MotorControl/speed_torq_ctrl.o
                0x08006f50                STC_GetDefaultIqdref
 .text.STC_ForceSpeedReferenceToCurrentSpeed
                0x08006f6c       0x10 ./Middlewares/MotorControl/speed_torq_ctrl.o
                0x08006f6c                STC_ForceSpeedReferenceToCurrentSpeed
 .text.STM_Init
                0x08006f7c        0xc ./Middlewares/MotorControl/state_machine.o
                0x08006f7c                STM_Init
 .text.STM_FaultProcessing
                0x08006f88       0x44 ./Middlewares/MotorControl/state_machine.o
                0x08006f88                STM_FaultProcessing
 .text.STM_NextState
                0x08006fcc       0xf4 ./Middlewares/MotorControl/state_machine.o
                0x08006fcc                STM_NextState
 .text.STM_GetState
                0x080070c0        0x4 ./Middlewares/MotorControl/state_machine.o
                0x080070c0                STM_GetState
 .text.STM_FaultAcknowledged
                0x080070c4       0x18 ./Middlewares/MotorControl/state_machine.o
                0x080070c4                STM_FaultAcknowledged
 .text.STM_GetFaultState
                0x080070dc        0xc ./Middlewares/MotorControl/state_machine.o
                0x080070dc                STM_GetFaultState
 .text.UFCP_Init
                0x080070e8        0x4 ./Middlewares/MotorControl/usart_frame_communication_protocol.o
                0x080070e8                UFCP_Init
 .text.UFCP_TX_IRQ_Handler
                0x080070ec       0x68 ./Middlewares/MotorControl/usart_frame_communication_protocol.o
                0x080070ec                UFCP_TX_IRQ_Handler
 .text.UFCP_Receive
                0x08007154       0x2c ./Middlewares/MotorControl/usart_frame_communication_protocol.o
                0x08007154                UFCP_Receive
 .text.UFCP_Send
                0x08007180       0xbc ./Middlewares/MotorControl/usart_frame_communication_protocol.o
                0x08007180                UFCP_Send
 .text.UFCP_RX_IRQ_Handler
                0x0800723c       0xcc ./Middlewares/MotorControl/usart_frame_communication_protocol.o
                0x0800723c                UFCP_RX_IRQ_Handler
 .text.UFCP_OVR_IRQ_Handler
                0x08007308       0x20 ./Middlewares/MotorControl/usart_frame_communication_protocol.o
                0x08007308                UFCP_OVR_IRQ_Handler
 .text.UFCP_AbortReceive
                0x08007328        0x8 ./Middlewares/MotorControl/usart_frame_communication_protocol.o
                0x08007328                UFCP_AbortReceive
 .text.GPIO_Init
                0x08007330       0xbc ./UDHAL/UDHAL_GPIO.o
                0x08007330                GPIO_Init
 .text.tail_light_flash
                0x080073ec       0x2c ./UDHAL/UDHAL_GPIO.o
                0x080073ec                tail_light_flash
 .text.tail_light_turnoff
                0x08007418       0x10 ./UDHAL/UDHAL_GPIO.o
                0x08007418                tail_light_turnoff
 .text.SystemClock
                0x08007428       0xd0 ./UDHAL/UDHAL_SYSCLK.o
                0x08007428                SystemClock
 .text.UDHAL_TIMEOUT_Stop
                0x080074f8        0xc ./UDHAL/UDHAL_TIMEOUT.o
 .text.UDHAL_TIMEOUT_Start
                0x08007504       0x10 ./UDHAL/UDHAL_TIMEOUT.o
 .text.UDHAL_TIMEOUT_OVClockFxn
                0x08007514        0x4 ./UDHAL/UDHAL_TIMEOUT.o
                0x08007514                UDHAL_TIMEOUT_OVClockFxn
 .text.UDHAL_TIMEOUT_init
                0x08007518       0x30 ./UDHAL/UDHAL_TIMEOUT.o
                0x08007518                UDHAL_TIMEOUT_init
 .text.UART_Init
                0x08007548       0x38 ./UDHAL/UDHAL_UART.o
                0x08007548                UART_Init
 .text.memset   0x08007580       0x10 C:/ST/STM32CubeIDE_1.12.1/STM32CubeIDE/plugins/com.st.stm32cube.ide.mcu.externaltools.gnu-tools-for-stm32.12.3.rel1.win32_1.0.200.202406191623/tools/bin/../lib/gcc/arm-none-eabi/12.3.1/../../../../arm-none-eabi/lib/thumb/v7e-m+fp/hard\libc_nano.a(libc_a-memset.o)
                0x08007580                memset
 .text._reclaim_reent
                0x08007590       0xac C:/ST/STM32CubeIDE_1.12.1/STM32CubeIDE/plugins/com.st.stm32cube.ide.mcu.externaltools.gnu-tools-for-stm32.12.3.rel1.win32_1.0.200.202406191623/tools/bin/../lib/gcc/arm-none-eabi/12.3.1/../../../../arm-none-eabi/lib/thumb/v7e-m+fp/hard\libc_nano.a(libc_a-reent.o)
                0x08007590                _reclaim_reent
 .text.__libc_init_array
                0x0800763c       0x48 C:/ST/STM32CubeIDE_1.12.1/STM32CubeIDE/plugins/com.st.stm32cube.ide.mcu.externaltools.gnu-tools-for-stm32.12.3.rel1.win32_1.0.200.202406191623/tools/bin/../lib/gcc/arm-none-eabi/12.3.1/../../../../arm-none-eabi/lib/thumb/v7e-m+fp/hard\libc_nano.a(libc_a-init.o)
                0x0800763c                __libc_init_array
 .text.__retarget_lock_acquire_recursive
                0x08007684        0x2 C:/ST/STM32CubeIDE_1.12.1/STM32CubeIDE/plugins/com.st.stm32cube.ide.mcu.externaltools.gnu-tools-for-stm32.12.3.rel1.win32_1.0.200.202406191623/tools/bin/../lib/gcc/arm-none-eabi/12.3.1/../../../../arm-none-eabi/lib/thumb/v7e-m+fp/hard\libc_nano.a(libc_a-lock.o)
                0x08007684                __retarget_lock_acquire_recursive
 .text.__retarget_lock_release_recursive
                0x08007686        0x2 C:/ST/STM32CubeIDE_1.12.1/STM32CubeIDE/plugins/com.st.stm32cube.ide.mcu.externaltools.gnu-tools-for-stm32.12.3.rel1.win32_1.0.200.202406191623/tools/bin/../lib/gcc/arm-none-eabi/12.3.1/../../../../arm-none-eabi/lib/thumb/v7e-m+fp/hard\libc_nano.a(libc_a-lock.o)
                0x08007686                __retarget_lock_release_recursive
 .text._free_r  0x08007688       0x94 C:/ST/STM32CubeIDE_1.12.1/STM32CubeIDE/plugins/com.st.stm32cube.ide.mcu.externaltools.gnu-tools-for-stm32.12.3.rel1.win32_1.0.200.202406191623/tools/bin/../lib/gcc/arm-none-eabi/12.3.1/../../../../arm-none-eabi/lib/thumb/v7e-m+fp/hard\libc_nano.a(libc_a-freer.o)
                0x08007688                _free_r
 .text.__malloc_lock
                0x0800771c        0xc C:/ST/STM32CubeIDE_1.12.1/STM32CubeIDE/plugins/com.st.stm32cube.ide.mcu.externaltools.gnu-tools-for-stm32.12.3.rel1.win32_1.0.200.202406191623/tools/bin/../lib/gcc/arm-none-eabi/12.3.1/../../../../arm-none-eabi/lib/thumb/v7e-m+fp/hard\libc_nano.a(libc_a-mlock.o)
                0x0800771c                __malloc_lock
 .text.__malloc_unlock
                0x08007728        0xc C:/ST/STM32CubeIDE_1.12.1/STM32CubeIDE/plugins/com.st.stm32cube.ide.mcu.externaltools.gnu-tools-for-stm32.12.3.rel1.win32_1.0.200.202406191623/tools/bin/../lib/gcc/arm-none-eabi/12.3.1/../../../../arm-none-eabi/lib/thumb/v7e-m+fp/hard\libc_nano.a(libc_a-mlock.o)
                0x08007728                __malloc_unlock
 *(.glue_7)
 .glue_7        0x08007734        0x0 linker stubs
 *(.glue_7t)
 .glue_7t       0x08007734        0x0 linker stubs
 *(.eh_frame)
 .eh_frame      0x08007734        0x0 C:/ST/STM32CubeIDE_1.12.1/STM32CubeIDE/plugins/com.st.stm32cube.ide.mcu.externaltools.gnu-tools-for-stm32.12.3.rel1.win32_1.0.200.202406191623/tools/bin/../lib/gcc/arm-none-eabi/12.3.1/thumb/v7e-m+fp/hard/crtbegin.o
 *(.init)
 .init          0x08007734        0x4 C:/ST/STM32CubeIDE_1.12.1/STM32CubeIDE/plugins/com.st.stm32cube.ide.mcu.externaltools.gnu-tools-for-stm32.12.3.rel1.win32_1.0.200.202406191623/tools/bin/../lib/gcc/arm-none-eabi/12.3.1/thumb/v7e-m+fp/hard/crti.o
                0x08007734                _init
 .init          0x08007738        0x8 C:/ST/STM32CubeIDE_1.12.1/STM32CubeIDE/plugins/com.st.stm32cube.ide.mcu.externaltools.gnu-tools-for-stm32.12.3.rel1.win32_1.0.200.202406191623/tools/bin/../lib/gcc/arm-none-eabi/12.3.1/thumb/v7e-m+fp/hard/crtn.o
 *(.fini)
 .fini          0x08007740        0x4 C:/ST/STM32CubeIDE_1.12.1/STM32CubeIDE/plugins/com.st.stm32cube.ide.mcu.externaltools.gnu-tools-for-stm32.12.3.rel1.win32_1.0.200.202406191623/tools/bin/../lib/gcc/arm-none-eabi/12.3.1/thumb/v7e-m+fp/hard/crti.o
                0x08007740                _fini
 .fini          0x08007744        0x8 C:/ST/STM32CubeIDE_1.12.1/STM32CubeIDE/plugins/com.st.stm32cube.ide.mcu.externaltools.gnu-tools-for-stm32.12.3.rel1.win32_1.0.200.202406191623/tools/bin/../lib/gcc/arm-none-eabi/12.3.1/thumb/v7e-m+fp/hard/crtn.o
                0x0800774c                        . = ALIGN (0x4)
                0x0800774c                        _etext = .

.vfp11_veneer   0x0800774c        0x0
 .vfp11_veneer  0x0800774c        0x0 linker stubs

.v4_bx          0x0800774c        0x0
 .v4_bx         0x0800774c        0x0 linker stubs

.iplt           0x0800774c        0x0
 .iplt          0x0800774c        0x0 C:/ST/STM32CubeIDE_1.12.1/STM32CubeIDE/plugins/com.st.stm32cube.ide.mcu.externaltools.gnu-tools-for-stm32.12.3.rel1.win32_1.0.200.202406191623/tools/bin/../lib/gcc/arm-none-eabi/12.3.1/thumb/v7e-m+fp/hard/crtbegin.o

.rodata         0x0800774c      0x2e4
                0x0800774c                        . = ALIGN (0x4)
 *(.rodata)
 .rodata        0x0800774c       0x1c ./Application/MainTask/drive_tasks.o
 .rodata        0x08007768       0x38 ./Application/User/main.o
 *(.rodata*)
 .rodata.str1.4
                0x080077a0        0x6 ./Application/MainTask/drive_tasks.o
 *fill*         0x080077a6        0x2 
 .rodata.str1.4
                0x080077a8       0x18 ./Application/User/main.o
 .rodata.hSin_Cos_Table
                0x080077c0      0x200 ./Application/User/mc_math.o
                0x080077c0                hSin_Cos_Table
 .rodata.ICS_ParamsM1
                0x080079c0       0x30 ./Application/User/mc_parameters.o
                0x080079c0                ICS_ParamsM1
 .rodata.s_fwVer
                0x080079f0       0x20 ./Application/User/motorcontrol.o
                0x080079f0                s_fwVer
 .rodata.APBPrescTable
                0x08007a10        0x8 ./Drivers/CMSIS/system_stm32f4xx.o
                0x08007a10                APBPrescTable
 .rodata.AHBPrescTable
                0x08007a18       0x10 ./Drivers/CMSIS/system_stm32f4xx.o
                0x08007a18                AHBPrescTable
 .rodata.UFCP_Usart_Timeout_stop
                0x08007a28        0x2 ./Middlewares/MotorControl/usart_frame_communication_protocol.o
 .rodata.UFCP_Usart_Timeout_start
                0x08007a2a        0x2 ./Middlewares/MotorControl/usart_frame_communication_protocol.o
 .rodata.UFCP_Usart_Timeout_none
                0x08007a2c        0x2 ./Middlewares/MotorControl/usart_frame_communication_protocol.o
                0x08007a30                        . = ALIGN (0x4)
 *fill*         0x08007a2e        0x2 

.ARM.extab      0x08007a30        0x0
                0x08007a30                        . = ALIGN (0x4)
 *(.ARM.extab* .gnu.linkonce.armextab.*)
                0x08007a30                        . = ALIGN (0x4)

.ARM            0x08007a30        0x8
                0x08007a30                        . = ALIGN (0x4)
                0x08007a30                        __exidx_start = .
 *(.ARM.exidx*)
 .ARM.exidx     0x08007a30        0x8 C:/ST/STM32CubeIDE_1.12.1/STM32CubeIDE/plugins/com.st.stm32cube.ide.mcu.externaltools.gnu-tools-for-stm32.12.3.rel1.win32_1.0.200.202406191623/tools/bin/../lib/gcc/arm-none-eabi/12.3.1/thumb/v7e-m+fp/hard\libgcc.a(_udivmoddi4.o)
                0x08007a38                        __exidx_end = .
                0x08007a38                        . = ALIGN (0x4)

.rel.dyn        0x08007a38        0x0
 .rel.iplt      0x08007a38        0x0 C:/ST/STM32CubeIDE_1.12.1/STM32CubeIDE/plugins/com.st.stm32cube.ide.mcu.externaltools.gnu-tools-for-stm32.12.3.rel1.win32_1.0.200.202406191623/tools/bin/../lib/gcc/arm-none-eabi/12.3.1/thumb/v7e-m+fp/hard/crtbegin.o

.preinit_array  0x08007a38        0x0
                0x08007a38                        . = ALIGN (0x4)
                0x08007a38                        PROVIDE (__preinit_array_start = .)
 *(.preinit_array*)
                0x08007a38                        PROVIDE (__preinit_array_end = .)
                0x08007a38                        . = ALIGN (0x4)

.init_array     0x08007a38        0x4
                0x08007a38                        . = ALIGN (0x4)
                0x08007a38                        PROVIDE (__init_array_start = .)
 *(SORT_BY_NAME(.init_array.*))
 *(.init_array*)
 .init_array    0x08007a38        0x4 C:/ST/STM32CubeIDE_1.12.1/STM32CubeIDE/plugins/com.st.stm32cube.ide.mcu.externaltools.gnu-tools-for-stm32.12.3.rel1.win32_1.0.200.202406191623/tools/bin/../lib/gcc/arm-none-eabi/12.3.1/thumb/v7e-m+fp/hard/crtbegin.o
                0x08007a3c                        PROVIDE (__init_array_end = .)
                0x08007a3c                        . = ALIGN (0x4)

.fini_array     0x08007a3c        0x4
                0x08007a3c                        . = ALIGN (0x4)
                [!provide]                        PROVIDE (__fini_array_start = .)
 *(SORT_BY_NAME(.fini_array.*))
 *(.fini_array*)
 .fini_array    0x08007a3c        0x4 C:/ST/STM32CubeIDE_1.12.1/STM32CubeIDE/plugins/com.st.stm32cube.ide.mcu.externaltools.gnu-tools-for-stm32.12.3.rel1.win32_1.0.200.202406191623/tools/bin/../lib/gcc/arm-none-eabi/12.3.1/thumb/v7e-m+fp/hard/crtbegin.o
                [!provide]                        PROVIDE (__fini_array_end = .)
                0x08007a40                        . = ALIGN (0x4)
                0x08007a40                        _sidata = LOADADDR (.data)

.data           0x20000000      0x5d4 load address 0x08007a40
                0x20000000                        . = ALIGN (0x4)
                0x20000000                        _sdata = .
 *(.data)
 *(.data*)
 .data.POWER_ON
                0x20000000        0x1 ./Application/BootAndShutDown/SleepAndWake.o
 *fill*         0x20000001        0x3 
 .data.pUSART   0x20000004      0x13c ./Application/User/mc_config.o
                0x20000004                pUSART
 .data.CircleLimitationM1
                0x20000140       0xb4 ./Application/User/mc_config.o
                0x20000140                CircleLimitationM1
 .data.RampExtMngrHFParamsM1
                0x200001f4       0x18 ./Application/User/mc_config.o
                0x200001f4                RampExtMngrHFParamsM1
 .data.RealBusVoltageSensorParamsM1
                0x2000020c       0x28 ./Application/User/mc_config.o
                0x2000020c                RealBusVoltageSensorParamsM1
 .data.TempSensorParamsM1
                0x20000234       0x28 ./Application/User/mc_config.o
                0x20000234                TempSensorParamsM1
 .data.HALL_M1  0x2000025c       0xc8 ./Application/User/mc_config.o
                0x2000025c                HALL_M1
 .data.PWM_Handle_M1
                0x20000324       0x74 ./Application/User/mc_config.o
                0x20000324                PWM_Handle_M1
 .data.SpeednTorqCtrlM1
                0x20000398       0x34 ./Application/User/mc_config.o
                0x20000398                SpeednTorqCtrlM1
 .data.PIDIdHandle_M1
                0x200003cc       0x2c ./Application/User/mc_config.o
                0x200003cc                PIDIdHandle_M1
 .data.PIDIqHandle_M1
                0x200003f8       0x2c ./Application/User/mc_config.o
                0x200003f8                PIDIqHandle_M1
 .data.PIDSpeedHandle_M1
                0x20000424       0x2c ./Application/User/mc_config.o
                0x20000424                PIDSpeedHandle_M1
 .data.PQD_MotorPowMeasM1
                0x20000450      0x114 ./Application/User/mc_config.o
                0x20000450                PQD_MotorPowMeasM1
 .data.wConfig  0x20000564        0x4 ./Application/User/motorcontrol.o
                0x20000564                wConfig
 .data.bCOMATRTimeCounter
                0x20000568        0x2 ./Application/User/ui_task.o
 *fill*         0x2000056a        0x2 
 .data.SystemCoreClock
                0x2000056c        0x4 ./Drivers/CMSIS/system_stm32f4xx.o
                0x2000056c                SystemCoreClock
 .data.uwTickFreq
                0x20000570        0x1 ./Drivers/STM32F4xx_HAL_Driver/stm32f4xx_hal.o
                0x20000570                uwTickFreq
 *fill*         0x20000571        0x3 
 .data.uwTickPrio
                0x20000574        0x4 ./Drivers/STM32F4xx_HAL_Driver/stm32f4xx_hal.o
                0x20000574                uwTickPrio
 .data.uxCriticalNesting
                0x20000578        0x4 ./Middlewares/FreeRTOS/port.o
 .data.timeoutHandle
                0x2000057c        0x8 ./UDHAL/UDHAL_TIMEOUT.o
 .data._impure_ptr
                0x20000584        0x4 C:/ST/STM32CubeIDE_1.12.1/STM32CubeIDE/plugins/com.st.stm32cube.ide.mcu.externaltools.gnu-tools-for-stm32.12.3.rel1.win32_1.0.200.202406191623/tools/bin/../lib/gcc/arm-none-eabi/12.3.1/../../../../arm-none-eabi/lib/thumb/v7e-m+fp/hard\libc_nano.a(libc_a-impure.o)
                0x20000584                _impure_ptr
 .data._impure_data
                0x20000588       0x4c C:/ST/STM32CubeIDE_1.12.1/STM32CubeIDE/plugins/com.st.stm32cube.ide.mcu.externaltools.gnu-tools-for-stm32.12.3.rel1.win32_1.0.200.202406191623/tools/bin/../lib/gcc/arm-none-eabi/12.3.1/../../../../arm-none-eabi/lib/thumb/v7e-m+fp/hard\libc_nano.a(libc_a-impure.o)
                0x20000588                _impure_data
 *(.RamFunc)
 *(.RamFunc*)
                0x200005d4                        . = ALIGN (0x4)
                0x200005d4                        _edata = .

.igot.plt       0x200005d4        0x0 load address 0x08008014
 .igot.plt      0x200005d4        0x0 C:/ST/STM32CubeIDE_1.12.1/STM32CubeIDE/plugins/com.st.stm32cube.ide.mcu.externaltools.gnu-tools-for-stm32.12.3.rel1.win32_1.0.200.202406191623/tools/bin/../lib/gcc/arm-none-eabi/12.3.1/thumb/v7e-m+fp/hard/crtbegin.o
                0x200005d4                        . = ALIGN (0x4)

.bss            0x200005d8     0x452c load address 0x08008014
                0x200005d8                        _sbss = .
                0x200005d8                        __bss_start__ = _sbss
 *(.bss)
 .bss           0x200005d8       0x1c C:/ST/STM32CubeIDE_1.12.1/STM32CubeIDE/plugins/com.st.stm32cube.ide.mcu.externaltools.gnu-tools-for-stm32.12.3.rel1.win32_1.0.200.202406191623/tools/bin/../lib/gcc/arm-none-eabi/12.3.1/thumb/v7e-m+fp/hard/crtbegin.o
 *(.bss*)
 .bss.torque    0x200005f4        0x2 ./Application/Hardware/brake_and_throttle.o
                0x200005f4                torque
 *fill*         0x200005f6        0x2 
 .bss.ptr_brakeAndThrottle
                0x200005f8        0x4 ./Application/Hardware/brake_and_throttle.o
                0x200005f8                ptr_brakeAndThrottle
 .bss.packetLoss
                0x200005fc        0x1 ./Application/MainTask/PROTOCOL_HANDLER.o
                0x200005fc                packetLoss
 *fill*         0x200005fd        0x3 
 .bss.STM32MCP_protocolHandle
                0x20000600        0x4 ./Application/MainTask/PROTOCOL_HANDLER.o
 .bss.ptr_drive_POWER_ON
                0x20000604        0x4 ./Application/MainTask/drive_tasks.o
 .bss.priority  0x20000608        0x2 ./Application/MainTask/drive_tasks.o
                0x20000608                priority
 *fill*         0x2000060a        0x2 
 .bss.driveHandle
                0x2000060c        0x4 ./Application/MainTask/drive_tasks.o
                0x2000060c                driveHandle
 .bss.ERROR_OCCURRED
                0x20000610        0x1 ./Application/Safety_Protection/ERROR_REPORT.o
                0x20000610                ERROR_OCCURRED
 *fill*         0x20000611        0x3 
 .bss.xIdleStack
                0x20000614      0x200 ./Application/User/freertos.o
 .bss.xIdleTaskTCBBuffer
                0x20000814       0xa0 ./Application/User/freertos.o
 .bss.safetyHandle
                0x200008b4        0x4 ./Application/User/main.o
                0x200008b4                safetyHandle
 .bss.mediumFrequencyHandle
                0x200008b8        0x4 ./Application/User/main.o
                0x200008b8                mediumFrequencyHandle
 .bss.htim2     0x200008bc       0x48 ./Application/User/main.o
                0x200008bc                htim2
 .bss.htim1     0x20000904       0x48 ./Application/User/main.o
                0x20000904                htim1
 .bss.hadc2     0x2000094c       0x48 ./Application/User/main.o
                0x2000094c                hadc2
 .bss.hadc1     0x20000994       0x48 ./Application/User/main.o
                0x20000994                hadc1
 .bss.UI_Params
                0x200009dc       0x18 ./Application/User/mc_config.o
                0x200009dc                UI_Params
 .bss.RealBusVoltageSensorFilterBufferM1
                0x200009f4       0x14 ./Application/User/mc_config.o
                0x200009f4                RealBusVoltageSensorFilterBufferM1
 .bss.bMCBootCompleted
                0x20000a08        0x1 ./Application/User/mc_tasks.o
                0x20000a08                bMCBootCompleted
 *fill*         0x20000a09        0x1 
 .bss.hStopPermanencyCounterM1
                0x20000a0a        0x2 ./Application/User/mc_tasks.o
 .bss.hBootCapDelayCounterM1
                0x20000a0c        0x2 ./Application/User/mc_tasks.o
 .bss.hMFTaskCounterM1
                0x20000a0e        0x2 ./Application/User/mc_tasks.o
 .bss.pREMNG    0x20000a10        0x4 ./Application/User/mc_tasks.o
                0x20000a10                pREMNG
 .bss.pCLM      0x20000a14        0x4 ./Application/User/mc_tasks.o
                0x20000a14                pCLM
 .bss.pMPM      0x20000a18        0x4 ./Application/User/mc_tasks.o
                0x20000a18                pMPM
 .bss.pwmcHandle
                0x20000a1c        0x4 ./Application/User/mc_tasks.o
                0x20000a1c                pwmcHandle
 .bss.pTemperatureSensor
                0x20000a20        0x4 ./Application/User/mc_tasks.o
                0x20000a20                pTemperatureSensor
 .bss.pBusSensorM1
                0x20000a24        0x4 ./Application/User/mc_tasks.o
                0x20000a24                pBusSensorM1
 .bss.pPIDId    0x20000a28        0x4 ./Application/User/mc_tasks.o
                0x20000a28                pPIDId
 .bss.pPIDIq    0x20000a2c        0x4 ./Application/User/mc_tasks.o
                0x20000a2c                pPIDIq
 .bss.pPIDSpeed
                0x20000a30        0x4 ./Application/User/mc_tasks.o
                0x20000a30                pPIDSpeed
 .bss.pSTC      0x20000a34        0x4 ./Application/User/mc_tasks.o
                0x20000a34                pSTC
 .bss.STM       0x20000a38        0x6 ./Application/User/mc_tasks.o
                0x20000a38                STM
 *fill*         0x20000a3e        0x2 
 .bss.MCT       0x20000a40       0x54 ./Application/User/mc_tasks.o
                0x20000a40                MCT
 .bss.oMCInterface
                0x20000a94        0x4 ./Application/User/mc_tasks.o
                0x20000a94                oMCInterface
 .bss.Mci       0x20000a98       0x1c ./Application/User/mc_tasks.o
                0x20000a98                Mci
 .bss.FOCVars   0x20000ab4       0x26 ./Application/User/mc_tasks.o
                0x20000ab4                FOCVars
 *fill*         0x20000ada        0x2 
 .bss.MPInfo    0x20000adc        0x8 ./Application/User/motor_control_protocol.o
                0x20000adc                MPInfo
 .bss.pMCT      0x20000ae4        0x4 ./Application/User/motorcontrol.o
                0x20000ae4                pMCT
 .bss.pMCI      0x20000ae8        0x4 ./Application/User/motorcontrol.o
                0x20000ae8                pMCI
 .bss.RCM_UserConvState
                0x20000aec        0x1 ./Application/User/regular_conversion_manager.o
                0x20000aec                RCM_UserConvState
 *fill*         0x20000aed        0x1 
 .bss.RCM_UserConvValue
                0x20000aee        0x2 ./Application/User/regular_conversion_manager.o
                0x20000aee                RCM_UserConvValue
 .bss.RCM_UserConvHandle
                0x20000af0        0x1 ./Application/User/regular_conversion_manager.o
                0x20000af0                RCM_UserConvHandle
 *fill*         0x20000af1        0x3 
 .bss.RCM_CB_array
                0x20000af4       0x20 ./Application/User/regular_conversion_manager.o
                0x20000af4                RCM_CB_array
 .bss.RCM_handle_array
                0x20000b14       0x10 ./Application/User/regular_conversion_manager.o
                0x20000b14                RCM_handle_array
 .bss.htim6     0x20000b24       0x48 ./Application/User/stm32f4xx_hal_timebase_tim.o
                0x20000b24                htim6
 .bss.bCOMTimeoutCounter
                0x20000b6c        0x2 ./Application/User/ui_task.o
 .bss.bUITaskCounter
                0x20000b6e        0x2 ./Application/User/ui_task.o
 .bss.MCP_UI_Params
                0x20000b70       0xb0 ./Application/User/ui_task.o
                0x20000b70                MCP_UI_Params
 .bss.pMCP      0x20000c20        0x4 ./Application/User/ui_task.o
                0x20000c20                pMCP
 .bss.uwTick    0x20000c24        0x4 ./Drivers/STM32F4xx_HAL_Driver/stm32f4xx_hal.o
                0x20000c24                uwTick
 .bss.xBlockAllocatedBit
                0x20000c28        0x4 ./Middlewares/FreeRTOS/heap_4.o
 .bss.xNumberOfSuccessfulFrees
                0x20000c2c        0x4 ./Middlewares/FreeRTOS/heap_4.o
 .bss.xNumberOfSuccessfulAllocations
                0x20000c30        0x4 ./Middlewares/FreeRTOS/heap_4.o
 .bss.xMinimumEverFreeBytesRemaining
                0x20000c34        0x4 ./Middlewares/FreeRTOS/heap_4.o
 .bss.xFreeBytesRemaining
                0x20000c38        0x4 ./Middlewares/FreeRTOS/heap_4.o
 .bss.pxEnd     0x20000c3c        0x4 ./Middlewares/FreeRTOS/heap_4.o
 .bss.xStart    0x20000c40        0x8 ./Middlewares/FreeRTOS/heap_4.o
 .bss.ucHeap    0x20000c48     0x3c00 ./Middlewares/FreeRTOS/heap_4.o
 .bss.ulMaxPRIGROUPValue
                0x20004848        0x4 ./Middlewares/FreeRTOS/port.o
 .bss.ucMaxSysCallPriority
                0x2000484c        0x1 ./Middlewares/FreeRTOS/port.o
 *fill*         0x2000484d        0x3 
 .bss.uxSchedulerSuspended
                0x20004850        0x4 ./Middlewares/FreeRTOS/tasks.o
 .bss.xNextTaskUnblockTime
                0x20004854        0x4 ./Middlewares/FreeRTOS/tasks.o
 .bss.uxTaskNumber
                0x20004858        0x4 ./Middlewares/FreeRTOS/tasks.o
 .bss.xNumOfOverflows
                0x2000485c        0x4 ./Middlewares/FreeRTOS/tasks.o
 .bss.xYieldPending
                0x20004860        0x4 ./Middlewares/FreeRTOS/tasks.o
 .bss.xPendedTicks
                0x20004864        0x4 ./Middlewares/FreeRTOS/tasks.o
 .bss.xSchedulerRunning
                0x20004868        0x4 ./Middlewares/FreeRTOS/tasks.o
 .bss.uxTopReadyPriority
                0x2000486c        0x4 ./Middlewares/FreeRTOS/tasks.o
 .bss.xTickCount
                0x20004870        0x4 ./Middlewares/FreeRTOS/tasks.o
 .bss.uxCurrentNumberOfTasks
                0x20004874        0x4 ./Middlewares/FreeRTOS/tasks.o
 .bss.xSuspendedTaskList
                0x20004878       0x14 ./Middlewares/FreeRTOS/tasks.o
 .bss.uxDeletedTasksWaitingCleanUp
                0x2000488c        0x4 ./Middlewares/FreeRTOS/tasks.o
 .bss.xTasksWaitingTermination
                0x20004890       0x14 ./Middlewares/FreeRTOS/tasks.o
 .bss.xPendingReadyList
                0x200048a4       0x14 ./Middlewares/FreeRTOS/tasks.o
 .bss.pxOverflowDelayedTaskList
                0x200048b8        0x4 ./Middlewares/FreeRTOS/tasks.o
 .bss.pxDelayedTaskList
                0x200048bc        0x4 ./Middlewares/FreeRTOS/tasks.o
 .bss.xDelayedTaskList2
                0x200048c0       0x14 ./Middlewares/FreeRTOS/tasks.o
 .bss.xDelayedTaskList1
                0x200048d4       0x14 ./Middlewares/FreeRTOS/tasks.o
 .bss.pxReadyTasksLists
                0x200048e8       0x8c ./Middlewares/FreeRTOS/tasks.o
 .bss.pxCurrentTCB
                0x20004974        0x4 ./Middlewares/FreeRTOS/tasks.o
                0x20004974                pxCurrentTCB
 .bss.protocolTimeoutHandle
                0x20004978        0x4 ./UDHAL/UDHAL_TIMEOUT.o
 *fill*         0x2000497c        0x4 
 .bss.huart1    0x20004980       0x44 ./UDHAL/UDHAL_UART.o
                0x20004980                huart1
 .bss.__sf      0x200049c4      0x138 C:/ST/STM32CubeIDE_1.12.1/STM32CubeIDE/plugins/com.st.stm32cube.ide.mcu.externaltools.gnu-tools-for-stm32.12.3.rel1.win32_1.0.200.202406191623/tools/bin/../lib/gcc/arm-none-eabi/12.3.1/../../../../arm-none-eabi/lib/thumb/v7e-m+fp/hard\libc_nano.a(libc_a-findfp.o)
                0x200049c4                __sf
 .bss.__lock___malloc_recursive_mutex
                0x20004afc        0x1 C:/ST/STM32CubeIDE_1.12.1/STM32CubeIDE/plugins/com.st.stm32cube.ide.mcu.externaltools.gnu-tools-for-stm32.12.3.rel1.win32_1.0.200.202406191623/tools/bin/../lib/gcc/arm-none-eabi/12.3.1/../../../../arm-none-eabi/lib/thumb/v7e-m+fp/hard\libc_nano.a(libc_a-lock.o)
                0x20004afc                __lock___malloc_recursive_mutex
 *fill*         0x20004afd        0x3 
 .bss.__malloc_free_list
                0x20004b00        0x4 C:/ST/STM32CubeIDE_1.12.1/STM32CubeIDE/plugins/com.st.stm32cube.ide.mcu.externaltools.gnu-tools-for-stm32.12.3.rel1.win32_1.0.200.202406191623/tools/bin/../lib/gcc/arm-none-eabi/12.3.1/../../../../arm-none-eabi/lib/thumb/v7e-m+fp/hard\libc_nano.a(libc_a-mallocr.o)
                0x20004b00                __malloc_free_list
 *(COMMON)
                0x20004b04                        . = ALIGN (0x4)
                0x20004b04                        _ebss = .
                0x20004b04                        __bss_end__ = _ebss

._user_heap_stack
                0x20004b04      0x604 load address 0x08008014
                0x20004b08                        . = ALIGN (0x8)
 *fill*         0x20004b04        0x4 
                [!provide]                        PROVIDE (end = .)
                0x20004b08                        PROVIDE (_end = .)
                0x20004d08                        . = (. + _Min_Heap_Size)
 *fill*         0x20004b08      0x200 
                0x20005108                        . = (. + _Min_Stack_Size)
 *fill*         0x20004d08      0x400 
                0x20005108                        . = ALIGN (0x8)

/DISCARD/
 libc.a(*)
 libm.a(*)
 libgcc.a(*)

.ARM.attributes
                0x00000000       0x30
 *(.ARM.attributes)
 .ARM.attributes
                0x00000000       0x22 C:/ST/STM32CubeIDE_1.12.1/STM32CubeIDE/plugins/com.st.stm32cube.ide.mcu.externaltools.gnu-tools-for-stm32.12.3.rel1.win32_1.0.200.202406191623/tools/bin/../lib/gcc/arm-none-eabi/12.3.1/thumb/v7e-m+fp/hard/crti.o
 .ARM.attributes
                0x00000022       0x34 C:/ST/STM32CubeIDE_1.12.1/STM32CubeIDE/plugins/com.st.stm32cube.ide.mcu.externaltools.gnu-tools-for-stm32.12.3.rel1.win32_1.0.200.202406191623/tools/bin/../lib/gcc/arm-none-eabi/12.3.1/thumb/v7e-m+fp/hard/crtbegin.o
 .ARM.attributes
                0x00000056       0x30 ./Application/BootAndShutDown/SleepAndWake.o
 .ARM.attributes
                0x00000086       0x30 ./Application/Hardware/brake_and_throttle.o
 .ARM.attributes
                0x000000b6       0x30 ./Application/Hardware/tail_light.o
 .ARM.attributes
                0x000000e6       0x30 ./Application/MainTask/PROTOCOL_HANDLER.o
 .ARM.attributes
                0x00000116       0x30 ./Application/MainTask/drive_tasks.o
 .ARM.attributes
                0x00000146       0x30 ./Application/Safety_Protection/ERROR_REPORT.o
 .ARM.attributes
                0x00000176       0x21 ./Application/Startup/startup_stm32f446retx.o
 .ARM.attributes
                0x00000197       0x30 ./Application/User/freertos.o
 .ARM.attributes
                0x000001c7       0x30 ./Application/User/main.o
 .ARM.attributes
                0x000001f7       0x30 ./Application/User/mc_api.o
 .ARM.attributes
                0x00000227       0x30 ./Application/User/mc_config.o
 .ARM.attributes
                0x00000257       0x30 ./Application/User/mc_interface.o
 .ARM.attributes
                0x00000287       0x30 ./Application/User/mc_math.o
 .ARM.attributes
                0x000002b7       0x30 ./Application/User/mc_parameters.o
 .ARM.attributes
                0x000002e7       0x30 ./Application/User/mc_tasks.o
 .ARM.attributes
                0x00000317       0x30 ./Application/User/motor_control_protocol.o
 .ARM.attributes
                0x00000347       0x30 ./Application/User/motorcontrol.o
 .ARM.attributes
                0x00000377       0x30 ./Application/User/regular_conversion_manager.o
 .ARM.attributes
                0x000003a7       0x30 ./Application/User/stm32f4xx_hal_msp.o
 .ARM.attributes
                0x000003d7       0x30 ./Application/User/stm32f4xx_hal_timebase_tim.o
 .ARM.attributes
                0x00000407       0x30 ./Application/User/stm32f4xx_it.o
 .ARM.attributes
                0x00000437       0x30 ./Application/User/stm32f4xx_mc_it.o
 .ARM.attributes
                0x00000467       0x30 ./Application/User/ui_task.o
 .ARM.attributes
                0x00000497       0x30 ./Application/User/user_interface.o
 .ARM.attributes
                0x000004c7       0x30 ./Drivers/CMSIS/system_stm32f4xx.o
 .ARM.attributes
                0x000004f7       0x30 ./Drivers/STM32F4xx_HAL_Driver/stm32f4xx_hal.o
 .ARM.attributes
                0x00000527       0x30 ./Drivers/STM32F4xx_HAL_Driver/stm32f4xx_hal_adc.o
 .ARM.attributes
                0x00000557       0x30 ./Drivers/STM32F4xx_HAL_Driver/stm32f4xx_hal_adc_ex.o
 .ARM.attributes
                0x00000587       0x30 ./Drivers/STM32F4xx_HAL_Driver/stm32f4xx_hal_cortex.o
 .ARM.attributes
                0x000005b7       0x30 ./Drivers/STM32F4xx_HAL_Driver/stm32f4xx_hal_gpio.o
 .ARM.attributes
                0x000005e7       0x30 ./Drivers/STM32F4xx_HAL_Driver/stm32f4xx_hal_pwr_ex.o
 .ARM.attributes
                0x00000617       0x30 ./Drivers/STM32F4xx_HAL_Driver/stm32f4xx_hal_rcc.o
 .ARM.attributes
                0x00000647       0x30 ./Drivers/STM32F4xx_HAL_Driver/stm32f4xx_hal_rcc_ex.o
 .ARM.attributes
                0x00000677       0x30 ./Drivers/STM32F4xx_HAL_Driver/stm32f4xx_hal_tim.o
 .ARM.attributes
                0x000006a7       0x30 ./Drivers/STM32F4xx_HAL_Driver/stm32f4xx_hal_tim_ex.o
 .ARM.attributes
                0x000006d7       0x30 ./Drivers/STM32F4xx_HAL_Driver/stm32f4xx_hal_uart.o
 .ARM.attributes
                0x00000707       0x30 ./Middlewares/FreeRTOS/cmsis_os.o
 .ARM.attributes
                0x00000737       0x30 ./Middlewares/FreeRTOS/heap_4.o
 .ARM.attributes
                0x00000767       0x30 ./Middlewares/FreeRTOS/list.o
 .ARM.attributes
                0x00000797       0x30 ./Middlewares/FreeRTOS/port.o
 .ARM.attributes
                0x000007c7       0x30 ./Middlewares/FreeRTOS/tasks.o
 .ARM.attributes