C:/Users/Public/Documents/Motor_Control/GENEV_GO_F446/genevGOf446xx/MCSDK_v5.4.8-Full/MotorControl/MCSDK/MCLib/Any/Src/hall_speed_pos_fdbk.c:89:13:HALL_Init	16	static
C:/Users/Public/Documents/Motor_Control/GENEV_GO_F446/genevGOf446xx/MCSDK_v5.4.8-Full/MotorControl/MCSDK/MCLib/Any/Src/hall_speed_pos_fdbk.c:185:13:HALL_Clear	24	static
C:/Users/Public/Documents/Motor_Control/GENEV_GO_F446/genevGOf446xx/MCSDK_v5.4.8-Full/MotorControl/MCSDK/MCLib/Any/Src/hall_speed_pos_fdbk.c:241:16:HALL_CalcElAngle	0	static
C:/Users/Public/Documents/Motor_Control/GENEV_GO_F446/genevGOf446xx/MCSDK_v5.4.8-Full/MotorControl/MCSDK/MCLib/Any/Src/hall_speed_pos_fdbk.c:279:13:HALL_CalcAvrgMecSpeedUnit	16	static
C:/Users/Public/Documents/Motor_Control/GENEV_GO_F446/genevGOf446xx/MCSDK_v5.4.8-Full/MotorControl/MCSDK/MCLib/Any/Src/hall_speed_pos_fdbk.c:359:15:HALL_TIMx_CC_IRQHandler	24	static
C:/Users/Public/Documents/Motor_Control/GENEV_GO_F446/genevGOf446xx/MCSDK_v5.4.8-Full/MotorControl/MCSDK/MCLib/Any/Src/hall_speed_pos_fdbk.c:653:15:HALL_TIMx_UP_IRQHandler	24	static
C:/Users/Public/Documents/Motor_Control/GENEV_GO_F446/genevGOf446xx/MCSDK_v5.4.8-Full/MotorControl/MCSDK/MCLib/Any/Src/hall_speed_pos_fdbk.c:764:13:HALL_SetMecAngle	0	static
C:/Users/Public/Documents/Motor_Control/GENEV_GO_F446/genevGOf446xx/MCSDK_v5.4.8-Full/MotorControl/MCSDK/MCLib/Any/Src/hall_speed_pos_fdbk.c:768:6:HALL_SetState	0	static
C:/Users/Public/Documents/Motor_Control/GENEV_GO_F446/genevGOf446xx/MCSDK_v5.4.8-Full/MotorControl/MCSDK/MCLib/Any/Src/hall_speed_pos_fdbk.c:774:9:HALL_GetState	0	static
C:/Users/Public/Documents/Motor_Control/GENEV_GO_F446/genevGOf446xx/MCSDK_v5.4.8-Full/MotorControl/MCSDK/MCLib/Any/Src/hall_speed_pos_fdbk.c:779:6:HallSensorFail	0	static
