C:/Users/Public/Documents/Motor_Control/GENEV_GO_F446/genevGOf446xx/Src/main.c:480:13:startMediumFrequencyTask	8	static
C:/Users/Public/Documents/Motor_Control/GENEV_GO_F446/genevGOf446xx/Src/main.c:55:6:SystemClock_Config	104	static,ignoring_inline_asm
C:/Users/Public/Documents/Motor_Control/GENEV_GO_F446/genevGOf446xx/Src/main.c:25:5:main	120	static,ignoring_inline_asm
C:/Users/Public/Documents/Motor_Control/GENEV_GO_F446/genevGOf446xx/Src/main.c:499:6:HAL_TIM_PeriodElapsedCallback	0	static
C:/Users/Public/Documents/Motor_Control/GENEV_GO_F446/genevGOf446xx/Src/main.c:516:6:Error_Handler	0	static,ignoring_inline_asm
