C:/Users/Public/Documents/Motor_Control/GENEV_GO_F446/genevGOf446xx/Src/main.c:480:13:startMediumFrequencyTask	1
C:/Users/Public/Documents/Motor_Control/GENEV_GO_F446/genevGOf446xx/Src/main.c:55:6:SystemClock_Config	4
C:/Users/Public/Documents/Motor_Control/GENEV_GO_F446/genevGOf446xx/Src/main.c:25:5:main	21
C:/Users/Public/Documents/Motor_Control/GENEV_GO_F446/genevGOf446xx/Src/main.c:499:6:HAL_TIM_PeriodElapsedCallback	2
C:/Users/Public/Documents/Motor_Control/GENEV_GO_F446/genevGOf446xx/Src/main.c:516:6:Error_Handler	1
