C:/Users/Public/Documents/Motor_Control/GENEV_GO_F446/genevGOf446xx/Src/mc_tasks.c:469:13:FOC_Clear	16	static
C:/Users/Public/Documents/Motor_Control/GENEV_GO_F446/genevGOf446xx/Src/mc_tasks.c:125:13:MCboot	64	static
C:/Users/Public/Documents/Motor_Control/GENEV_GO_F446/genevGOf446xx/Src/mc_tasks.c:505:13:FOC_InitAdditionalMethods	0	static
C:/Users/Public/Documents/Motor_Control/GENEV_GO_F446/genevGOf446xx/Src/mc_tasks.c:522:13:FOC_CalcCurrRef	8	static
C:/Users/Public/Documents/Motor_Control/GENEV_GO_F446/genevGOf446xx/Src/mc_tasks.c:545:13:TSK_SetChargeBootCapDelayM1	0	static
C:/Users/Public/Documents/Motor_Control/GENEV_GO_F446/genevGOf446xx/Src/mc_tasks.c:556:13:TSK_ChargeBootCapDelayHasElapsedM1	0	static
C:/Users/Public/Documents/Motor_Control/GENEV_GO_F446/genevGOf446xx/Src/mc_tasks.c:572:13:TSK_SetStopPermanencyTimeM1	0	static
C:/Users/Public/Documents/Motor_Control/GENEV_GO_F446/genevGOf446xx/Src/mc_tasks.c:583:13:TSK_StopPermanencyTimeHasElapsedM1	0	static
C:/Users/Public/Documents/Motor_Control/GENEV_GO_F446/genevGOf446xx/Src/mc_tasks.c:334:13:TSK_MediumFrequencyTaskM1	24	static
C:/Users/Public/Documents/Motor_Control/GENEV_GO_F446/genevGOf446xx/Src/mc_tasks.c:289:13:MC_Scheduler	16	static
C:/Users/Public/Documents/Motor_Control/GENEV_GO_F446/genevGOf446xx/Src/mc_tasks.c:273:13:MC_RunMotorControlTasks	8	static
C:/Users/Public/Documents/Motor_Control/GENEV_GO_F446/genevGOf446xx/Src/mc_tasks.c:608:16:TSK_HighFrequencyTask	48	static
C:/Users/Public/Documents/Motor_Control/GENEV_GO_F446/genevGOf446xx/Src/mc_tasks.c:721:13:TSK_SafetyTask_PWMOFF	24	static
C:/Users/Public/Documents/Motor_Control/GENEV_GO_F446/genevGOf446xx/Src/mc_tasks.c:698:13:TSK_SafetyTask	8	static
C:/Users/Public/Documents/Motor_Control/GENEV_GO_F446/genevGOf446xx/Src/mc_tasks.c:786:23:GetMCI	0	static
C:/Users/Public/Documents/Motor_Control/GENEV_GO_F446/genevGOf446xx/Src/mc_tasks.c:805:22:GetMCT	0	static
C:/Users/Public/Documents/Motor_Control/GENEV_GO_F446/genevGOf446xx/Src/mc_tasks.c:821:13:TSK_HardwareFaultTask	8	static
C:/Users/Public/Documents/Motor_Control/GENEV_GO_F446/genevGOf446xx/Src/mc_tasks.c:835:6:startMediumFrequencyTask	8	static
C:/Users/Public/Documents/Motor_Control/GENEV_GO_F446/genevGOf446xx/Src/mc_tasks.c:849:6:StartSafetyTask	8	static
C:/Users/Public/Documents/Motor_Control/GENEV_GO_F446/genevGOf446xx/Src/mc_tasks.c:865:13:mc_lock_pins	72	static
