C:/Users/Public/Documents/Motor_Control/GENEV_GO_F446/genevGOf446xx/Src/mc_tasks.c:462:13:FOC_Clear	16	static
C:/Users/Public/Documents/Motor_Control/GENEV_GO_F446/genevGOf446xx/Src/mc_tasks.c:124:13:MCboot	64	static
C:/Users/Public/Documents/Motor_Control/GENEV_GO_F446/genevGOf446xx/Src/mc_tasks.c:498:13:FOC_InitAdditionalMethods	0	static
C:/Users/Public/Documents/Motor_Control/GENEV_GO_F446/genevGOf446xx/Src/mc_tasks.c:515:13:FOC_CalcCurrRef	8	static
C:/Users/Public/Documents/Motor_Control/GENEV_GO_F446/genevGOf446xx/Src/mc_tasks.c:538:13:TSK_SetChargeBootCapDelayM1	0	static
C:/Users/Public/Documents/Motor_Control/GENEV_GO_F446/genevGOf446xx/Src/mc_tasks.c:549:13:TSK_ChargeBootCapDelayHasElapsedM1	0	static
C:/Users/Public/Documents/Motor_Control/GENEV_GO_F446/genevGOf446xx/Src/mc_tasks.c:565:13:TSK_SetStopPermanencyTimeM1	0	static
C:/Users/Public/Documents/Motor_Control/GENEV_GO_F446/genevGOf446xx/Src/mc_tasks.c:576:13:TSK_StopPermanencyTimeHasElapsedM1	0	static
C:/Users/Public/Documents/Motor_Control/GENEV_GO_F446/genevGOf446xx/Src/mc_tasks.c:327:13:TSK_MediumFrequencyTaskM1	24	static
C:/Users/Public/Documents/Motor_Control/GENEV_GO_F446/genevGOf446xx/Src/mc_tasks.c:282:13:MC_Scheduler	16	static
C:/Users/Public/Documents/Motor_Control/GENEV_GO_F446/genevGOf446xx/Src/mc_tasks.c:266:13:MC_RunMotorControlTasks	8	static
C:/Users/Public/Documents/Motor_Control/GENEV_GO_F446/genevGOf446xx/Src/mc_tasks.c:601:16:TSK_HighFrequencyTask	48	static
C:/Users/Public/Documents/Motor_Control/GENEV_GO_F446/genevGOf446xx/Src/mc_tasks.c:715:13:TSK_SafetyTask_PWMOFF	24	static
C:/Users/Public/Documents/Motor_Control/GENEV_GO_F446/genevGOf446xx/Src/mc_tasks.c:691:13:TSK_SafetyTask	8	static
C:/Users/Public/Documents/Motor_Control/GENEV_GO_F446/genevGOf446xx/Src/mc_tasks.c:767:23:GetMCI	0	static
C:/Users/Public/Documents/Motor_Control/GENEV_GO_F446/genevGOf446xx/Src/mc_tasks.c:786:22:GetMCT	0	static
C:/Users/Public/Documents/Motor_Control/GENEV_GO_F446/genevGOf446xx/Src/mc_tasks.c:802:13:TSK_HardwareFaultTask	8	static
C:/Users/Public/Documents/Motor_Control/GENEV_GO_F446/genevGOf446xx/Src/mc_tasks.c:816:6:startMediumFrequencyTask	8	static
C:/Users/Public/Documents/Motor_Control/GENEV_GO_F446/genevGOf446xx/Src/mc_tasks.c:830:6:StartSafetyTask	8	static
C:/Users/Public/Documents/Motor_Control/GENEV_GO_F446/genevGOf446xx/Src/mc_tasks.c:846:13:mc_lock_pins	72	static
