C:/Users/Public/Documents/Motor_Control/GENEV_GO_F446/genevGOf446xx/Src/mc_tasks.c:456:13:FOC_Clear	16	static
C:/Users/Public/Documents/Motor_Control/GENEV_GO_F446/genevGOf446xx/Src/mc_tasks.c:124:13:MCboot	64	static
C:/Users/Public/Documents/Motor_Control/GENEV_GO_F446/genevGOf446xx/Src/mc_tasks.c:492:13:FOC_InitAdditionalMethods	0	static
C:/Users/Public/Documents/Motor_Control/GENEV_GO_F446/genevGOf446xx/Src/mc_tasks.c:509:13:FOC_CalcCurrRef	8	static
C:/Users/Public/Documents/Motor_Control/GENEV_GO_F446/genevGOf446xx/Src/mc_tasks.c:532:13:TSK_SetChargeBootCapDelayM1	0	static
C:/Users/Public/Documents/Motor_Control/GENEV_GO_F446/genevGOf446xx/Src/mc_tasks.c:543:13:TSK_ChargeBootCapDelayHasElapsedM1	0	static
C:/Users/Public/Documents/Motor_Control/GENEV_GO_F446/genevGOf446xx/Src/mc_tasks.c:559:13:TSK_SetStopPermanencyTimeM1	0	static
C:/Users/Public/Documents/Motor_Control/GENEV_GO_F446/genevGOf446xx/Src/mc_tasks.c:570:13:TSK_StopPermanencyTimeHasElapsedM1	0	static
C:/Users/Public/Documents/Motor_Control/GENEV_GO_F446/genevGOf446xx/Src/mc_tasks.c:321:13:TSK_MediumFrequencyTaskM1	24	static
C:/Users/Public/Documents/Motor_Control/GENEV_GO_F446/genevGOf446xx/Src/mc_tasks.c:276:13:MC_Scheduler	16	static
C:/Users/Public/Documents/Motor_Control/GENEV_GO_F446/genevGOf446xx/Src/mc_tasks.c:260:13:MC_RunMotorControlTasks	8	static
C:/Users/Public/Documents/Motor_Control/GENEV_GO_F446/genevGOf446xx/Src/mc_tasks.c:595:16:TSK_HighFrequencyTask	48	static
C:/Users/Public/Documents/Motor_Control/GENEV_GO_F446/genevGOf446xx/Src/mc_tasks.c:708:13:TSK_SafetyTask_PWMOFF	24	static
C:/Users/Public/Documents/Motor_Control/GENEV_GO_F446/genevGOf446xx/Src/mc_tasks.c:685:13:TSK_SafetyTask	8	static
C:/Users/Public/Documents/Motor_Control/GENEV_GO_F446/genevGOf446xx/Src/mc_tasks.c:759:23:GetMCI	0	static
C:/Users/Public/Documents/Motor_Control/GENEV_GO_F446/genevGOf446xx/Src/mc_tasks.c:778:22:GetMCT	0	static
C:/Users/Public/Documents/Motor_Control/GENEV_GO_F446/genevGOf446xx/Src/mc_tasks.c:794:13:TSK_HardwareFaultTask	8	static
C:/Users/Public/Documents/Motor_Control/GENEV_GO_F446/genevGOf446xx/Src/mc_tasks.c:808:6:startMediumFrequencyTask	8	static
C:/Users/Public/Documents/Motor_Control/GENEV_GO_F446/genevGOf446xx/Src/mc_tasks.c:822:6:StartSafetyTask	8	static
C:/Users/Public/Documents/Motor_Control/GENEV_GO_F446/genevGOf446xx/Src/mc_tasks.c:838:13:mc_lock_pins	72	static
