C:/Users/Public/Documents/Motor_Control/GENEV_GO_F446/genevGOf446xx/Src/motor_control_protocol.c:169:13:MCP_ReceivedFrame	72	static
C:/Users/Public/Documents/Motor_Control/GENEV_GO_F446/genevGOf446xx/Src/motor_control_protocol.c:140:13:MCP_WaitNextFrame	8	static
C:/Users/Public/Documents/Motor_Control/GENEV_GO_F446/genevGOf446xx/Src/motor_control_protocol.c:105:13:MCP_Init	24	static
C:/Users/Public/Documents/Motor_Control/GENEV_GO_F446/genevGOf446xx/Src/motor_control_protocol.c:130:13:MCP_OnTimeOut	8	static
C:/Users/Public/Documents/Motor_Control/GENEV_GO_F446/genevGOf446xx/Src/motor_control_protocol.c:155:13:MCP_SentFrame	8	static
C:/Users/Public/Documents/Motor_Control/GENEV_GO_F446/genevGOf446xx/Src/motor_control_protocol.c:818:13:MCP_SendOverrunMessage	16	static
C:/Users/Public/Documents/Motor_Control/GENEV_GO_F446/genevGOf446xx/Src/motor_control_protocol.c:829:13:MCP_SendTimeoutMessage	16	static
C:/Users/Public/Documents/Motor_Control/GENEV_GO_F446/genevGOf446xx/Src/motor_control_protocol.c:840:13:MCP_SendATRMessage	64	static
C:/Users/Public/Documents/Motor_Control/GENEV_GO_F446/genevGOf446xx/Src/motor_control_protocol.c:881:13:MCP_SendBadCRCMessage	16	static
