C:/Users/Public/Documents/Motor_Control/GENEV_GO_F446/genevGOf446xx/Src/motor_control_protocol.c:171:13:MCP_ReceivedFrame	72	static
C:/Users/Public/Documents/Motor_Control/GENEV_GO_F446/genevGOf446xx/Src/motor_control_protocol.c:142:13:MCP_WaitNextFrame	8	static
C:/Users/Public/Documents/Motor_Control/GENEV_GO_F446/genevGOf446xx/Src/motor_control_protocol.c:107:13:MCP_Init	24	static
C:/Users/Public/Documents/Motor_Control/GENEV_GO_F446/genevGOf446xx/Src/motor_control_protocol.c:132:13:MCP_OnTimeOut	8	static
C:/Users/Public/Documents/Motor_Control/GENEV_GO_F446/genevGOf446xx/Src/motor_control_protocol.c:157:13:MCP_SentFrame	8	static
C:/Users/Public/Documents/Motor_Control/GENEV_GO_F446/genevGOf446xx/Src/motor_control_protocol.c:863:13:MCP_SendOverrunMessage	16	static
C:/Users/Public/Documents/Motor_Control/GENEV_GO_F446/genevGOf446xx/Src/motor_control_protocol.c:874:13:MCP_SendTimeoutMessage	16	static
C:/Users/Public/Documents/Motor_Control/GENEV_GO_F446/genevGOf446xx/Src/motor_control_protocol.c:885:13:MCP_SendATRMessage	64	static
C:/Users/Public/Documents/Motor_Control/GENEV_GO_F446/genevGOf446xx/Src/motor_control_protocol.c:926:13:MCP_SendBadCRCMessage	16	static
