C:/Users/Public/Documents/Motor_Control/GENEV_GO_F446/genevGOf446xx/Src/stm32f4xx_hal_msp.c:65:6:HAL_MspInit	8	static
C:/Users/Public/Documents/Motor_Control/GENEV_GO_F446/genevGOf446xx/Src/stm32f4xx_hal_msp.c:89:6:HAL_ADC_MspInit	56	static
C:/Users/Public/Documents/Motor_Control/GENEV_GO_F446/genevGOf446xx/Src/stm32f4xx_hal_msp.c:159:6:HAL_ADC_MspDeInit	8	static
C:/Users/Public/Documents/Motor_Control/GENEV_GO_F446/genevGOf446xx/Src/stm32f4xx_hal_msp.c:230:6:HAL_TIM_Base_MspInit	48	static
C:/Users/Public/Documents/Motor_Control/GENEV_GO_F446/genevGOf446xx/Src/stm32f4xx_hal_msp.c:272:6:HAL_TIM_MspPostInit	48	static
C:/Users/Public/Documents/Motor_Control/GENEV_GO_F446/genevGOf446xx/Src/stm32f4xx_hal_msp.c:317:6:HAL_TIM_Base_MspDeInit	8	static
C:/Users/Public/Documents/Motor_Control/GENEV_GO_F446/genevGOf446xx/Src/stm32f4xx_hal_msp.c:364:6:HAL_UART_MspInit	40	static
C:/Users/Public/Documents/Motor_Control/GENEV_GO_F446/genevGOf446xx/Src/stm32f4xx_hal_msp.c:400:6:HAL_UART_MspDeInit	8	static
