C:/Users/Public/Documents/Motor_Control/GENEV_GO_F446/genevGOf446xx/Src/stm32f4xx_mc_it.c:73:6:ADC_IRQHandler	0	static
C:/Users/Public/Documents/Motor_Control/GENEV_GO_F446/genevGOf446xx/Src/stm32f4xx_mc_it.c:104:6:TIM1_UP_TIM10_IRQHandler	0	static
C:/Users/Public/Documents/Motor_Control/GENEV_GO_F446/genevGOf446xx/Src/stm32f4xx_mc_it.c:122:6:TIM1_BRK_TIM9_IRQHandler	8	static
C:/Users/Public/Documents/Motor_Control/GENEV_GO_F446/genevGOf446xx/Src/stm32f4xx_mc_it.c:145:6:TIM2_IRQHandler	8	static
C:/Users/Public/Documents/Motor_Control/GENEV_GO_F446/genevGOf446xx/Src/stm32f4xx_mc_it.c:188:6:USART1_IRQHandler	16	static
C:/Users/Public/Documents/Motor_Control/GENEV_GO_F446/genevGOf446xx/Src/stm32f4xx_mc_it.c:238:6:HardFault_Handler	16	static
C:/Users/Public/Documents/Motor_Control/GENEV_GO_F446/genevGOf446xx/Src/stm32f4xx_mc_it.c:289:6:EXTI9_5_IRQHandler	0	static
