C:/Users/Public/Documents/Motor_Control/GENEV_GO_F446/genevGOf446xx/Src/user_interface.c:61:13:UI_Init	0	static
C:/Users/Public/Documents/Motor_Control/GENEV_GO_F446/genevGOf446xx/Src/user_interface.c:76:13:UI_SelectMC	0	static
C:/Users/Public/Documents/Motor_Control/GENEV_GO_F446/genevGOf446xx/Src/user_interface.c:95:16:UI_GetSelectedMC	0	static
C:/Users/Public/Documents/Motor_Control/GENEV_GO_F446/genevGOf446xx/Src/user_interface.c:107:17:UI_GetSelectedMCConfig	0	static
C:/Users/Public/Documents/Motor_Control/GENEV_GO_F446/genevGOf446xx/Src/user_interface.c:120:13:UI_SetReg	24	static
C:/Users/Public/Documents/Motor_Control/GENEV_GO_F446/genevGOf446xx/Src/user_interface.c:240:16:UI_GetReg	64	static
C:/Users/Public/Documents/Motor_Control/GENEV_GO_F446/genevGOf446xx/Src/user_interface.c:597:13:UI_ExecCmd	8	static
C:/Users/Public/Documents/Motor_Control/GENEV_GO_F446/genevGOf446xx/Src/user_interface.c:690:13:UI_ExecSpeedRamp	8	static
C:/Users/Public/Documents/Motor_Control/GENEV_GO_F446/genevGOf446xx/Src/user_interface.c:707:13:UI_ExecTorqueRamp	8	static
C:/Users/Public/Documents/Motor_Control/GENEV_GO_F446/genevGOf446xx/Src/user_interface.c:733:13:UI_GetRevupData	24	static
C:/Users/Public/Documents/Motor_Control/GENEV_GO_F446/genevGOf446xx/Src/user_interface.c:764:13:UI_SetRevupData	24	static
C:/Users/Public/Documents/Motor_Control/GENEV_GO_F446/genevGOf446xx/Src/user_interface.c:785:13:UI_SetCurrentReferences	8	static
C:/Users/Public/Documents/Motor_Control/GENEV_GO_F446/genevGOf446xx/Src/user_interface.c:804:13:UI_GetMPInfo	0	static
