C:/Users/Public/Documents/Motor_Control/GENEV_GO_F446/genevGOf446xx/Drivers/STM32F4xx_HAL_Driver/Src/stm32f4xx_hal_flash_ramfunc.c:94:30:HAL_FLASHEx_StopFlashInterfaceClk	8	static
C:/Users/Public/Documents/Motor_Control/GENEV_GO_F446/genevGOf446xx/Drivers/STM32F4xx_HAL_Driver/Src/stm32f4xx_hal_flash_ramfunc.c:111:30:HAL_FLASHEx_StartFlashInterfaceClk	8	static
C:/Users/Public/Documents/Motor_Control/GENEV_GO_F446/genevGOf446xx/Drivers/STM32F4xx_HAL_Driver/Src/stm32f4xx_hal_flash_ramfunc.c:128:30:HAL_FLASHEx_EnableFlashSleepMode	8	static
C:/Users/Public/Documents/Motor_Control/GENEV_GO_F446/genevGOf446xx/Drivers/STM32F4xx_HAL_Driver/Src/stm32f4xx_hal_flash_ramfunc.c:145:30:HAL_FLASHEx_DisableFlashSleepMode	8	static
